DEBUG:pip.utils:lzma module is not available
DEBUG:pip.vcs:Registered VCS backend: git
DEBUG:pip.vcs:Registered VCS backend: hg
DEBUG:pip.vcs:Registered VCS backend: svn
DEBUG:pip.vcs:Registered VCS backend: bzr
DEBUG:pip.utils:lzma module is not available
DEBUG:pip.vcs:Registered VCS backend: git
DEBUG:pip.vcs:Registered VCS backend: hg
DEBUG:pip.vcs:Registered VCS backend: svn
DEBUG:pip.vcs:Registered VCS backend: bzr
DEBUG:pip.utils:lzma module is not available
DEBUG:pip.vcs:Registered VCS backend: git
DEBUG:pip.vcs:Registered VCS backend: hg
DEBUG:pip.vcs:Registered VCS backend: svn
DEBUG:pip.vcs:Registered VCS backend: bzr
DEBUG:pip.utils:lzma module is not available
DEBUG:pip.vcs:Registered VCS backend: git
DEBUG:pip.vcs:Registered VCS backend: hg
DEBUG:pip.vcs:Registered VCS backend: svn
DEBUG:pip.vcs:Registered VCS backend: bzr
DEBUG:pip.utils:lzma module is not available
DEBUG:pip.vcs:Registered VCS backend: git
DEBUG:pip.vcs:Registered VCS backend: hg
DEBUG:pip.vcs:Registered VCS backend: svn
DEBUG:pip.vcs:Registered VCS backend: bzr
DEBUG:root:<pyang.statements.Statement object at 0x103829490>
DEBUG:root:<pyang.statements.Statement object at 0x103b53150>
DEBUG:root:<pyang.statements.Statement object at 0x1037e2c10>
DEBUG:root:<pyang.statements.Statement object at 0x103a9c050>
DEBUG:root:<pyang.statements.Statement object at 0x103b70fd0>
DEBUG:root:<pyang.statements.Statement object at 0x10382f950>
DEBUG:root:<pyang.statements.Statement object at 0x103a517d0>
DEBUG:root:<pyang.statements.Statement object at 0x103a57510>
DEBUG:root:<pyang.statements.Statement object at 0x103afb710>
DEBUG:root:<pyang.statements.Statement object at 0x103a09dd0>
DEBUG:root:<pyang.statements.Statement object at 0x10375e650>
DEBUG:root:<pyang.statements.Statement object at 0x10375eb10>
DEBUG:root:<pyang.statements.Statement object at 0x103799690>
DEBUG:root:<pyang.statements.Statement object at 0x103b4c350>
DEBUG:root:<pyang.statements.Statement object at 0x1039b3790>
DEBUG:root:<pyang.statements.Statement object at 0x103ad3290>
DEBUG:root:<pyang.statements.Statement object at 0x103b10290>
DEBUG:root:<pyang.statements.Statement object at 0x103a8ea10>
DEBUG:root:<pyang.statements.Statement object at 0x103b62b10>
DEBUG:root:<pyang.statements.Statement object at 0x103877650>
DEBUG:root:<pyang.statements.Statement object at 0x103b45990>
DEBUG:root:<pyang.statements.Statement object at 0x1037a74d0>
DEBUG:root:<pyang.statements.Statement object at 0x103a3d790>
DEBUG:root:<pyang.statements.Statement object at 0x103b09cd0>
DEBUG:root:<pyang.statements.Statement object at 0x103930310>
DEBUG:root:<pyang.statements.Statement object at 0x103b79c10>
DEBUG:root:<pyang.statements.Statement object at 0x103ad3650>
DEBUG:root:<pyang.statements.Statement object at 0x103734d50>
DEBUG:root:<pyang.statements.Statement object at 0x1037a09d0>
DEBUG:root:<pyang.statements.Statement object at 0x103877210>
DEBUG:root:<pyang.statements.Statement object at 0x103694e50>
DEBUG:root:<pyang.statements.Statement object at 0x103a31b50>
DEBUG:root:<pyang.statements.Statement object at 0x103b2bf50>
DEBUG:root:<pyang.statements.Statement object at 0x103b85e50>
DEBUG:root:<pyang.statements.Statement object at 0x10388c090>
DEBUG:root:<pyang.statements.Statement object at 0x1039a8850>
DEBUG:root:<pyang.statements.Statement object at 0x103a51ad0>
DEBUG:root:<pyang.statements.Statement object at 0x103a36f50>
DEBUG:root:<pyang.statements.Statement object at 0x10370f950>
DEBUG:root:<pyang.statements.Statement object at 0x103a0e0d0>
DEBUG:root:<pyang.statements.Statement object at 0x1039cead0>
DEBUG:root:<pyang.statements.Statement object at 0x103b53810>
DEBUG:root:<pyang.statements.Statement object at 0x1039baf10>
DEBUG:root:<pyang.statements.Statement object at 0x1039d5950>
DEBUG:root:<pyang.statements.Statement object at 0x103517910>
DEBUG:root:<pyang.statements.Statement object at 0x1037a0310>
DEBUG:root:<pyang.statements.Statement object at 0x10388ced0>
DEBUG:root:<pyang.statements.Statement object at 0x1036a2b90>
DEBUG:root:<pyang.statements.Statement object at 0x103a87a90>
DEBUG:root:<pyang.statements.Statement object at 0x103b79fd0>
DEBUG:root:<pyang.statements.Statement object at 0x103803250>
DEBUG:root:<pyang.statements.Statement object at 0x103b70c90>
DEBUG:root:<pyang.statements.Statement object at 0x103a5fb90>
DEBUG:root:<pyang.statements.Statement object at 0x1037f4510>
DEBUG:root:<pyang.statements.Statement object at 0x103b09350>
DEBUG:root:<pyang.statements.Statement object at 0x1037a7ad0>
DEBUG:root:<pyang.statements.Statement object at 0x10378ed10>
DEBUG:root:<pyang.statements.Statement object at 0x10378e690>
DEBUG:root:<pyang.statements.Statement object at 0x10398d6d0>
DEBUG:root:<pyang.statements.Statement object at 0x1037848d0>
DEBUG:root:<pyang.statements.Statement object at 0x103ab06d0>
DEBUG:root:<pyang.statements.Statement object at 0x103985e50>
DEBUG:root:<pyang.statements.Statement object at 0x1037e2fd0>
DEBUG:root:<pyang.statements.Statement object at 0x103b53410>
DEBUG:root:<pyang.statements.Statement object at 0x103a9cf10>
DEBUG:root:<pyang.statements.Statement object at 0x103a81fd0>
DEBUG:root:<pyang.statements.Statement object at 0x1038082d0>
DEBUG:root:<pyang.statements.Statement object at 0x103843390>
DEBUG:root:<pyang.statements.Statement object at 0x1038e1350>
DEBUG:root:<pyang.statements.Statement object at 0x10385c350>
DEBUG:root:<pyang.statements.Statement object at 0x103a940d0>
DEBUG:root:<pyang.statements.Statement object at 0x103891a50>
DEBUG:root:<pyang.statements.Statement object at 0x10384fb50>
DEBUG:root:<pyang.statements.Statement object at 0x103a02390>
DEBUG:root:<pyang.statements.Statement object at 0x103870410>
DEBUG:root:<pyang.statements.Statement object at 0x103b10c90>
DEBUG:root:<pyang.statements.Statement object at 0x103b37e50>
DEBUG:root:<pyang.statements.Statement object at 0x103b02a90>
DEBUG:root:<pyang.statements.Statement object at 0x103b5b950>
DEBUG:root:<pyang.statements.Statement object at 0x103891e50>
DEBUG:root:<pyang.statements.Statement object at 0x103901a10>
DEBUG:root:<pyang.statements.Statement object at 0x10375e050>
DEBUG:root:<pyang.statements.Statement object at 0x103a81410>
DEBUG:root:<pyang.statements.Statement object at 0x103b3e650>
DEBUG:root:<pyang.statements.Statement object at 0x103877a10>
DEBUG:root:<pyang.statements.Statement object at 0x10385cfd0>
DEBUG:root:<pyang.statements.Statement object at 0x103815ad0>
DEBUG:root:<pyang.statements.Statement object at 0x103877dd0>
DEBUG:root:<pyang.statements.Statement object at 0x103a57e90>
DEBUG:root:<pyang.statements.Statement object at 0x103964ad0>
DEBUG:root:<pyang.statements.Statement object at 0x103a94c90>
DEBUG:root:<pyang.statements.Statement object at 0x103b5b5d0>
DEBUG:root:<pyang.statements.Statement object at 0x103992710>
DEBUG:root:<pyang.statements.Statement object at 0x103a44ed0>
DEBUG:root:<pyang.statements.Statement object at 0x10375e2d0>
DEBUG:root:<pyang.statements.Statement object at 0x103808610>
DEBUG:root:<pyang.statements.Statement object at 0x103734b90>
DEBUG:root:<pyang.statements.Statement object at 0x103a6dd10>
DEBUG:root:<pyang.statements.Statement object at 0x103aa3e10>
DEBUG:root:<pyang.statements.Statement object at 0x103b5b050>
DEBUG:root:<pyang.statements.Statement object at 0x1037fc390>
DEBUG:root:<pyang.statements.Statement object at 0x103a15b50>
DEBUG:root:<pyang.statements.Statement object at 0x103a5f450>
DEBUG:root:<pyang.statements.Statement object at 0x103784490>
DEBUG:root:<pyang.statements.Statement object at 0x103a3d390>
DEBUG:root:<pyang.statements.Statement object at 0x103af5d90>
DEBUG:root:<pyang.statements.Statement object at 0x103694b10>
DEBUG:root:<pyang.statements.Statement object at 0x1038495d0>
DEBUG:root:<pyang.statements.Statement object at 0x103a57bd0>
DEBUG:root:<pyang.statements.Statement object at 0x103a87390>
DEBUG:root:<pyang.statements.Statement object at 0x10386b310>
DEBUG:root:<pyang.statements.Statement object at 0x103ab02d0>
DEBUG:root:<pyang.statements.Statement object at 0x1038bb090>
DEBUG:root:<pyang.statements.Statement object at 0x103af5a10>
DEBUG:root:<pyang.statements.Statement object at 0x103b3ed50>
DEBUG:root:<pyang.statements.Statement object at 0x103b45150>
DEBUG:root:<pyang.statements.Statement object at 0x103b69f50>
DEBUG:root:<pyang.statements.Statement object at 0x1039c0e10>
DEBUG:root:<pyang.statements.Statement object at 0x103b3e9d0>
DEBUG:root:<pyang.statements.Statement object at 0x10385cc50>
DEBUG:root:<pyang.statements.Statement object at 0x103a51dd0>
DEBUG:root:<pyang.statements.Statement object at 0x103ab85d0>
DEBUG:root:<pyang.statements.Statement object at 0x103a4ac90>
DEBUG:root:<pyang.statements.Statement object at 0x1036944d0>
DEBUG:root:<pyang.statements.Statement object at 0x103a5f7d0>
DEBUG:root:<pyang.statements.Statement object at 0x103a312d0>
DEBUG:root:<pyang.statements.Statement object at 0x1037e7910>
DEBUG:root:<pyang.statements.Statement object at 0x103a36c10>
DEBUG:root:<pyang.statements.Statement object at 0x1039ae5d0>
DEBUG:root:<pyang.statements.Statement object at 0x103ad93d0>
DEBUG:root:<pyang.statements.Statement object at 0x103accf10>
DEBUG:root:<pyang.statements.Statement object at 0x103799d90>
DEBUG:root:<pyang.statements.Statement object at 0x103a6d190>
DEBUG:root:<pyang.statements.Statement object at 0x10381cf90>
DEBUG:root:<pyang.statements.Statement object at 0x1039f4b90>
DEBUG:root:<pyang.statements.Statement object at 0x103ae0890>
DEBUG:root:<pyang.statements.Statement object at 0x10375ee10>
DEBUG:root:<pyang.statements.Statement object at 0x1039dbbd0>
DEBUG:root:<pyang.statements.Statement object at 0x10369be50>
DEBUG:root:<pyang.statements.Statement object at 0x1039ee390>
DEBUG:root:<pyang.statements.Statement object at 0x103835b90>
DEBUG:root:<pyang.statements.Statement object at 0x103b3e250>
DEBUG:root:<pyang.statements.Statement object at 0x103a44390>
DEBUG:root:<pyang.statements.Statement object at 0x103ad3d90>
DEBUG:root:<pyang.statements.Statement object at 0x103808990>
DEBUG:root:<pyang.statements.Statement object at 0x103b62e10>
DEBUG:root:<pyang.statements.Statement object at 0x1039ae290>
DEBUG:root:<pyang.statements.Statement object at 0x103b795d0>
DEBUG:root:<pyang.statements.Statement object at 0x103a215d0>
DEBUG:root:<pyang.statements.Statement object at 0x1037a0d50>
DEBUG:root:<pyang.statements.Statement object at 0x103aa9bd0>
DEBUG:root:<pyang.statements.Statement object at 0x1039e2a90>
DEBUG:root:<pyang.statements.Statement object at 0x103a943d0>
DEBUG:pip.utils:lzma module is not available
DEBUG:pip.vcs:Registered VCS backend: git
DEBUG:pip.vcs:Registered VCS backend: hg
DEBUG:pip.vcs:Registered VCS backend: svn
DEBUG:pip.vcs:Registered VCS backend: bzr
DEBUG:root:<pyang.statements.Statement object at 0x103b7d490>
DEBUG:root:

DEBUG:root:<pyang.statements.Statement object at 0x103ea7150>
DEBUG:root:

DEBUG:root:<pyang.statements.Statement object at 0x103b36c10>
DEBUG:root:

DEBUG:root:<pyang.statements.Statement object at 0x103df0050>
DEBUG:root:

DEBUG:root:<pyang.statements.Statement object at 0x103ec4fd0>
DEBUG:root:

DEBUG:root:<pyang.statements.Statement object at 0x103b83950>
DEBUG:root:

DEBUG:root:<pyang.statements.Statement object at 0x103da57d0>
DEBUG:root:

DEBUG:root:<pyang.statements.Statement object at 0x103dab510>
DEBUG:root:

DEBUG:root:<pyang.statements.Statement object at 0x103e4f710>
DEBUG:root:

DEBUG:root:<pyang.statements.Statement object at 0x103d5ddd0>
DEBUG:root:

DEBUG:root:<pyang.statements.Statement object at 0x103ab2650>
DEBUG:root:

DEBUG:root:<pyang.statements.Statement object at 0x103ab2b10>
DEBUG:root:

DEBUG:root:<pyang.statements.Statement object at 0x103aed690>
DEBUG:root:

DEBUG:root:<pyang.statements.Statement object at 0x103ea0350>
DEBUG:root:

DEBUG:root:<pyang.statements.Statement object at 0x103d07790>
DEBUG:root:

DEBUG:root:<pyang.statements.Statement object at 0x103e27290>
DEBUG:root:

DEBUG:root:<pyang.statements.Statement object at 0x103e64290>
DEBUG:root:

DEBUG:root:<pyang.statements.Statement object at 0x103de2a10>
DEBUG:root:

DEBUG:root:<pyang.statements.Statement object at 0x103eb6b10>
DEBUG:root:

DEBUG:root:<pyang.statements.Statement object at 0x103bcb650>
DEBUG:root:

DEBUG:root:<pyang.statements.Statement object at 0x103e99990>
DEBUG:root:

DEBUG:root:<pyang.statements.Statement object at 0x103afb4d0>
DEBUG:root:

DEBUG:root:<pyang.statements.Statement object at 0x103d91790>
DEBUG:root:

DEBUG:root:<pyang.statements.Statement object at 0x103e5dcd0>
DEBUG:root:

DEBUG:root:<pyang.statements.Statement object at 0x103c84310>
DEBUG:root:

DEBUG:root:<pyang.statements.Statement object at 0x103ecdc10>
DEBUG:root:

DEBUG:root:<pyang.statements.Statement object at 0x103e27650>
DEBUG:root:

DEBUG:root:<pyang.statements.Statement object at 0x103a88d50>
DEBUG:root:

DEBUG:root:<pyang.statements.Statement object at 0x103af49d0>
DEBUG:root:

DEBUG:root:<pyang.statements.Statement object at 0x103bcb210>
DEBUG:root:

DEBUG:root:<pyang.statements.Statement object at 0x1039e5e50>
DEBUG:root:

DEBUG:root:<pyang.statements.Statement object at 0x103d85b50>
DEBUG:root:

DEBUG:root:<pyang.statements.Statement object at 0x103e7ff50>
DEBUG:root:

DEBUG:root:<pyang.statements.Statement object at 0x103ed9e50>
DEBUG:root:

DEBUG:root:<pyang.statements.Statement object at 0x103be0090>
DEBUG:root:

DEBUG:root:<pyang.statements.Statement object at 0x103cfc850>
DEBUG:root:

DEBUG:root:<pyang.statements.Statement object at 0x103da5ad0>
DEBUG:root:

DEBUG:root:<pyang.statements.Statement object at 0x103d8af50>
DEBUG:root:

DEBUG:root:<pyang.statements.Statement object at 0x103a63950>
DEBUG:root:

DEBUG:root:<pyang.statements.Statement object at 0x103d620d0>
DEBUG:root:

DEBUG:root:<pyang.statements.Statement object at 0x103d22ad0>
DEBUG:root:

DEBUG:root:<pyang.statements.Statement object at 0x103ea7810>
DEBUG:root:

DEBUG:root:<pyang.statements.Statement object at 0x103d0ef10>
DEBUG:root:

DEBUG:root:<pyang.statements.Statement object at 0x103d29950>
DEBUG:root:

DEBUG:root:<pyang.statements.Statement object at 0x10386a910>
DEBUG:root:

DEBUG:root:<pyang.statements.Statement object at 0x103af4310>
DEBUG:root:

DEBUG:root:<pyang.statements.Statement object at 0x103be0ed0>
DEBUG:root:

DEBUG:root:<pyang.statements.Statement object at 0x1039f5b90>
DEBUG:root:

DEBUG:root:<pyang.statements.Statement object at 0x103ddba90>
DEBUG:root:

DEBUG:root:<pyang.statements.Statement object at 0x103ecdfd0>
DEBUG:root:

DEBUG:root:<pyang.statements.Statement object at 0x103b57250>
DEBUG:root:

DEBUG:root:<pyang.statements.Statement object at 0x103ec4c90>
DEBUG:root:

DEBUG:root:<pyang.statements.Statement object at 0x103db3b90>
DEBUG:root:

DEBUG:root:<pyang.statements.Statement object at 0x103b48510>
DEBUG:root:

DEBUG:root:<pyang.statements.Statement object at 0x103e5d350>
DEBUG:root:

DEBUG:root:<pyang.statements.Statement object at 0x103afbad0>
DEBUG:root:

DEBUG:root:<pyang.statements.Statement object at 0x103ae2d10>
DEBUG:root:

DEBUG:root:<pyang.statements.Statement object at 0x103ae2690>
DEBUG:root:

DEBUG:root:<pyang.statements.Statement object at 0x103ce16d0>
DEBUG:root:

DEBUG:root:<pyang.statements.Statement object at 0x103ad88d0>
DEBUG:root:

DEBUG:root:<pyang.statements.Statement object at 0x103e046d0>
DEBUG:root:

DEBUG:root:<pyang.statements.Statement object at 0x103cd9e50>
DEBUG:root:

DEBUG:root:<pyang.statements.Statement object at 0x103b36fd0>
DEBUG:root:

DEBUG:root:<pyang.statements.Statement object at 0x103ea7410>
DEBUG:root:

DEBUG:root:<pyang.statements.Statement object at 0x103df0f10>
DEBUG:root:

DEBUG:root:<pyang.statements.Statement object at 0x103dd5fd0>
DEBUG:root:

DEBUG:root:<pyang.statements.Statement object at 0x103b5c2d0>
DEBUG:root:

DEBUG:root:<pyang.statements.Statement object at 0x103b97390>
DEBUG:root:

DEBUG:root:<pyang.statements.Statement object at 0x103c35350>
DEBUG:root:

DEBUG:root:<pyang.statements.Statement object at 0x103bb0350>
DEBUG:root:

DEBUG:root:<pyang.statements.Statement object at 0x103de80d0>
DEBUG:root:

DEBUG:root:<pyang.statements.Statement object at 0x103be5a50>
DEBUG:root:

DEBUG:root:<pyang.statements.Statement object at 0x103ba3b50>
DEBUG:root:

DEBUG:root:<pyang.statements.Statement object at 0x103d56390>
DEBUG:root:

DEBUG:root:<pyang.statements.Statement object at 0x103bc4410>
DEBUG:root:

DEBUG:root:<pyang.statements.Statement object at 0x103e64c90>
DEBUG:root:

DEBUG:root:<pyang.statements.Statement object at 0x103e8be50>
DEBUG:root:

DEBUG:root:<pyang.statements.Statement object at 0x103e56a90>
DEBUG:root:

DEBUG:root:<pyang.statements.Statement object at 0x103eaf950>
DEBUG:root:

DEBUG:root:<pyang.statements.Statement object at 0x103be5e50>
DEBUG:root:

DEBUG:root:<pyang.statements.Statement object at 0x103c55a10>
DEBUG:root:

DEBUG:root:<pyang.statements.Statement object at 0x103ab2050>
DEBUG:root:

DEBUG:root:<pyang.statements.Statement object at 0x103dd5410>
DEBUG:root:

DEBUG:root:<pyang.statements.Statement object at 0x103e92650>
DEBUG:root:

DEBUG:root:<pyang.statements.Statement object at 0x103bcba10>
DEBUG:root:

DEBUG:root:<pyang.statements.Statement object at 0x103bb0fd0>
DEBUG:root:

DEBUG:root:<pyang.statements.Statement object at 0x103b69ad0>
DEBUG:root:

DEBUG:root:<pyang.statements.Statement object at 0x103bcbdd0>
DEBUG:root:

DEBUG:root:<pyang.statements.Statement object at 0x103dabe90>
DEBUG:root:

DEBUG:root:<pyang.statements.Statement object at 0x103cb8ad0>
DEBUG:root:

DEBUG:root:<pyang.statements.Statement object at 0x103de8c90>
DEBUG:root:

DEBUG:root:<pyang.statements.Statement object at 0x103eaf5d0>
DEBUG:root:

DEBUG:root:<pyang.statements.Statement object at 0x103ce6710>
DEBUG:root:

DEBUG:root:<pyang.statements.Statement object at 0x103d98ed0>
DEBUG:root:

DEBUG:root:<pyang.statements.Statement object at 0x103ab22d0>
DEBUG:root:

DEBUG:root:<pyang.statements.Statement object at 0x103b5c610>
DEBUG:root:

DEBUG:root:<pyang.statements.Statement object at 0x103a88b90>
DEBUG:root:

DEBUG:root:<pyang.statements.Statement object at 0x103dc1d10>
DEBUG:root:

DEBUG:root:<pyang.statements.Statement object at 0x103df7e10>
DEBUG:root:

DEBUG:root:<pyang.statements.Statement object at 0x103eaf050>
DEBUG:root:

DEBUG:root:<pyang.statements.Statement object at 0x103b50390>
DEBUG:root:

DEBUG:root:<pyang.statements.Statement object at 0x103d69b50>
DEBUG:root:

DEBUG:root:<pyang.statements.Statement object at 0x103db3450>
DEBUG:root:

DEBUG:root:<pyang.statements.Statement object at 0x103ad8490>
DEBUG:root:

DEBUG:root:<pyang.statements.Statement object at 0x103d91390>
DEBUG:root:

DEBUG:root:<pyang.statements.Statement object at 0x103e49d90>
DEBUG:root:

DEBUG:root:<pyang.statements.Statement object at 0x1039e5b10>
DEBUG:root:

DEBUG:root:<pyang.statements.Statement object at 0x103b9d5d0>
DEBUG:root:

DEBUG:root:<pyang.statements.Statement object at 0x103dabbd0>
DEBUG:root:

DEBUG:root:<pyang.statements.Statement object at 0x103ddb390>
DEBUG:root:

DEBUG:root:<pyang.statements.Statement object at 0x103bbf310>
DEBUG:root:

DEBUG:root:<pyang.statements.Statement object at 0x103e042d0>
DEBUG:root:

DEBUG:root:<pyang.statements.Statement object at 0x103c0f090>
DEBUG:root:

DEBUG:root:<pyang.statements.Statement object at 0x103e49a10>
DEBUG:root:

DEBUG:root:<pyang.statements.Statement object at 0x103e92d50>
DEBUG:root:

DEBUG:root:<pyang.statements.Statement object at 0x103e99150>
DEBUG:root:

DEBUG:root:<pyang.statements.Statement object at 0x103ebdf50>
DEBUG:root:

DEBUG:root:<pyang.statements.Statement object at 0x103d14e10>
DEBUG:root:

DEBUG:root:<pyang.statements.Statement object at 0x103e929d0>
DEBUG:root:

DEBUG:root:<pyang.statements.Statement object at 0x103bb0c50>
DEBUG:root:

DEBUG:root:<pyang.statements.Statement object at 0x103da5dd0>
DEBUG:root:

DEBUG:root:<pyang.statements.Statement object at 0x103e0c5d0>
DEBUG:root:

DEBUG:root:<pyang.statements.Statement object at 0x103d9ec90>
DEBUG:root:

DEBUG:root:<pyang.statements.Statement object at 0x1039e54d0>
DEBUG:root:

DEBUG:root:<pyang.statements.Statement object at 0x103db37d0>
DEBUG:root:

DEBUG:root:<pyang.statements.Statement object at 0x103d852d0>
DEBUG:root:

DEBUG:root:<pyang.statements.Statement object at 0x103b3b910>
DEBUG:root:

DEBUG:root:<pyang.statements.Statement object at 0x103d8ac10>
DEBUG:root:

DEBUG:root:<pyang.statements.Statement object at 0x103d025d0>
DEBUG:root:

DEBUG:root:<pyang.statements.Statement object at 0x103e2d3d0>
DEBUG:root:

DEBUG:root:<pyang.statements.Statement object at 0x103e20f10>
DEBUG:root:

DEBUG:root:<pyang.statements.Statement object at 0x103aedd90>
DEBUG:root:

DEBUG:root:<pyang.statements.Statement object at 0x103dc1190>
DEBUG:root:

DEBUG:root:<pyang.statements.Statement object at 0x103b70f90>
DEBUG:root:

DEBUG:root:<pyang.statements.Statement object at 0x103d48b90>
DEBUG:root:

DEBUG:root:<pyang.statements.Statement object at 0x103e34890>
DEBUG:root:

DEBUG:root:<pyang.statements.Statement object at 0x103ab2e10>
DEBUG:root:

DEBUG:root:<pyang.statements.Statement object at 0x103d2fbd0>
DEBUG:root:

DEBUG:root:<pyang.statements.Statement object at 0x1039eee50>
DEBUG:root:

DEBUG:root:<pyang.statements.Statement object at 0x103d42390>
DEBUG:root:

DEBUG:root:<pyang.statements.Statement object at 0x103b89b90>
DEBUG:root:

DEBUG:root:<pyang.statements.Statement object at 0x103e92250>
DEBUG:root:

DEBUG:root:<pyang.statements.Statement object at 0x103d98390>
DEBUG:root:

DEBUG:root:<pyang.statements.Statement object at 0x103e27d90>
DEBUG:root:

DEBUG:root:<pyang.statements.Statement object at 0x103b5c990>
DEBUG:root:

DEBUG:root:<pyang.statements.Statement object at 0x103eb6e10>
DEBUG:root:

DEBUG:root:<pyang.statements.Statement object at 0x103d02290>
DEBUG:root:

DEBUG:root:<pyang.statements.Statement object at 0x103ecd5d0>
DEBUG:root:

DEBUG:root:<pyang.statements.Statement object at 0x103d755d0>
DEBUG:root:

DEBUG:root:<pyang.statements.Statement object at 0x103af4d50>
DEBUG:root:

DEBUG:root:<pyang.statements.Statement object at 0x103dfdbd0>
DEBUG:root:

DEBUG:root:<pyang.statements.Statement object at 0x103d36a90>
DEBUG:root:

DEBUG:root:<pyang.statements.Statement object at 0x103de83d0>
DEBUG:root:

DEBUG:pip.utils:lzma module is not available
DEBUG:pip.vcs:Registered VCS backend: git
DEBUG:pip.vcs:Registered VCS backend: hg
DEBUG:pip.vcs:Registered VCS backend: svn
DEBUG:pip.vcs:Registered VCS backend: bzr
DEBUG:root:[<pyang.statements.Statement object at 0x1082c8510>, <pyang.statements.Statement object at 0x1082c8790>, <pyang.statements.Statement object at 0x1082c8a10>, <pyang.statements.Statement object at 0x1082c8c90>, <pyang.statements.Statement object at 0x1082c8f10>, <pyang.statements.Statement object at 0x1082ce1d0>, <pyang.statements.Statement object at 0x1082ce450>, <pyang.statements.Statement object at 0x1082ce6d0>]
DEBUG:root:

DEBUG:root:[<pyang.statements.Statement object at 0x1085f21d0>, <pyang.statements.Statement object at 0x108214b50>]
DEBUG:root:

DEBUG:root:[<pyang.statements.Statement object at 0x108281c90>, <pyang.statements.Statement object at 0x108281d50>]
DEBUG:root:

DEBUG:root:[<pyang.statements.Statement object at 0x10853b0d0>, <pyang.statements.Statement object at 0x1081fd7d0>, <pyang.statements.Statement object at 0x1081fd810>, <pyang.statements.Statement object at 0x10853b5d0>, <pyang.statements.Statement object at 0x1081fd850>]
DEBUG:root:

DEBUG:root:[<pyang.statements.Statement object at 0x108618050>, <pyang.statements.Statement object at 0x1086180d0>, <pyang.statements.Statement object at 0x1082236d0>, <pyang.statements.Statement object at 0x108223710>]
DEBUG:root:

DEBUG:root:[<pyang.statements.Statement object at 0x1082ce9d0>, <pyang.statements.Statement object at 0x1082cec50>, <pyang.statements.Statement object at 0x1082ceed0>, <pyang.statements.Statement object at 0x1082d4190>, <pyang.statements.Statement object at 0x1082d4410>, <pyang.statements.Statement object at 0x1082d4690>, <pyang.statements.Statement object at 0x1082d4910>]
DEBUG:root:

DEBUG:root:[<pyang.statements.Statement object at 0x1084f0850>, <pyang.statements.Statement object at 0x1084f08d0>]
DEBUG:root:

DEBUG:root:[<pyang.statements.Statement object at 0x1084f6550>, <pyang.statements.Statement object at 0x1084f65d0>]
DEBUG:root:

DEBUG:root:[<pyang.statements.Statement object at 0x10859a790>, <pyang.statements.Statement object at 0x10859a810>, <pyang.statements.Statement object at 0x10859aa90>, <pyang.statements.Statement object at 0x10859ad10>, <pyang.statements.Statement object at 0x108214110>]
DEBUG:root:

DEBUG:root:[<pyang.statements.Statement object at 0x1084a8e50>]
DEBUG:root:

DEBUG:root:[<pyang.statements.Statement object at 0x10852d490>, <pyang.statements.Statement object at 0x10852d510>]
DEBUG:root:

DEBUG:root:[<pyang.statements.Statement object at 0x108557f10>, <pyang.statements.Statement object at 0x108557f90>, <pyang.statements.Statement object at 0x1081fdb50>, <pyang.statements.Statement object at 0x10855c490>, <pyang.statements.Statement object at 0x10855c710>, <pyang.statements.Statement object at 0x10855c990>, <pyang.statements.Statement object at 0x10855cc10>, <pyang.statements.Statement object at 0x10855ce90>, <pyang.statements.Statement object at 0x1081fdb90>, <pyang.statements.Statement object at 0x108564390>, <pyang.statements.Statement object at 0x108564590>, <pyang.statements.Statement object at 0x108564890>, <pyang.statements.Statement object at 0x108564b10>, <pyang.statements.Statement object at 0x108564d90>, <pyang.statements.Statement object at 0x10856b050>, <pyang.statements.Statement object at 0x10856b2d0>, <pyang.statements.Statement object at 0x1081fdbd0>, <pyang.statements.Statement object at 0x10856b790>, <pyang.statements.Statement object at 0x1081fdc10>, <pyang.statements.Statement object at 0x10856bc50>, <pyang.statements.Statement object at 0x1081fdc50>]
DEBUG:root:

DEBUG:root:[<pyang.statements.Statement object at 0x108238710>, <pyang.statements.Statement object at 0x108238790>]
DEBUG:root:

DEBUG:root:[<pyang.statements.Statement object at 0x1085eb3d0>, <pyang.statements.Statement object at 0x1082147d0>, <pyang.statements.Statement object at 0x108214890>, <pyang.statements.Statement object at 0x1085eb850>, <pyang.statements.Statement object at 0x1085eba50>, <pyang.statements.Statement object at 0x1085ebc50>, <pyang.statements.Statement object at 0x1085ebe90>, <pyang.statements.Statement object at 0x1085f20d0>]
DEBUG:root:

DEBUG:root:[<pyang.statements.Statement object at 0x108452810>, <pyang.statements.Statement object at 0x108452890>, <pyang.statements.Statement object at 0x108452b10>, <pyang.statements.Statement object at 0x108452d90>, <pyang.statements.Statement object at 0x108459050>, <pyang.statements.Statement object at 0x1084592d0>, <pyang.statements.Statement object at 0x108459550>, <pyang.statements.Statement object at 0x1084597d0>, <pyang.statements.Statement object at 0x108459a50>, <pyang.statements.Statement object at 0x108459cd0>]
DEBUG:root:

DEBUG:root:[<pyang.statements.Statement object at 0x108572310>, <pyang.statements.Statement object at 0x108572390>, <pyang.statements.Statement object at 0x1081fdcd0>]
DEBUG:root:

DEBUG:root:[<pyang.statements.Statement object at 0x1085af310>, <pyang.statements.Statement object at 0x108214450>, <pyang.statements.Statement object at 0x1085af5d0>, <pyang.statements.Statement object at 0x108214490>, <pyang.statements.Statement object at 0x1085afa10>, <pyang.statements.Statement object at 0x1082144d0>]
DEBUG:root:

DEBUG:root:[<pyang.statements.Statement object at 0x10852da90>, <pyang.statements.Statement object at 0x10852db10>]
DEBUG:root:

DEBUG:root:[<pyang.statements.Statement object at 0x108601b90>, <pyang.statements.Statement object at 0x108601c10>]
DEBUG:root:

DEBUG:root:[<pyang.statements.Statement object at 0x1083166d0>, <pyang.statements.Statement object at 0x108316750>, <pyang.statements.Statement object at 0x1083167d0>, <pyang.statements.Statement object at 0x1081ae890>]
DEBUG:root:

DEBUG:root:[<pyang.statements.Statement object at 0x1085e4a10>, <pyang.statements.Statement object at 0x1085e4a90>, <pyang.statements.Statement object at 0x1085e4d90>, <pyang.statements.Statement object at 0x1085eb050>, <pyang.statements.Statement object at 0x108214790>]
DEBUG:root:

DEBUG:root:[<pyang.statements.Statement object at 0x108246550>, <pyang.statements.Statement object at 0x1082465d0>, <pyang.statements.Statement object at 0x108246850>]
DEBUG:root:

DEBUG:root:[<pyang.statements.Statement object at 0x1084dc810>, <pyang.statements.Statement object at 0x1084dc890>, <pyang.statements.Statement object at 0x1084dcb90>, <pyang.statements.Statement object at 0x1081d3e90>]
DEBUG:root:

DEBUG:root:[<pyang.statements.Statement object at 0x1085a8d50>, <pyang.statements.Statement object at 0x1082143d0>, <pyang.statements.Statement object at 0x1085af050>, <pyang.statements.Statement object at 0x108214410>]
DEBUG:root:

DEBUG:root:[<pyang.statements.Statement object at 0x1083cf390>, <pyang.statements.Statement object at 0x1083cf410>, <pyang.statements.Statement object at 0x1083cf690>, <pyang.statements.Statement object at 0x1083cf910>, <pyang.statements.Statement object at 0x1083cfb90>, <pyang.statements.Statement object at 0x1081d3190>, <pyang.statements.Statement object at 0x1081d31d0>, <pyang.statements.Statement object at 0x1083d52d0>, <pyang.statements.Statement object at 0x1083d5550>, <pyang.statements.Statement object at 0x1083d57d0>, <pyang.statements.Statement object at 0x1083d5a50>, <pyang.statements.Statement object at 0x1083d5cd0>, <pyang.statements.Statement object at 0x1083d5f50>, <pyang.statements.Statement object at 0x1083dc210>, <pyang.statements.Statement object at 0x1083dc490>, <pyang.statements.Statement object at 0x1083dc750>, <pyang.statements.Statement object at 0x1083dc9d0>, <pyang.statements.Statement object at 0x1083dcc10>, <pyang.statements.Statement object at 0x1083dce90>, <pyang.statements.Statement object at 0x1083e2150>, <pyang.statements.Statement object at 0x1083e2450>, <pyang.statements.Statement object at 0x1083e2710>, <pyang.statements.Statement object at 0x1083e2990>, <pyang.statements.Statement object at 0x1081d3210>, <pyang.statements.Statement object at 0x1081d3250>, <pyang.statements.Statement object at 0x1083e80d0>, <pyang.statements.Statement object at 0x1081d3290>, <pyang.statements.Statement object at 0x1083e84d0>, <pyang.statements.Statement object at 0x1081d32d0>, <pyang.statements.Statement object at 0x1083e8890>, <pyang.statements.Statement object at 0x1083e8b50>, <pyang.statements.Statement object at 0x1083e8d10>, <pyang.statements.Statement object at 0x1083e8f90>, <pyang.statements.Statement object at 0x1083ef250>, <pyang.statements.Statement object at 0x1083ef4d0>, <pyang.statements.Statement object at 0x1083ef750>, <pyang.statements.Statement object at 0x1083ef9d0>, <pyang.statements.Statement object at 0x1083efc50>, <pyang.statements.Statement object at 0x1083efed0>, <pyang.statements.Statement object at 0x1083f7190>, <pyang.statements.Statement object at 0x1083f7410>, <pyang.statements.Statement object at 0x1083f7710>, <pyang.statements.Statement object at 0x1083f7990>, <pyang.statements.Statement object at 0x1083f7c10>, <pyang.statements.Statement object at 0x1083f7e90>, <pyang.statements.Statement object at 0x1083fd150>, <pyang.statements.Statement object at 0x1083fd3d0>, <pyang.statements.Statement object at 0x1083fd550>, <pyang.statements.Statement object at 0x1083fd7d0>, <pyang.statements.Statement object at 0x1083fd950>, <pyang.statements.Statement object at 0x1083fdb50>, <pyang.statements.Statement object at 0x108403290>, <pyang.statements.Statement object at 0x108403510>, <pyang.statements.Statement object at 0x108403690>, <pyang.statements.Statement object at 0x108403950>, <pyang.statements.Statement object at 0x1081d3510>]
DEBUG:root:

DEBUG:root:[<pyang.statements.Statement object at 0x108618c90>, <pyang.statements.Statement object at 0x108223790>, <pyang.statements.Statement object at 0x1082237d0>]
DEBUG:root:

DEBUG:root:[<pyang.statements.Statement object at 0x108572710>, <pyang.statements.Statement object at 0x108572790>, <pyang.statements.Statement object at 0x108572a90>, <pyang.statements.Statement object at 0x1081fdd10>]
DEBUG:root:

DEBUG:root:[<pyang.statements.Statement object at 0x108474c90>, <pyang.statements.Statement object at 0x108474f10>, <pyang.statements.Statement object at 0x10847a1d0>, <pyang.statements.Statement object at 0x10847a450>, <pyang.statements.Statement object at 0x10847a6d0>, <pyang.statements.Statement object at 0x10847a950>]
DEBUG:root:

DEBUG:root:[<pyang.statements.Statement object at 0x10823fa50>, <pyang.statements.Statement object at 0x107fb6e90>]
DEBUG:root:

DEBUG:root:[<pyang.statements.Statement object at 0x108316290>, <pyang.statements.Statement object at 0x108316310>, <pyang.statements.Statement object at 0x1081ae850>]
DEBUG:root:

DEBUG:root:[<pyang.statements.Statement object at 0x108131ed0>, <pyang.statements.Statement object at 0x108131f50>, <pyang.statements.Statement object at 0x108141210>, <pyang.statements.Statement object at 0x1081d3c10>, <pyang.statements.Statement object at 0x1081d3c50>]
DEBUG:root:

DEBUG:root:[<pyang.statements.Statement object at 0x1084d0bd0>, <pyang.statements.Statement object at 0x1084d0c50>, <pyang.statements.Statement object at 0x1084d0f50>, <pyang.statements.Statement object at 0x1084d5210>, <pyang.statements.Statement object at 0x1084d5490>, <pyang.statements.Statement object at 0x1084d5710>, <pyang.statements.Statement object at 0x1084d5990>]
DEBUG:root:

DEBUG:root:[<pyang.statements.Statement object at 0x1085cafd0>, <pyang.statements.Statement object at 0x1085cf090>, <pyang.statements.Statement object at 0x1085cf310>, <pyang.statements.Statement object at 0x1085cf610>, <pyang.statements.Statement object at 0x1085cf890>, <pyang.statements.Statement object at 0x1085cfb10>, <pyang.statements.Statement object at 0x1085cfd90>, <pyang.statements.Statement object at 0x1085d6050>, <pyang.statements.Statement object at 0x1082145d0>]
DEBUG:root:

DEBUG:root:[<pyang.statements.Statement object at 0x108624ed0>, <pyang.statements.Statement object at 0x108624f50>, <pyang.statements.Statement object at 0x10862c290>, <pyang.statements.Statement object at 0x108223890>]
DEBUG:root:

DEBUG:root:[<pyang.statements.Statement object at 0x10832b110>, <pyang.statements.Statement object at 0x10832b190>, <pyang.statements.Statement object at 0x10832b490>, <pyang.statements.Statement object at 0x10832b710>, <pyang.statements.Statement object at 0x10832b990>, <pyang.statements.Statement object at 0x10832bc10>, <pyang.statements.Statement object at 0x1081ae9d0>]
DEBUG:root:

DEBUG:root:[<pyang.statements.Statement object at 0x1084478d0>]
DEBUG:root:

DEBUG:root:[<pyang.statements.Statement object at 0x1084f0b50>, <pyang.statements.Statement object at 0x1084f0bd0>]
DEBUG:root:

DEBUG:root:[<pyang.statements.Statement object at 0x1084d5fd0>, <pyang.statements.Statement object at 0x1084dc090>, <pyang.statements.Statement object at 0x1081d3dd0>]
DEBUG:root:

DEBUG:root:[<pyang.statements.Statement object at 0x10831d250>, <pyang.statements.Statement object at 0x10831d2d0>, <pyang.statements.Statement object at 0x10831d550>, <pyang.statements.Statement object at 0x10831d7d0>, <pyang.statements.Statement object at 0x10831da50>, <pyang.statements.Statement object at 0x10831dcd0>, <pyang.statements.Statement object at 0x10831df50>, <pyang.statements.Statement object at 0x108323210>, <pyang.statements.Statement object at 0x108323490>, <pyang.statements.Statement object at 0x108323710>, <pyang.statements.Statement object at 0x1081ae990>, <pyang.statements.Statement object at 0x108323bd0>, <pyang.statements.Statement object at 0x108323e50>]
DEBUG:root:

DEBUG:root:[<pyang.statements.Statement object at 0x1084ad110>, <pyang.statements.Statement object at 0x1084ad390>, <pyang.statements.Statement object at 0x1084ad610>, <pyang.statements.Statement object at 0x1084ad890>, <pyang.statements.Statement object at 0x1084adb10>, <pyang.statements.Statement object at 0x1084add90>, <pyang.statements.Statement object at 0x1084b4050>, <pyang.statements.Statement object at 0x1084b4350>, <pyang.statements.Statement object at 0x1084b45d0>, <pyang.statements.Statement object at 0x1084b4910>]
DEBUG:root:

DEBUG:root:[<pyang.statements.Statement object at 0x10846db50>, <pyang.statements.Statement object at 0x10846dbd0>, <pyang.statements.Statement object at 0x10846ded0>, <pyang.statements.Statement object at 0x108474190>]
DEBUG:root:

DEBUG:root:[<pyang.statements.Statement object at 0x1085f28d0>, <pyang.statements.Statement object at 0x1085f2950>, <pyang.statements.Statement object at 0x108214c50>, <pyang.statements.Statement object at 0x1085f2d10>, <pyang.statements.Statement object at 0x1085f2ed0>, <pyang.statements.Statement object at 0x1085f2f90>]
DEBUG:root:

DEBUG:root:[<pyang.statements.Statement object at 0x108459f50>, <pyang.statements.Statement object at 0x108459fd0>, <pyang.statements.Statement object at 0x10845f310>, <pyang.statements.Statement object at 0x10845f590>]
DEBUG:root:

DEBUG:root:[<pyang.statements.Statement object at 0x1084749d0>, <pyang.statements.Statement object at 0x108474a50>]
DEBUG:root:

DEBUG:root:[<pyang.statements.Statement object at 0x108238a50>, <pyang.statements.Statement object at 0x108238ad0>]
DEBUG:root:

DEBUG:root:[<pyang.statements.Statement object at 0x10823f390>, <pyang.statements.Statement object at 0x10823f410>, <pyang.statements.Statement object at 0x10823f710>, <pyang.statements.Statement object at 0x107fb6e50>]
DEBUG:root:

DEBUG:root:[<pyang.statements.Statement object at 0x10832bf50>, <pyang.statements.Statement object at 0x10832bfd0>, <pyang.statements.Statement object at 0x108330310>, <pyang.statements.Statement object at 0x1081aea10>]
DEBUG:root:

DEBUG:root:[<pyang.statements.Statement object at 0x108141c10>, <pyang.statements.Statement object at 0x108141c90>, <pyang.statements.Statement object at 0x108141f10>, <pyang.statements.Statement object at 0x10813a1d0>, <pyang.statements.Statement object at 0x10813a450>, <pyang.statements.Statement object at 0x10813a6d0>, <pyang.statements.Statement object at 0x10813a950>, <pyang.statements.Statement object at 0x10813abd0>]
DEBUG:root:

DEBUG:root:[<pyang.statements.Statement object at 0x108526ad0>, <pyang.statements.Statement object at 0x108526b50>, <pyang.statements.Statement object at 0x108526e50>, <pyang.statements.Statement object at 0x1081fd610>]
DEBUG:root:

DEBUG:root:[<pyang.statements.Statement object at 0x10861e090>, <pyang.statements.Statement object at 0x10861e110>, <pyang.statements.Statement object at 0x10861e410>, <pyang.statements.Statement object at 0x10861e690>, <pyang.statements.Statement object at 0x10861e910>, <pyang.statements.Statement object at 0x10861eb90>, <pyang.statements.Statement object at 0x10861ee90>, <pyang.statements.Statement object at 0x108624150>, <pyang.statements.Statement object at 0x1086243d0>, <pyang.statements.Statement object at 0x108624650>, <pyang.statements.Statement object at 0x1086248d0>, <pyang.statements.Statement object at 0x108223810>]
DEBUG:root:

DEBUG:root:[<pyang.statements.Statement object at 0x1082a22d0>, <pyang.statements.Statement object at 0x1082a2350>, <pyang.statements.Statement object at 0x1082a25d0>, <pyang.statements.Statement object at 0x1082a2850>, <pyang.statements.Statement object at 0x1082a2ad0>, <pyang.statements.Statement object at 0x1082a2d50>, <pyang.statements.Statement object at 0x1082a2fd0>, <pyang.statements.Statement object at 0x107fb6790>]
DEBUG:root:

DEBUG:root:[<pyang.statements.Statement object at 0x10860fd10>, <pyang.statements.Statement object at 0x10860fd90>]
DEBUG:root:

DEBUG:root:[<pyang.statements.Statement object at 0x1084fec10>, <pyang.statements.Statement object at 0x1084fec90>, <pyang.statements.Statement object at 0x1084fef10>, <pyang.statements.Statement object at 0x1085051d0>, <pyang.statements.Statement object at 0x108505450>, <pyang.statements.Statement object at 0x1085056d0>, <pyang.statements.Statement object at 0x108505950>, <pyang.statements.Statement object at 0x108505c10>, <pyang.statements.Statement object at 0x108505e50>, <pyang.statements.Statement object at 0x1081fd490>]
DEBUG:root:

DEBUG:root:[<pyang.statements.Statement object at 0x108293590>, <pyang.statements.Statement object at 0x108293610>, <pyang.statements.Statement object at 0x1082938d0>, <pyang.statements.Statement object at 0x108293b50>, <pyang.statements.Statement object at 0x108293e10>, <pyang.statements.Statement object at 0x10829b0d0>, <pyang.statements.Statement object at 0x107fb6b10>]
DEBUG:root:

DEBUG:root:[<pyang.statements.Statement object at 0x1085a8410>, <pyang.statements.Statement object at 0x1085a8490>, <pyang.statements.Statement object at 0x1085a8790>, <pyang.statements.Statement object at 0x1085a8a10>, <pyang.statements.Statement object at 0x108214390>]
DEBUG:root:

DEBUG:root:[<pyang.statements.Statement object at 0x108246b50>, <pyang.statements.Statement object at 0x108246bd0>, <pyang.statements.Statement object at 0x108246e50>, <pyang.statements.Statement object at 0x10824c110>, <pyang.statements.Statement object at 0x10824c390>, <pyang.statements.Statement object at 0x10824c610>, <pyang.statements.Statement object at 0x10824c890>, <pyang.statements.Statement object at 0x10824cb10>, <pyang.statements.Statement object at 0x10824cd90>, <pyang.statements.Statement object at 0x108252050>, <pyang.statements.Statement object at 0x1082522d0>, <pyang.statements.Statement object at 0x108252550>, <pyang.statements.Statement object at 0x1082527d0>, <pyang.statements.Statement object at 0x108252a50>, <pyang.statements.Statement object at 0x108252cd0>, <pyang.statements.Statement object at 0x108252f50>, <pyang.statements.Statement object at 0x108258210>, <pyang.statements.Statement object at 0x108258490>, <pyang.statements.Statement object at 0x108258710>, <pyang.statements.Statement object at 0x108258990>, <pyang.statements.Statement object at 0x108258c10>, <pyang.statements.Statement object at 0x108258e90>, <pyang.statements.Statement object at 0x10825f150>, <pyang.statements.Statement object at 0x10825f3d0>, <pyang.statements.Statement object at 0x10825f650>, <pyang.statements.Statement object at 0x10825f8d0>, <pyang.statements.Statement object at 0x10825fb50>, <pyang.statements.Statement object at 0x10825fdd0>, <pyang.statements.Statement object at 0x108267090>, <pyang.statements.Statement object at 0x108267310>, <pyang.statements.Statement object at 0x108267590>, <pyang.statements.Statement object at 0x108267810>, <pyang.statements.Statement object at 0x108267a90>, <pyang.statements.Statement object at 0x108267d10>, <pyang.statements.Statement object at 0x108267f90>, <pyang.statements.Statement object at 0x10826d250>, <pyang.statements.Statement object at 0x10826d4d0>, <pyang.statements.Statement object at 0x10826d750>, <pyang.statements.Statement object at 0x10826d9d0>, <pyang.statements.Statement object at 0x10826dc50>, <pyang.statements.Statement object at 0x10826ded0>, <pyang.statements.Statement object at 0x108274190>, <pyang.statements.Statement object at 0x108274410>, <pyang.statements.Statement object at 0x108274690>, <pyang.statements.Statement object at 0x108274910>, <pyang.statements.Statement object at 0x108274b90>, <pyang.statements.Statement object at 0x108274e10>, <pyang.statements.Statement object at 0x10827a0d0>, <pyang.statements.Statement object at 0x10827a350>, <pyang.statements.Statement object at 0x10827a5d0>, <pyang.statements.Statement object at 0x10827a8d0>, <pyang.statements.Statement object at 0x10827abd0>, <pyang.statements.Statement object at 0x10827aed0>, <pyang.statements.Statement object at 0x108281190>, <pyang.statements.Statement object at 0x108281410>, <pyang.statements.Statement object at 0x108281690>, <pyang.statements.Statement object at 0x108281910>, <pyang.statements.Statement object at 0x107fb6e10>]
DEBUG:root:

DEBUG:root:[<pyang.statements.Statement object at 0x10822dd90>, <pyang.statements.Statement object at 0x10822de10>, <pyang.statements.Statement object at 0x1082320d0>, <pyang.statements.Statement object at 0x1082323d0>, <pyang.statements.Statement object at 0x108232650>, <pyang.statements.Statement object at 0x1082328d0>, <pyang.statements.Statement object at 0x108232b50>, <pyang.statements.Statement object at 0x108232e10>, <pyang.statements.Statement object at 0x108238110>, <pyang.statements.Statement object at 0x108238410>]
DEBUG:root:

DEBUG:root:[<pyang.statements.Statement object at 0x10822d710>, <pyang.statements.Statement object at 0x10822d790>, <pyang.statements.Statement object at 0x10822da90>]
DEBUG:root:

DEBUG:root:[<pyang.statements.Statement object at 0x10842c710>, <pyang.statements.Statement object at 0x10842c990>, <pyang.statements.Statement object at 0x10842cc10>, <pyang.statements.Statement object at 0x10842cd90>, <pyang.statements.Statement object at 0x108431050>, <pyang.statements.Statement object at 0x1084312d0>, <pyang.statements.Statement object at 0x108431550>]
DEBUG:root:

DEBUG:root:[<pyang.statements.Statement object at 0x10862c590>, <pyang.statements.Statement object at 0x10862c610>, <pyang.statements.Statement object at 0x10862c890>, <pyang.statements.Statement object at 0x10862ca90>, <pyang.statements.Statement object at 0x10862ccd0>, <pyang.statements.Statement object at 0x10862ced0>, <pyang.statements.Statement object at 0x1086330d0>]
DEBUG:root:

DEBUG:root:[<pyang.statements.Statement object at 0x10854f750>, <pyang.statements.Statement object at 0x10854f7d0>, <pyang.statements.Statement object at 0x10854fa90>, <pyang.statements.Statement object at 0x10854fc50>, <pyang.statements.Statement object at 0x10854ff10>, <pyang.statements.Statement object at 0x108557110>, <pyang.statements.Statement object at 0x1081fda50>, <pyang.statements.Statement object at 0x1081fda90>]
DEBUG:root:

DEBUG:root:[<pyang.statements.Statement object at 0x108424ed0>, <pyang.statements.Statement object at 0x10842c190>, <pyang.statements.Statement object at 0x10842c410>]
DEBUG:root:

DEBUG:root:[<pyang.statements.Statement object at 0x108286090>, <pyang.statements.Statement object at 0x108286110>, <pyang.statements.Statement object at 0x108286410>, <pyang.statements.Statement object at 0x107fb6990>]
DEBUG:root:

DEBUG:root:[<pyang.statements.Statement object at 0x1085f2490>, <pyang.statements.Statement object at 0x1085f2510>, <pyang.statements.Statement object at 0x108214b90>]
DEBUG:root:

DEBUG:root:[<pyang.statements.Statement object at 0x10853bf90>, <pyang.statements.Statement object at 0x108542050>, <pyang.statements.Statement object at 0x108542350>, <pyang.statements.Statement object at 0x1085425d0>, <pyang.statements.Statement object at 0x108542850>, <pyang.statements.Statement object at 0x108542b50>, <pyang.statements.Statement object at 0x1081fd950>]
DEBUG:root:

DEBUG:root:[<pyang.statements.Statement object at 0x108526090>, <pyang.statements.Statement object at 0x108526110>]
DEBUG:root:

DEBUG:root:[<pyang.statements.Statement object at 0x1082a7350>, <pyang.statements.Statement object at 0x1082a73d0>]
DEBUG:root:

DEBUG:root:[<pyang.statements.Statement object at 0x1082e2410>, <pyang.statements.Statement object at 0x1082e2690>, <pyang.statements.Statement object at 0x1082e2910>, <pyang.statements.Statement object at 0x1082e2b90>, <pyang.statements.Statement object at 0x1082e2e10>, <pyang.statements.Statement object at 0x1082e80d0>, <pyang.statements.Statement object at 0x1082e8350>]
DEBUG:root:

DEBUG:root:[<pyang.statements.Statement object at 0x1083803d0>, <pyang.statements.Statement object at 0x108380450>, <pyang.statements.Statement object at 0x1083806d0>, <pyang.statements.Statement object at 0x1083809d0>, <pyang.statements.Statement object at 0x108380c50>, <pyang.statements.Statement object at 0x1081aee10>, <pyang.statements.Statement object at 0x108387150>, <pyang.statements.Statement object at 0x108387450>, <pyang.statements.Statement object at 0x1083876d0>, <pyang.statements.Statement object at 0x108387950>, <pyang.statements.Statement object at 0x108387c50>, <pyang.statements.Statement object at 0x108387ed0>, <pyang.statements.Statement object at 0x10838d1d0>, <pyang.statements.Statement object at 0x10838d410>, <pyang.statements.Statement object at 0x10838d6d0>, <pyang.statements.Statement object at 0x10838d950>, <pyang.statements.Statement object at 0x1081aee50>, <pyang.statements.Statement object at 0x1081aee90>, <pyang.statements.Statement object at 0x108394090>, <pyang.statements.Statement object at 0x1081aeed0>, <pyang.statements.Statement object at 0x108394490>, <pyang.statements.Statement object at 0x1081aef10>, <pyang.statements.Statement object at 0x108394850>, <pyang.statements.Statement object at 0x108394b10>, <pyang.statements.Statement object at 0x108394c50>, <pyang.statements.Statement object at 0x108394ed0>, <pyang.statements.Statement object at 0x108399190>, <pyang.statements.Statement object at 0x108399410>, <pyang.statements.Statement object at 0x108399690>, <pyang.statements.Statement object at 0x108399910>, <pyang.statements.Statement object at 0x108399b90>, <pyang.statements.Statement object at 0x108399e10>, <pyang.statements.Statement object at 0x1083a00d0>, <pyang.statements.Statement object at 0x1083a0350>, <pyang.statements.Statement object at 0x1083a04d0>, <pyang.statements.Statement object at 0x1083a0750>, <pyang.statements.Statement object at 0x1081aef50>]
DEBUG:root:

DEBUG:root:[<pyang.statements.Statement object at 0x1082fb3d0>, <pyang.statements.Statement object at 0x1082fb450>, <pyang.statements.Statement object at 0x1082fb6d0>, <pyang.statements.Statement object at 0x1082fb950>, <pyang.statements.Statement object at 0x1081ae150>, <pyang.statements.Statement object at 0x1081ae3d0>, <pyang.statements.Statement object at 0x1081ae5d0>, <pyang.statements.Statement object at 0x1081ae790>]
DEBUG:root:

DEBUG:root:[<pyang.statements.Statement object at 0x108533150>, <pyang.statements.Statement object at 0x1085331d0>]
DEBUG:root:

DEBUG:root:[<pyang.statements.Statement object at 0x108330ad0>, <pyang.statements.Statement object at 0x108330b50>, <pyang.statements.Statement object at 0x1081aead0>]
DEBUG:root:

DEBUG:root:[<pyang.statements.Statement object at 0x1082eebd0>, <pyang.statements.Statement object at 0x1082eee50>, <pyang.statements.Statement object at 0x1082f4110>, <pyang.statements.Statement object at 0x1082f4390>, <pyang.statements.Statement object at 0x1082f4610>, <pyang.statements.Statement object at 0x1082f4890>, <pyang.statements.Statement object at 0x1082f4b10>, <pyang.statements.Statement object at 0x1082f4d90>, <pyang.statements.Statement object at 0x1082fb0d0>]
DEBUG:root:

DEBUG:root:[<pyang.statements.Statement object at 0x1084a1410>, <pyang.statements.Statement object at 0x1084a1690>, <pyang.statements.Statement object at 0x1084a1910>, <pyang.statements.Statement object at 0x1084a1b90>, <pyang.statements.Statement object at 0x1084a1e10>, <pyang.statements.Statement object at 0x1084a80d0>, <pyang.statements.Statement object at 0x1084a8350>, <pyang.statements.Statement object at 0x1084a85d0>, <pyang.statements.Statement object at 0x1084a88d0>, <pyang.statements.Statement object at 0x1084a8b50>]
DEBUG:root:

DEBUG:root:[<pyang.statements.Statement object at 0x10830f490>, <pyang.statements.Statement object at 0x10830f510>, <pyang.statements.Statement object at 0x10830f810>, <pyang.statements.Statement object at 0x10830fad0>, <pyang.statements.Statement object at 0x10830fd10>, <pyang.statements.Statement object at 0x1081ae810>]
DEBUG:root:

DEBUG:root:[<pyang.statements.Statement object at 0x1085afd10>, <pyang.statements.Statement object at 0x1085afd90>, <pyang.statements.Statement object at 0x1085b50d0>, <pyang.statements.Statement object at 0x1085b5350>, <pyang.statements.Statement object at 0x1085b55d0>, <pyang.statements.Statement object at 0x1085b5850>, <pyang.statements.Statement object at 0x1085b5ad0>, <pyang.statements.Statement object at 0x1085b5d50>, <pyang.statements.Statement object at 0x108214510>, <pyang.statements.Statement object at 0x1085bc2d0>, <pyang.statements.Statement object at 0x108214550>, <pyang.statements.Statement object at 0x1085bc810>, <pyang.statements.Statement object at 0x1085bcb10>, <pyang.statements.Statement object at 0x1085bcd90>, <pyang.statements.Statement object at 0x1085c30d0>, <pyang.statements.Statement object at 0x1085c3350>, <pyang.statements.Statement object at 0x1085c3650>, <pyang.statements.Statement object at 0x1085c38d0>, <pyang.statements.Statement object at 0x1085c3a50>, <pyang.statements.Statement object at 0x1085c3bd0>, <pyang.statements.Statement object at 0x1085c3d50>, <pyang.statements.Statement object at 0x1085c3ed0>, <pyang.statements.Statement object at 0x1085ca090>, <pyang.statements.Statement object at 0x1085ca210>, <pyang.statements.Statement object at 0x1085ca390>, <pyang.statements.Statement object at 0x1085ca6d0>, <pyang.statements.Statement object at 0x1085ca950>, <pyang.statements.Statement object at 0x108214590>]
DEBUG:root:

DEBUG:root:[<pyang.statements.Statement object at 0x1085d6e90>, <pyang.statements.Statement object at 0x1085d6f50>, <pyang.statements.Statement object at 0x108214610>]
DEBUG:root:

DEBUG:root:[<pyang.statements.Statement object at 0x1085a1b50>, <pyang.statements.Statement object at 0x1085a1bd0>, <pyang.statements.Statement object at 0x1085a1dd0>, <pyang.statements.Statement object at 0x1085a1fd0>]
DEBUG:root:

DEBUG:root:[<pyang.statements.Statement object at 0x1085fa9d0>, <pyang.statements.Statement object at 0x1085faa50>, <pyang.statements.Statement object at 0x1085fac50>, <pyang.statements.Statement object at 0x1085fae50>, <pyang.statements.Statement object at 0x1082230d0>, <pyang.statements.Statement object at 0x108601250>, <pyang.statements.Statement object at 0x1086013d0>, <pyang.statements.Statement object at 0x1086015d0>, <pyang.statements.Statement object at 0x108223310>, <pyang.statements.Statement object at 0x108601910>, <pyang.statements.Statement object at 0x108601a90>]
DEBUG:root:

DEBUG:root:[<pyang.statements.Statement object at 0x108330ed0>, <pyang.statements.Statement object at 0x108330f50>, <pyang.statements.Statement object at 0x108337210>, <pyang.statements.Statement object at 0x108337510>, <pyang.statements.Statement object at 0x108337790>, <pyang.statements.Statement object at 0x108337a10>, <pyang.statements.Statement object at 0x108337c90>, <pyang.statements.Statement object at 0x108337f90>, <pyang.statements.Statement object at 0x10833d250>, <pyang.statements.Statement object at 0x10833d4d0>, <pyang.statements.Statement object at 0x10833d7d0>, <pyang.statements.Statement object at 0x10833da50>, <pyang.statements.Statement object at 0x10833dcd0>, <pyang.statements.Statement object at 0x10833df50>, <pyang.statements.Statement object at 0x108345250>, <pyang.statements.Statement object at 0x1083454d0>, <pyang.statements.Statement object at 0x1081aeb10>, <pyang.statements.Statement object at 0x1081aeb50>, <pyang.statements.Statement object at 0x108345bd0>, <pyang.statements.Statement object at 0x1081aeb90>, <pyang.statements.Statement object at 0x108345fd0>, <pyang.statements.Statement object at 0x1081aebd0>, <pyang.statements.Statement object at 0x10834c3d0>, <pyang.statements.Statement object at 0x10834c650>, <pyang.statements.Statement object at 0x10834c7d0>, <pyang.statements.Statement object at 0x10834ca50>, <pyang.statements.Statement object at 0x10834ccd0>, <pyang.statements.Statement object at 0x10834cf50>, <pyang.statements.Statement object at 0x108352210>, <pyang.statements.Statement object at 0x108352490>, <pyang.statements.Statement object at 0x108352710>, <pyang.statements.Statement object at 0x108352990>, <pyang.statements.Statement object at 0x108352c10>, <pyang.statements.Statement object at 0x108352e90>, <pyang.statements.Statement object at 0x1081aec10>]
DEBUG:root:

DEBUG:root:[<pyang.statements.Statement object at 0x1083a0a90>, <pyang.statements.Statement object at 0x1083a0b10>, <pyang.statements.Statement object at 0x1083a0d90>, <pyang.statements.Statement object at 0x1083a80d0>, <pyang.statements.Statement object at 0x1083a8350>, <pyang.statements.Statement object at 0x1081aef90>, <pyang.statements.Statement object at 0x1083a8810>, <pyang.statements.Statement object at 0x1083a8a90>, <pyang.statements.Statement object at 0x1083a8d10>, <pyang.statements.Statement object at 0x1083a8f90>, <pyang.statements.Statement object at 0x1083ae250>, <pyang.statements.Statement object at 0x1083ae4d0>, <pyang.statements.Statement object at 0x1083ae7d0>, <pyang.statements.Statement object at 0x1083aea50>, <pyang.statements.Statement object at 0x1083aecd0>, <pyang.statements.Statement object at 0x1083aef90>, <pyang.statements.Statement object at 0x1083b4210>, <pyang.statements.Statement object at 0x1083b44d0>, <pyang.statements.Statement object at 0x1083b4750>, <pyang.statements.Statement object at 0x1081aefd0>, <pyang.statements.Statement object at 0x1081d3050>, <pyang.statements.Statement object at 0x1083b4e50>, <pyang.statements.Statement object at 0x1081d3090>, <pyang.statements.Statement object at 0x1083ba290>, <pyang.statements.Statement object at 0x1081d30d0>, <pyang.statements.Statement object at 0x1083ba650>, <pyang.statements.Statement object at 0x1083ba910>, <pyang.statements.Statement object at 0x1083baa50>, <pyang.statements.Statement object at 0x1083bacd0>, <pyang.statements.Statement object at 0x1083baf50>, <pyang.statements.Statement object at 0x1083c2210>, <pyang.statements.Statement object at 0x1083c2490>, <pyang.statements.Statement object at 0x1083c2710>, <pyang.statements.Statement object at 0x1083c2990>, <pyang.statements.Statement object at 0x1083c2c10>, <pyang.statements.Statement object at 0x1083c2e90>, <pyang.statements.Statement object at 0x1083c7150>, <pyang.statements.Statement object at 0x1083c72d0>, <pyang.statements.Statement object at 0x1083c7550>, <pyang.statements.Statement object at 0x1081d3110>, <pyang.statements.Statement object at 0x1083c7a10>, <pyang.statements.Statement object at 0x1083c7c90>, <pyang.statements.Statement object at 0x1081d3150>]
DEBUG:root:

DEBUG:root:[<pyang.statements.Statement object at 0x1084f6810>, <pyang.statements.Statement object at 0x1081fd090>, <pyang.statements.Statement object at 0x1084f6a50>]
DEBUG:root:

DEBUG:root:[<pyang.statements.Statement object at 0x108520490>, <pyang.statements.Statement object at 0x108520510>, <pyang.statements.Statement object at 0x108520810>, <pyang.statements.Statement object at 0x108520a90>, <pyang.statements.Statement object at 0x108520d10>, <pyang.statements.Statement object at 0x1081fd590>]
DEBUG:root:

DEBUG:root:[<pyang.statements.Statement object at 0x1085dd6d0>, <pyang.statements.Statement object at 0x1085dd750>, <pyang.statements.Statement object at 0x1085dd7d0>, <pyang.statements.Statement object at 0x1085dd950>]
DEBUG:root:

DEBUG:root:[<pyang.statements.Statement object at 0x108316a90>, <pyang.statements.Statement object at 0x108316b10>, <pyang.statements.Statement object at 0x1081ae8d0>]
DEBUG:root:

DEBUG:root:[<pyang.statements.Statement object at 0x108303090>, <pyang.statements.Statement object at 0x108303110>, <pyang.statements.Statement object at 0x108303390>, <pyang.statements.Statement object at 0x108303610>, <pyang.statements.Statement object at 0x108303890>, <pyang.statements.Statement object at 0x108303b10>, <pyang.statements.Statement object at 0x108303d90>, <pyang.statements.Statement object at 0x10830a050>]
DEBUG:root:

DEBUG:root:[<pyang.statements.Statement object at 0x1082b4b50>, <pyang.statements.Statement object at 0x1082b4dd0>, <pyang.statements.Statement object at 0x1082bb090>, <pyang.statements.Statement object at 0x1082bb310>, <pyang.statements.Statement object at 0x1082bb590>, <pyang.statements.Statement object at 0x1082bb810>, <pyang.statements.Statement object at 0x1082bba90>, <pyang.statements.Statement object at 0x1082bbd10>]
DEBUG:root:

DEBUG:root:[<pyang.statements.Statement object at 0x108316e50>, <pyang.statements.Statement object at 0x108316f10>, <pyang.statements.Statement object at 0x1081ae910>]
DEBUG:root:

DEBUG:root:[<pyang.statements.Statement object at 0x1084f6f10>, <pyang.statements.Statement object at 0x1084f6f90>, <pyang.statements.Statement object at 0x1081fd290>]
DEBUG:root:

DEBUG:root:[<pyang.statements.Statement object at 0x108403b50>, <pyang.statements.Statement object at 0x108403bd0>, <pyang.statements.Statement object at 0x108403e50>, <pyang.statements.Statement object at 0x10840a190>, <pyang.statements.Statement object at 0x10840a410>, <pyang.statements.Statement object at 0x1081d3550>, <pyang.statements.Statement object at 0x1081d3590>, <pyang.statements.Statement object at 0x10840ab10>, <pyang.statements.Statement object at 0x10840ad90>, <pyang.statements.Statement object at 0x108412050>, <pyang.statements.Statement object at 0x108412350>, <pyang.statements.Statement object at 0x1084125d0>, <pyang.statements.Statement object at 0x108412890>, <pyang.statements.Statement object at 0x108412b10>, <pyang.statements.Statement object at 0x108412d50>, <pyang.statements.Statement object at 0x108412fd0>, <pyang.statements.Statement object at 0x1084172d0>, <pyang.statements.Statement object at 0x1081d35d0>, <pyang.statements.Statement object at 0x1081d3610>, <pyang.statements.Statement object at 0x1084179d0>, <pyang.statements.Statement object at 0x1081d3650>, <pyang.statements.Statement object at 0x108417dd0>, <pyang.statements.Statement object at 0x1081d3690>, <pyang.statements.Statement object at 0x10841f1d0>, <pyang.statements.Statement object at 0x10841f490>, <pyang.statements.Statement object at 0x10841f5d0>, <pyang.statements.Statement object at 0x10841f850>, <pyang.statements.Statement object at 0x10841fad0>, <pyang.statements.Statement object at 0x10841fd50>, <pyang.statements.Statement object at 0x10841ffd0>, <pyang.statements.Statement object at 0x108424290>, <pyang.statements.Statement object at 0x108424510>, <pyang.statements.Statement object at 0x108424790>, <pyang.statements.Statement object at 0x108424a10>, <pyang.statements.Statement object at 0x108424c90>, <pyang.statements.Statement object at 0x1081d36d0>]
DEBUG:root:

DEBUG:root:[<pyang.statements.Statement object at 0x108533cd0>, <pyang.statements.Statement object at 0x108533d50>, <pyang.statements.Statement object at 0x108533fd0>]
DEBUG:root:

DEBUG:root:[<pyang.statements.Statement object at 0x1085fa650>, <pyang.statements.Statement object at 0x1085fa6d0>, <pyang.statements.Statement object at 0x1085fa750>, <pyang.statements.Statement object at 0x1085fa8d0>]
DEBUG:root:

DEBUG:root:[<pyang.statements.Statement object at 0x108431750>, <pyang.statements.Statement object at 0x1084319d0>, <pyang.statements.Statement object at 0x108431c50>, <pyang.statements.Statement object at 0x108431dd0>, <pyang.statements.Statement object at 0x108438090>, <pyang.statements.Statement object at 0x108438210>]
DEBUG:root:

DEBUG:root:[<pyang.statements.Statement object at 0x1084e3f50>, <pyang.statements.Statement object at 0x1084e3fd0>]
DEBUG:root:

DEBUG:root:[<pyang.statements.Statement object at 0x1084fe250>, <pyang.statements.Statement object at 0x1084fe2d0>]
DEBUG:root:

DEBUG:root:[<pyang.statements.Statement object at 0x1082a7690>, <pyang.statements.Statement object at 0x1082a7750>]
DEBUG:root:

DEBUG:root:[<pyang.statements.Statement object at 0x108131890>, <pyang.statements.Statement object at 0x108131910>]
DEBUG:root:

DEBUG:root:[<pyang.statements.Statement object at 0x10850cd90>, <pyang.statements.Statement object at 0x10850ce10>, <pyang.statements.Statement object at 0x1085120d0>, <pyang.statements.Statement object at 0x108512350>, <pyang.statements.Statement object at 0x1085125d0>, <pyang.statements.Statement object at 0x108512850>, <pyang.statements.Statement object at 0x108512ad0>, <pyang.statements.Statement object at 0x108512d50>, <pyang.statements.Statement object at 0x108518090>, <pyang.statements.Statement object at 0x108518310>, <pyang.statements.Statement object at 0x108518590>, <pyang.statements.Statement object at 0x108518890>, <pyang.statements.Statement object at 0x108518b10>, <pyang.statements.Statement object at 0x1081fd550>]
DEBUG:root:

DEBUG:root:[<pyang.statements.Statement object at 0x108542e90>, <pyang.statements.Statement object at 0x108542f10>, <pyang.statements.Statement object at 0x1085481d0>, <pyang.statements.Statement object at 0x1081fd990>]
DEBUG:root:

DEBUG:root:[<pyang.statements.Statement object at 0x1085fa0d0>, <pyang.statements.Statement object at 0x108214e10>, <pyang.statements.Statement object at 0x1085fa3d0>, <pyang.statements.Statement object at 0x108214e50>]
DEBUG:root:

DEBUG:root:[<pyang.statements.Statement object at 0x10829b410>, <pyang.statements.Statement object at 0x10829b490>, <pyang.statements.Statement object at 0x107fb6ad0>]
DEBUG:root:

DEBUG:root:[<pyang.statements.Statement object at 0x1084b4bd0>, <pyang.statements.Statement object at 0x1084b4e50>, <pyang.statements.Statement object at 0x1084ba110>, <pyang.statements.Statement object at 0x1084ba390>, <pyang.statements.Statement object at 0x1084ba610>, <pyang.statements.Statement object at 0x1084ba890>, <pyang.statements.Statement object at 0x1084bab10>, <pyang.statements.Statement object at 0x1084bae10>, <pyang.statements.Statement object at 0x1084c00d0>, <pyang.statements.Statement object at 0x1084c0390>]
DEBUG:root:

DEBUG:root:[<pyang.statements.Statement object at 0x1084fe4d0>, <pyang.statements.Statement object at 0x1084fe550>, <pyang.statements.Statement object at 0x1084fe750>]
DEBUG:root:

DEBUG:root:[<pyang.statements.Statement object at 0x108608cd0>, <pyang.statements.Statement object at 0x108608d50>, <pyang.statements.Statement object at 0x108608dd0>]
DEBUG:root:

DEBUG:root:[<pyang.statements.Statement object at 0x1084dc410>, <pyang.statements.Statement object at 0x1081d3e10>, <pyang.statements.Statement object at 0x1084dc6d0>, <pyang.statements.Statement object at 0x1081d3e50>]
DEBUG:root:

DEBUG:root:[<pyang.statements.Statement object at 0x108594e10>, <pyang.statements.Statement object at 0x108594e90>, <pyang.statements.Statement object at 0x10859a1d0>, <pyang.statements.Statement object at 0x10859a450>, <pyang.statements.Statement object at 0x1082140d0>]
DEBUG:root:

DEBUG:root:[<pyang.statements.Statement object at 0x108131b90>, <pyang.statements.Statement object at 0x108131c10>, <pyang.statements.Statement object at 0x1081d3bd0>]
DEBUG:root:

DEBUG:root:[<pyang.statements.Statement object at 0x1082e8650>, <pyang.statements.Statement object at 0x1082e88d0>, <pyang.statements.Statement object at 0x1082e8b50>, <pyang.statements.Statement object at 0x1082e8dd0>, <pyang.statements.Statement object at 0x1082ee090>, <pyang.statements.Statement object at 0x1082ee310>, <pyang.statements.Statement object at 0x1082ee590>, <pyang.statements.Statement object at 0x1082ee890>]
DEBUG:root:

DEBUG:root:[<pyang.statements.Statement object at 0x1084f6c50>, <pyang.statements.Statement object at 0x1081fd1d0>]
DEBUG:root:

DEBUG:root:[<pyang.statements.Statement object at 0x108526410>, <pyang.statements.Statement object at 0x108526490>, <pyang.statements.Statement object at 0x108526790>, <pyang.statements.Statement object at 0x1081fd5d0>]
DEBUG:root:

DEBUG:root:[<pyang.statements.Statement object at 0x10830a390>, <pyang.statements.Statement object at 0x10830a410>, <pyang.statements.Statement object at 0x10830a6d0>, <pyang.statements.Statement object at 0x10830a910>, <pyang.statements.Statement object at 0x1081ae7d0>, <pyang.statements.Statement object at 0x10830add0>]
DEBUG:root:

DEBUG:root:[<pyang.statements.Statement object at 0x10854f350>, <pyang.statements.Statement object at 0x10854f3d0>, <pyang.statements.Statement object at 0x1081fda10>]
DEBUG:root:

DEBUG:root:[<pyang.statements.Statement object at 0x10835a110>, <pyang.statements.Statement object at 0x10835a190>, <pyang.statements.Statement object at 0x10835a410>, <pyang.statements.Statement object at 0x10835a710>, <pyang.statements.Statement object at 0x10835a990>, <pyang.statements.Statement object at 0x1081aec50>, <pyang.statements.Statement object at 0x10835ae50>, <pyang.statements.Statement object at 0x10835f110>, <pyang.statements.Statement object at 0x10835f390>, <pyang.statements.Statement object at 0x10835f610>, <pyang.statements.Statement object at 0x10835f890>, <pyang.statements.Statement object at 0x10835fb10>, <pyang.statements.Statement object at 0x10835fe10>, <pyang.statements.Statement object at 0x1083660d0>, <pyang.statements.Statement object at 0x108366350>, <pyang.statements.Statement object at 0x1083665d0>, <pyang.statements.Statement object at 0x108366890>, <pyang.statements.Statement object at 0x108366ad0>, <pyang.statements.Statement object at 0x108366d90>, <pyang.statements.Statement object at 0x108366fd0>, <pyang.statements.Statement object at 0x1081aec90>, <pyang.statements.Statement object at 0x1081aecd0>, <pyang.statements.Statement object at 0x10836b750>, <pyang.statements.Statement object at 0x1081aed10>, <pyang.statements.Statement object at 0x10836bb50>, <pyang.statements.Statement object at 0x1081aed50>, <pyang.statements.Statement object at 0x10836bf10>, <pyang.statements.Statement object at 0x108373210>, <pyang.statements.Statement object at 0x108373350>, <pyang.statements.Statement object at 0x1083735d0>, <pyang.statements.Statement object at 0x108373850>, <pyang.statements.Statement object at 0x108373ad0>, <pyang.statements.Statement object at 0x108373d50>, <pyang.statements.Statement object at 0x108373fd0>, <pyang.statements.Statement object at 0x108379290>, <pyang.statements.Statement object at 0x108379510>, <pyang.statements.Statement object at 0x108379790>, <pyang.statements.Statement object at 0x108379a10>, <pyang.statements.Statement object at 0x108379b90>, <pyang.statements.Statement object at 0x108379e10>, <pyang.statements.Statement object at 0x1081aed90>, <pyang.statements.Statement object at 0x1081aedd0>]
DEBUG:root:

DEBUG:root:[<pyang.statements.Statement object at 0x108594a90>, <pyang.statements.Statement object at 0x108214050>, <pyang.statements.Statement object at 0x108214090>]
DEBUG:root:

DEBUG:root:[<pyang.statements.Statement object at 0x1085dddd0>, <pyang.statements.Statement object at 0x1085dde50>]
DEBUG:root:

DEBUG:root:[<pyang.statements.Statement object at 0x1085e4190>, <pyang.statements.Statement object at 0x1085e4210>, <pyang.statements.Statement object at 0x1085e4490>, <pyang.statements.Statement object at 0x1085e4710>, <pyang.statements.Statement object at 0x108214750>]
DEBUG:root:

DEBUG:root:[<pyang.statements.Statement object at 0x108608fd0>, <pyang.statements.Statement object at 0x10860f090>, <pyang.statements.Statement object at 0x10860f310>, <pyang.statements.Statement object at 0x108223550>]
DEBUG:root:

DEBUG:root:[<pyang.statements.Statement object at 0x10845fe90>, <pyang.statements.Statement object at 0x1084671d0>, <pyang.statements.Statement object at 0x108467450>, <pyang.statements.Statement object at 0x1084676d0>, <pyang.statements.Statement object at 0x108467950>, <pyang.statements.Statement object at 0x108467bd0>, <pyang.statements.Statement object at 0x108467e50>, <pyang.statements.Statement object at 0x10846d110>, <pyang.statements.Statement object at 0x10846d410>, <pyang.statements.Statement object at 0x1081d3cd0>, <pyang.statements.Statement object at 0x10846d8d0>]
DEBUG:root:

DEBUG:root:[<pyang.statements.Statement object at 0x1085dda50>, <pyang.statements.Statement object at 0x1085ddad0>]
DEBUG:root:

DEBUG:root:[<pyang.statements.Statement object at 0x1082fbcd0>, <pyang.statements.Statement object at 0x1082fbd50>]
DEBUG:root:

DEBUG:root:[<pyang.statements.Statement object at 0x1084f0e50>, <pyang.statements.Statement object at 0x1084f0ed0>, <pyang.statements.Statement object at 0x1081d3fd0>]
DEBUG:root:

DEBUG:root:[<pyang.statements.Statement object at 0x108557610>, <pyang.statements.Statement object at 0x108557690>, <pyang.statements.Statement object at 0x108557990>, <pyang.statements.Statement object at 0x108557c10>, <pyang.statements.Statement object at 0x1081fdad0>]
DEBUG:root:

DEBUG:root:[<pyang.statements.Statement object at 0x1084e9d10>, <pyang.statements.Statement object at 0x1084e9d90>, <pyang.statements.Statement object at 0x1084f0050>, <pyang.statements.Statement object at 0x1084f02d0>, <pyang.statements.Statement object at 0x1084f0510>, <pyang.statements.Statement object at 0x1081d3f90>]
DEBUG:root:

DEBUG:root:[<pyang.statements.Statement object at 0x108131550>, <pyang.statements.Statement object at 0x1081315d0>]
DEBUG:root:

DEBUG:root:[<pyang.statements.Statement object at 0x1084fe850>, <pyang.statements.Statement object at 0x1081fd410>, <pyang.statements.Statement object at 0x1081fd450>]
DEBUG:root:

DEBUG:root:[<pyang.statements.Statement object at 0x1084d0350>, <pyang.statements.Statement object at 0x1084d03d0>, <pyang.statements.Statement object at 0x1084d06d0>, <pyang.statements.Statement object at 0x1084d0950>]
DEBUG:root:

DEBUG:root:[<pyang.statements.Statement object at 0x108286950>, <pyang.statements.Statement object at 0x1082869d0>, <pyang.statements.Statement object at 0x108286cd0>, <pyang.statements.Statement object at 0x108286f50>, <pyang.statements.Statement object at 0x10828d210>, <pyang.statements.Statement object at 0x10828d510>, <pyang.statements.Statement object at 0x10828d790>, <pyang.statements.Statement object at 0x10828da50>, <pyang.statements.Statement object at 0x10828dcd0>, <pyang.statements.Statement object at 0x10828df90>, <pyang.statements.Statement object at 0x108293250>, <pyang.statements.Statement object at 0x107fb6a50>]
DEBUG:root:

DEBUG:root:[<pyang.statements.Statement object at 0x1084d5cd0>, <pyang.statements.Statement object at 0x1084d5d50>]
DEBUG:root:

DEBUG:root:[<pyang.statements.Statement object at 0x10844d650>, <pyang.statements.Statement object at 0x10844d6d0>, <pyang.statements.Statement object at 0x10844d9d0>, <pyang.statements.Statement object at 0x10844dc50>, <pyang.statements.Statement object at 0x107f45090>, <pyang.statements.Statement object at 0x10844df90>, <pyang.statements.Statement object at 0x1081d3b10>, <pyang.statements.Statement object at 0x1081d3b50>]
DEBUG:root:

DEBUG:root:[<pyang.statements.Statement object at 0x108578450>, <pyang.statements.Statement object at 0x1085784d0>, <pyang.statements.Statement object at 0x1085787d0>, <pyang.statements.Statement object at 0x108578a50>, <pyang.statements.Statement object at 0x1081fddd0>]
DEBUG:root:

DEBUG:root:[<pyang.statements.Statement object at 0x10856bf90>, <pyang.statements.Statement object at 0x108572050>, <pyang.statements.Statement object at 0x1081fdc90>]
DEBUG:root:

DEBUG:root:[<pyang.statements.Statement object at 0x108238dd0>, <pyang.statements.Statement object at 0x107fb6890>, <pyang.statements.Statement object at 0x107fb68d0>]
DEBUG:root:

DEBUG:root:[<pyang.statements.Statement object at 0x10850c210>, <pyang.statements.Statement object at 0x10850c290>, <pyang.statements.Statement object at 0x10850c590>, <pyang.statements.Statement object at 0x1081fd4d0>]
DEBUG:root:

DEBUG:root:[<pyang.statements.Statement object at 0x1082c0050>, <pyang.statements.Statement object at 0x1082c02d0>, <pyang.statements.Statement object at 0x1082c0550>, <pyang.statements.Statement object at 0x1082c07d0>, <pyang.statements.Statement object at 0x1082c0a50>, <pyang.statements.Statement object at 0x1082c0cd0>, <pyang.statements.Statement object at 0x1082c0f50>, <pyang.statements.Statement object at 0x1082c8210>]
DEBUG:root:

DEBUG:root:[<pyang.statements.Statement object at 0x108493c10>, <pyang.statements.Statement object at 0x108493e90>, <pyang.statements.Statement object at 0x10849b150>, <pyang.statements.Statement object at 0x10849b3d0>, <pyang.statements.Statement object at 0x10849b650>, <pyang.statements.Statement object at 0x10849b8d0>, <pyang.statements.Statement object at 0x10849bb50>, <pyang.statements.Statement object at 0x10849be50>, <pyang.statements.Statement object at 0x1084a1110>]
DEBUG:root:

DEBUG:root:[<pyang.statements.Statement object at 0x10857f910>, <pyang.statements.Statement object at 0x10857f990>, <pyang.statements.Statement object at 0x10857fc90>, <pyang.statements.Statement object at 0x10857ff10>, <pyang.statements.Statement object at 0x1085851d0>, <pyang.statements.Statement object at 0x108585450>, <pyang.statements.Statement object at 0x1085856d0>, <pyang.statements.Statement object at 0x108585950>, <pyang.statements.Statement object at 0x108585bd0>, <pyang.statements.Statement object at 0x108585dd0>, <pyang.statements.Statement object at 0x1081fded0>, <pyang.statements.Statement object at 0x10858c310>, <pyang.statements.Statement object at 0x10858c4d0>, <pyang.statements.Statement object at 0x10858c790>, <pyang.statements.Statement object at 0x1081fdf10>, <pyang.statements.Statement object at 0x1081fdf50>, <pyang.statements.Statement object at 0x1081fdf90>, <pyang.statements.Statement object at 0x108594050>, <pyang.statements.Statement object at 0x108594250>, <pyang.statements.Statement object at 0x1085944d0>, <pyang.statements.Statement object at 0x1081fdfd0>]
DEBUG:root:

DEBUG:root:[<pyang.statements.Statement object at 0x108578d50>, <pyang.statements.Statement object at 0x108578dd0>, <pyang.statements.Statement object at 0x10857f110>, <pyang.statements.Statement object at 0x1081fde50>]
DEBUG:root:

DEBUG:root:[<pyang.statements.Statement object at 0x10847ac50>, <pyang.statements.Statement object at 0x10847acd0>, <pyang.statements.Statement object at 0x10847af50>]
DEBUG:root:

DEBUG:root:[<pyang.statements.Statement object at 0x10813aed0>, <pyang.statements.Statement object at 0x10813af90>, <pyang.statements.Statement object at 0x108452250>]
DEBUG:root:

DEBUG:root:[<pyang.statements.Statement object at 0x10848d410>, <pyang.statements.Statement object at 0x10848d690>, <pyang.statements.Statement object at 0x10848d910>, <pyang.statements.Statement object at 0x10848db90>, <pyang.statements.Statement object at 0x10848de10>, <pyang.statements.Statement object at 0x1084930d0>, <pyang.statements.Statement object at 0x108493350>, <pyang.statements.Statement object at 0x108493650>, <pyang.statements.Statement object at 0x1084938d0>]
DEBUG:root:

DEBUG:root:[<pyang.statements.Statement object at 0x1082d4c10>, <pyang.statements.Statement object at 0x1082d4e90>, <pyang.statements.Statement object at 0x1082db150>, <pyang.statements.Statement object at 0x1082db3d0>, <pyang.statements.Statement object at 0x1082db650>, <pyang.statements.Statement object at 0x1082db8d0>, <pyang.statements.Statement object at 0x1082dbb50>, <pyang.statements.Statement object at 0x1082dbe50>, <pyang.statements.Statement object at 0x1082e2110>]
DEBUG:root:

DEBUG:root:[<pyang.statements.Statement object at 0x1085dd310>, <pyang.statements.Statement object at 0x1085dd390>, <pyang.statements.Statement object at 0x1085dd410>, <pyang.statements.Statement object at 0x1085dd5d0>]
DEBUG:root:

DEBUG:root:[<pyang.statements.Statement object at 0x1084e3410>, <pyang.statements.Statement object at 0x1084e3490>, <pyang.statements.Statement object at 0x1084e3710>, <pyang.statements.Statement object at 0x1084e3990>]
DEBUG:root:

DEBUG:root:[<pyang.statements.Statement object at 0x108572e10>, <pyang.statements.Statement object at 0x1081fdd50>, <pyang.statements.Statement object at 0x108578150>, <pyang.statements.Statement object at 0x1081fdd90>]
DEBUG:root:

DEBUG:root:[<pyang.statements.Statement object at 0x1082a79d0>, <pyang.statements.Statement object at 0x1082a7a50>, <pyang.statements.Statement object at 0x1082a7cd0>, <pyang.statements.Statement object at 0x1082a7f50>, <pyang.statements.Statement object at 0x1082ae210>, <pyang.statements.Statement object at 0x1082ae490>, <pyang.statements.Statement object at 0x1082ae710>, <pyang.statements.Statement object at 0x1082ae990>, <pyang.statements.Statement object at 0x1082aec10>, <pyang.statements.Statement object at 0x1082aee90>, <pyang.statements.Statement object at 0x1082b4050>, <pyang.statements.Statement object at 0x1082b41d0>, <pyang.statements.Statement object at 0x1082b4350>, <pyang.statements.Statement object at 0x1082b44d0>, <pyang.statements.Statement object at 0x1082b4650>, <pyang.statements.Statement object at 0x107fb6cd0>, <pyang.statements.Statement object at 0x1082b4910>, <pyang.statements.Statement object at 0x1081ae090>]
DEBUG:root:

DEBUG:root:[<pyang.statements.Statement object at 0x108601e90>, <pyang.statements.Statement object at 0x108601f10>, <pyang.statements.Statement object at 0x108608250>, <pyang.statements.Statement object at 0x1086084d0>, <pyang.statements.Statement object at 0x108608750>, <pyang.statements.Statement object at 0x1086089d0>, <pyang.statements.Statement object at 0x108223450>]
DEBUG:root:

DEBUG:root:[<pyang.statements.Statement object at 0x10844d310>, <pyang.statements.Statement object at 0x10844d390>, <pyang.statements.Statement object at 0x10844d410>]
DEBUG:root:

DEBUG:root:[<pyang.statements.Statement object at 0x108618650>, <pyang.statements.Statement object at 0x1086186d0>, <pyang.statements.Statement object at 0x108618950>, <pyang.statements.Statement object at 0x108223750>]
DEBUG:root:

DEBUG:root:[<pyang.statements.Statement object at 0x1084c0650>, <pyang.statements.Statement object at 0x1084c08d0>, <pyang.statements.Statement object at 0x1084c0b50>, <pyang.statements.Statement object at 0x1084c0dd0>, <pyang.statements.Statement object at 0x1084c6090>, <pyang.statements.Statement object at 0x1084c6310>, <pyang.statements.Statement object at 0x1084c6590>, <pyang.statements.Statement object at 0x1084c6810>, <pyang.statements.Statement object at 0x1084c6b10>, <pyang.statements.Statement object at 0x1084c6dd0>, <pyang.statements.Statement object at 0x1084d0090>]
DEBUG:root:

DEBUG:root:[<pyang.statements.Statement object at 0x10823fd90>, <pyang.statements.Statement object at 0x10823fe10>, <pyang.statements.Statement object at 0x1082461d0>]
DEBUG:root:

DEBUG:root:[<pyang.statements.Statement object at 0x108548c50>, <pyang.statements.Statement object at 0x108548cd0>, <pyang.statements.Statement object at 0x108548fd0>, <pyang.statements.Statement object at 0x1081fd9d0>]
DEBUG:root:

DEBUG:root:[<pyang.statements.Statement object at 0x108481ad0>, <pyang.statements.Statement object at 0x108481d50>, <pyang.statements.Statement object at 0x108481fd0>, <pyang.statements.Statement object at 0x108487290>, <pyang.statements.Statement object at 0x108487510>, <pyang.statements.Statement object at 0x108487790>, <pyang.statements.Statement object at 0x108487a10>, <pyang.statements.Statement object at 0x108487c90>, <pyang.statements.Statement object at 0x108487f10>, <pyang.statements.Statement object at 0x10848d1d0>]
DEBUG:root:

DEBUG:root:[<pyang.statements.Statement object at 0x108533450>, <pyang.statements.Statement object at 0x1085334d0>, <pyang.statements.Statement object at 0x1081fd710>]
DEBUG:root:

DEBUG:pip.utils:lzma module is not available
DEBUG:pip.vcs:Registered VCS backend: git
DEBUG:pip.vcs:Registered VCS backend: hg
DEBUG:pip.vcs:Registered VCS backend: svn
DEBUG:pip.vcs:Registered VCS backend: bzr
DEBUG:root:[<pyang.statements.Statement object at 0x1057ba510>, <pyang.statements.Statement object at 0x1057ba790>, <pyang.statements.Statement object at 0x1057baa10>, <pyang.statements.Statement object at 0x1057bac90>, <pyang.statements.Statement object at 0x1057baf10>, <pyang.statements.Statement object at 0x1057c01d0>, <pyang.statements.Statement object at 0x1057c0450>, <pyang.statements.Statement object at 0x1057c06d0>]
DEBUG:root:


DEBUG:root:[<pyang.statements.Statement object at 0x105ae41d0>, <pyang.statements.Statement object at 0x105706b50>]
DEBUG:root:


DEBUG:root:[<pyang.statements.Statement object at 0x105773c90>, <pyang.statements.Statement object at 0x105773d50>]
DEBUG:root:


DEBUG:root:[<pyang.statements.Statement object at 0x105a2d0d0>, <pyang.statements.Statement object at 0x1056f07d0>, <pyang.statements.Statement object at 0x1056f0810>, <pyang.statements.Statement object at 0x105a2d5d0>, <pyang.statements.Statement object at 0x1056f0850>]
DEBUG:root:


DEBUG:root:[<pyang.statements.Statement object at 0x105b0a050>, <pyang.statements.Statement object at 0x105b0a0d0>, <pyang.statements.Statement object at 0x1057156d0>, <pyang.statements.Statement object at 0x105715710>]
DEBUG:root:


DEBUG:root:[<pyang.statements.Statement object at 0x1057c09d0>, <pyang.statements.Statement object at 0x1057c0c50>, <pyang.statements.Statement object at 0x1057c0ed0>, <pyang.statements.Statement object at 0x1057c6190>, <pyang.statements.Statement object at 0x1057c6410>, <pyang.statements.Statement object at 0x1057c6690>, <pyang.statements.Statement object at 0x1057c6910>]
DEBUG:root:


DEBUG:root:[<pyang.statements.Statement object at 0x1059e2850>, <pyang.statements.Statement object at 0x1059e28d0>]
DEBUG:root:


DEBUG:root:[<pyang.statements.Statement object at 0x1059e8550>, <pyang.statements.Statement object at 0x1059e85d0>]
DEBUG:root:


DEBUG:root:[<pyang.statements.Statement object at 0x105a8c790>, <pyang.statements.Statement object at 0x105a8c810>, <pyang.statements.Statement object at 0x105a8ca90>, <pyang.statements.Statement object at 0x105a8cd10>, <pyang.statements.Statement object at 0x105706110>]
DEBUG:root:


DEBUG:root:[<pyang.statements.Statement object at 0x10599ae50>]
DEBUG:root:


DEBUG:root:[<pyang.statements.Statement object at 0x105a1f490>, <pyang.statements.Statement object at 0x105a1f510>]
DEBUG:root:


DEBUG:root:[<pyang.statements.Statement object at 0x105a49f10>, <pyang.statements.Statement object at 0x105a49f90>, <pyang.statements.Statement object at 0x1056f0b50>, <pyang.statements.Statement object at 0x105a4e490>, <pyang.statements.Statement object at 0x105a4e710>, <pyang.statements.Statement object at 0x105a4e990>, <pyang.statements.Statement object at 0x105a4ec10>, <pyang.statements.Statement object at 0x105a4ee90>, <pyang.statements.Statement object at 0x1056f0b90>, <pyang.statements.Statement object at 0x105a56390>, <pyang.statements.Statement object at 0x105a56590>, <pyang.statements.Statement object at 0x105a56890>, <pyang.statements.Statement object at 0x105a56b10>, <pyang.statements.Statement object at 0x105a56d90>, <pyang.statements.Statement object at 0x105a5d050>, <pyang.statements.Statement object at 0x105a5d2d0>, <pyang.statements.Statement object at 0x1056f0bd0>, <pyang.statements.Statement object at 0x105a5d790>, <pyang.statements.Statement object at 0x1056f0c10>, <pyang.statements.Statement object at 0x105a5dc50>, <pyang.statements.Statement object at 0x1056f0c50>]
DEBUG:root:


DEBUG:root:[<pyang.statements.Statement object at 0x10572a710>, <pyang.statements.Statement object at 0x10572a790>]
DEBUG:root:


DEBUG:root:[<pyang.statements.Statement object at 0x105add3d0>, <pyang.statements.Statement object at 0x1057067d0>, <pyang.statements.Statement object at 0x105706890>, <pyang.statements.Statement object at 0x105add850>, <pyang.statements.Statement object at 0x105adda50>, <pyang.statements.Statement object at 0x105addc50>, <pyang.statements.Statement object at 0x105adde90>, <pyang.statements.Statement object at 0x105ae40d0>]
DEBUG:root:


DEBUG:root:[<pyang.statements.Statement object at 0x105944810>, <pyang.statements.Statement object at 0x105944890>, <pyang.statements.Statement object at 0x105944b10>, <pyang.statements.Statement object at 0x105944d90>, <pyang.statements.Statement object at 0x10594b050>, <pyang.statements.Statement object at 0x10594b2d0>, <pyang.statements.Statement object at 0x10594b550>, <pyang.statements.Statement object at 0x10594b7d0>, <pyang.statements.Statement object at 0x10594ba50>, <pyang.statements.Statement object at 0x10594bcd0>]
DEBUG:root:


DEBUG:root:[<pyang.statements.Statement object at 0x105a64310>, <pyang.statements.Statement object at 0x105a64390>, <pyang.statements.Statement object at 0x1056f0cd0>]
DEBUG:root:


DEBUG:root:[<pyang.statements.Statement object at 0x105aa1310>, <pyang.statements.Statement object at 0x105706450>, <pyang.statements.Statement object at 0x105aa15d0>, <pyang.statements.Statement object at 0x105706490>, <pyang.statements.Statement object at 0x105aa1a10>, <pyang.statements.Statement object at 0x1057064d0>]
DEBUG:root:


DEBUG:root:[<pyang.statements.Statement object at 0x105a1fa90>, <pyang.statements.Statement object at 0x105a1fb10>]
DEBUG:root:


DEBUG:root:[<pyang.statements.Statement object at 0x105af3b90>, <pyang.statements.Statement object at 0x105af3c10>]
DEBUG:root:


DEBUG:root:[<pyang.statements.Statement object at 0x1058086d0>, <pyang.statements.Statement object at 0x105808750>, <pyang.statements.Statement object at 0x1058087d0>, <pyang.statements.Statement object at 0x1056a0890>]
DEBUG:root:


DEBUG:root:[<pyang.statements.Statement object at 0x105ad6a10>, <pyang.statements.Statement object at 0x105ad6a90>, <pyang.statements.Statement object at 0x105ad6d90>, <pyang.statements.Statement object at 0x105add050>, <pyang.statements.Statement object at 0x105706790>]
DEBUG:root:


DEBUG:root:[<pyang.statements.Statement object at 0x105738550>, <pyang.statements.Statement object at 0x1057385d0>, <pyang.statements.Statement object at 0x105738850>]
DEBUG:root:


DEBUG:root:[<pyang.statements.Statement object at 0x1059ce810>, <pyang.statements.Statement object at 0x1059ce890>, <pyang.statements.Statement object at 0x1059ceb90>, <pyang.statements.Statement object at 0x1056c5e90>]
DEBUG:root:


DEBUG:root:[<pyang.statements.Statement object at 0x105a9ad50>, <pyang.statements.Statement object at 0x1057063d0>, <pyang.statements.Statement object at 0x105aa1050>, <pyang.statements.Statement object at 0x105706410>]
DEBUG:root:


DEBUG:root:[<pyang.statements.Statement object at 0x1058c1390>, <pyang.statements.Statement object at 0x1058c1410>, <pyang.statements.Statement object at 0x1058c1690>, <pyang.statements.Statement object at 0x1058c1910>, <pyang.statements.Statement object at 0x1058c1b90>, <pyang.statements.Statement object at 0x1056c5190>, <pyang.statements.Statement object at 0x1056c51d0>, <pyang.statements.Statement object at 0x1058c72d0>, <pyang.statements.Statement object at 0x1058c7550>, <pyang.statements.Statement object at 0x1058c77d0>, <pyang.statements.Statement object at 0x1058c7a50>, <pyang.statements.Statement object at 0x1058c7cd0>, <pyang.statements.Statement object at 0x1058c7f50>, <pyang.statements.Statement object at 0x1058ce210>, <pyang.statements.Statement object at 0x1058ce490>, <pyang.statements.Statement object at 0x1058ce750>, <pyang.statements.Statement object at 0x1058ce9d0>, <pyang.statements.Statement object at 0x1058cec10>, <pyang.statements.Statement object at 0x1058cee90>, <pyang.statements.Statement object at 0x1058d4150>, <pyang.statements.Statement object at 0x1058d4450>, <pyang.statements.Statement object at 0x1058d4710>, <pyang.statements.Statement object at 0x1058d4990>, <pyang.statements.Statement object at 0x1056c5210>, <pyang.statements.Statement object at 0x1056c5250>, <pyang.statements.Statement object at 0x1058da0d0>, <pyang.statements.Statement object at 0x1056c5290>, <pyang.statements.Statement object at 0x1058da4d0>, <pyang.statements.Statement object at 0x1056c52d0>, <pyang.statements.Statement object at 0x1058da890>, <pyang.statements.Statement object at 0x1058dab50>, <pyang.statements.Statement object at 0x1058dad10>, <pyang.statements.Statement object at 0x1058daf90>, <pyang.statements.Statement object at 0x1058e1250>, <pyang.statements.Statement object at 0x1058e14d0>, <pyang.statements.Statement object at 0x1058e1750>, <pyang.statements.Statement object at 0x1058e19d0>, <pyang.statements.Statement object at 0x1058e1c50>, <pyang.statements.Statement object at 0x1058e1ed0>, <pyang.statements.Statement object at 0x1058e9190>, <pyang.statements.Statement object at 0x1058e9410>, <pyang.statements.Statement object at 0x1058e9710>, <pyang.statements.Statement object at 0x1058e9990>, <pyang.statements.Statement object at 0x1058e9c10>, <pyang.statements.Statement object at 0x1058e9e90>, <pyang.statements.Statement object at 0x1058ef150>, <pyang.statements.Statement object at 0x1058ef3d0>, <pyang.statements.Statement object at 0x1058ef550>, <pyang.statements.Statement object at 0x1058ef7d0>, <pyang.statements.Statement object at 0x1058ef950>, <pyang.statements.Statement object at 0x1058efb50>, <pyang.statements.Statement object at 0x1058f5290>, <pyang.statements.Statement object at 0x1058f5510>, <pyang.statements.Statement object at 0x1058f5690>, <pyang.statements.Statement object at 0x1058f5950>, <pyang.statements.Statement object at 0x1056c5510>]
DEBUG:root:


DEBUG:root:[<pyang.statements.Statement object at 0x105b0ac90>, <pyang.statements.Statement object at 0x105715790>, <pyang.statements.Statement object at 0x1057157d0>]
DEBUG:root:


DEBUG:root:[<pyang.statements.Statement object at 0x105a64710>, <pyang.statements.Statement object at 0x105a64790>, <pyang.statements.Statement object at 0x105a64a90>, <pyang.statements.Statement object at 0x1056f0d10>]
DEBUG:root:


DEBUG:root:[<pyang.statements.Statement object at 0x105966c90>, <pyang.statements.Statement object at 0x105966f10>, <pyang.statements.Statement object at 0x10596c1d0>, <pyang.statements.Statement object at 0x10596c450>, <pyang.statements.Statement object at 0x10596c6d0>, <pyang.statements.Statement object at 0x10596c950>]
DEBUG:root:


DEBUG:root:[<pyang.statements.Statement object at 0x105731a50>, <pyang.statements.Statement object at 0x1054a8e90>]
DEBUG:root:


DEBUG:root:[<pyang.statements.Statement object at 0x105808290>, <pyang.statements.Statement object at 0x105808310>, <pyang.statements.Statement object at 0x1056a0850>]
DEBUG:root:


DEBUG:root:[<pyang.statements.Statement object at 0x105623ed0>, <pyang.statements.Statement object at 0x105623f50>, <pyang.statements.Statement object at 0x105633210>, <pyang.statements.Statement object at 0x1056c5c10>, <pyang.statements.Statement object at 0x1056c5c50>]
DEBUG:root:


DEBUG:root:[<pyang.statements.Statement object at 0x1059c2bd0>, <pyang.statements.Statement object at 0x1059c2c50>, <pyang.statements.Statement object at 0x1059c2f50>, <pyang.statements.Statement object at 0x1059c7210>, <pyang.statements.Statement object at 0x1059c7490>, <pyang.statements.Statement object at 0x1059c7710>, <pyang.statements.Statement object at 0x1059c7990>]
DEBUG:root:


DEBUG:root:[<pyang.statements.Statement object at 0x105abcfd0>, <pyang.statements.Statement object at 0x105ac1090>, <pyang.statements.Statement object at 0x105ac1310>, <pyang.statements.Statement object at 0x105ac1610>, <pyang.statements.Statement object at 0x105ac1890>, <pyang.statements.Statement object at 0x105ac1b10>, <pyang.statements.Statement object at 0x105ac1d90>, <pyang.statements.Statement object at 0x105ac8050>, <pyang.statements.Statement object at 0x1057065d0>]
DEBUG:root:


DEBUG:root:[<pyang.statements.Statement object at 0x105b16ed0>, <pyang.statements.Statement object at 0x105b16f50>, <pyang.statements.Statement object at 0x105b1e290>, <pyang.statements.Statement object at 0x105715890>]
DEBUG:root:


DEBUG:root:[<pyang.statements.Statement object at 0x10581d110>, <pyang.statements.Statement object at 0x10581d190>, <pyang.statements.Statement object at 0x10581d490>, <pyang.statements.Statement object at 0x10581d710>, <pyang.statements.Statement object at 0x10581d990>, <pyang.statements.Statement object at 0x10581dc10>, <pyang.statements.Statement object at 0x1056a09d0>]
DEBUG:root:


DEBUG:root:[<pyang.statements.Statement object at 0x1059398d0>]
DEBUG:root:


DEBUG:root:[<pyang.statements.Statement object at 0x1059e2b50>, <pyang.statements.Statement object at 0x1059e2bd0>]
DEBUG:root:


DEBUG:root:[<pyang.statements.Statement object at 0x1059c7fd0>, <pyang.statements.Statement object at 0x1059ce090>, <pyang.statements.Statement object at 0x1056c5dd0>]
DEBUG:root:


DEBUG:root:[<pyang.statements.Statement object at 0x10580f250>, <pyang.statements.Statement object at 0x10580f2d0>, <pyang.statements.Statement object at 0x10580f550>, <pyang.statements.Statement object at 0x10580f7d0>, <pyang.statements.Statement object at 0x10580fa50>, <pyang.statements.Statement object at 0x10580fcd0>, <pyang.statements.Statement object at 0x10580ff50>, <pyang.statements.Statement object at 0x105815210>, <pyang.statements.Statement object at 0x105815490>, <pyang.statements.Statement object at 0x105815710>, <pyang.statements.Statement object at 0x1056a0990>, <pyang.statements.Statement object at 0x105815bd0>, <pyang.statements.Statement object at 0x105815e50>]
DEBUG:root:


DEBUG:root:[<pyang.statements.Statement object at 0x10599f110>, <pyang.statements.Statement object at 0x10599f390>, <pyang.statements.Statement object at 0x10599f610>, <pyang.statements.Statement object at 0x10599f890>, <pyang.statements.Statement object at 0x10599fb10>, <pyang.statements.Statement object at 0x10599fd90>, <pyang.statements.Statement object at 0x1059a6050>, <pyang.statements.Statement object at 0x1059a6350>, <pyang.statements.Statement object at 0x1059a65d0>, <pyang.statements.Statement object at 0x1059a6910>]
DEBUG:root:


DEBUG:root:[<pyang.statements.Statement object at 0x10595fb50>, <pyang.statements.Statement object at 0x10595fbd0>, <pyang.statements.Statement object at 0x10595fed0>, <pyang.statements.Statement object at 0x105966190>]
DEBUG:root:


DEBUG:root:[<pyang.statements.Statement object at 0x105ae48d0>, <pyang.statements.Statement object at 0x105ae4950>, <pyang.statements.Statement object at 0x105706c50>, <pyang.statements.Statement object at 0x105ae4d10>, <pyang.statements.Statement object at 0x105ae4ed0>, <pyang.statements.Statement object at 0x105ae4f90>]
DEBUG:root:


DEBUG:root:[<pyang.statements.Statement object at 0x10594bf50>, <pyang.statements.Statement object at 0x10594bfd0>, <pyang.statements.Statement object at 0x105951310>, <pyang.statements.Statement object at 0x105951590>]
DEBUG:root:


DEBUG:root:[<pyang.statements.Statement object at 0x1059669d0>, <pyang.statements.Statement object at 0x105966a50>]
DEBUG:root:


DEBUG:root:[<pyang.statements.Statement object at 0x10572aa50>, <pyang.statements.Statement object at 0x10572aad0>]
DEBUG:root:


DEBUG:root:[<pyang.statements.Statement object at 0x105731390>, <pyang.statements.Statement object at 0x105731410>, <pyang.statements.Statement object at 0x105731710>, <pyang.statements.Statement object at 0x1054a8e50>]
DEBUG:root:


DEBUG:root:[<pyang.statements.Statement object at 0x10581df50>, <pyang.statements.Statement object at 0x10581dfd0>, <pyang.statements.Statement object at 0x105822310>, <pyang.statements.Statement object at 0x1056a0a10>]
DEBUG:root:


DEBUG:root:[<pyang.statements.Statement object at 0x105633c10>, <pyang.statements.Statement object at 0x105633c90>, <pyang.statements.Statement object at 0x105633f10>, <pyang.statements.Statement object at 0x10562c1d0>, <pyang.statements.Statement object at 0x10562c450>, <pyang.statements.Statement object at 0x10562c6d0>, <pyang.statements.Statement object at 0x10562c950>, <pyang.statements.Statement object at 0x10562cbd0>]
DEBUG:root:


DEBUG:root:[<pyang.statements.Statement object at 0x105a18ad0>, <pyang.statements.Statement object at 0x105a18b50>, <pyang.statements.Statement object at 0x105a18e50>, <pyang.statements.Statement object at 0x1056f0610>]
DEBUG:root:


DEBUG:root:[<pyang.statements.Statement object at 0x105b10090>, <pyang.statements.Statement object at 0x105b10110>, <pyang.statements.Statement object at 0x105b10410>, <pyang.statements.Statement object at 0x105b10690>, <pyang.statements.Statement object at 0x105b10910>, <pyang.statements.Statement object at 0x105b10b90>, <pyang.statements.Statement object at 0x105b10e90>, <pyang.statements.Statement object at 0x105b16150>, <pyang.statements.Statement object at 0x105b163d0>, <pyang.statements.Statement object at 0x105b16650>, <pyang.statements.Statement object at 0x105b168d0>, <pyang.statements.Statement object at 0x105715810>]
DEBUG:root:


DEBUG:root:[<pyang.statements.Statement object at 0x1057942d0>, <pyang.statements.Statement object at 0x105794350>, <pyang.statements.Statement object at 0x1057945d0>, <pyang.statements.Statement object at 0x105794850>, <pyang.statements.Statement object at 0x105794ad0>, <pyang.statements.Statement object at 0x105794d50>, <pyang.statements.Statement object at 0x105794fd0>, <pyang.statements.Statement object at 0x1054a8790>]
DEBUG:root:


DEBUG:root:[<pyang.statements.Statement object at 0x105b01d10>, <pyang.statements.Statement object at 0x105b01d90>]
DEBUG:root:


DEBUG:root:[<pyang.statements.Statement object at 0x1059f0c10>, <pyang.statements.Statement object at 0x1059f0c90>, <pyang.statements.Statement object at 0x1059f0f10>, <pyang.statements.Statement object at 0x1059f71d0>, <pyang.statements.Statement object at 0x1059f7450>, <pyang.statements.Statement object at 0x1059f76d0>, <pyang.statements.Statement object at 0x1059f7950>, <pyang.statements.Statement object at 0x1059f7c10>, <pyang.statements.Statement object at 0x1059f7e50>, <pyang.statements.Statement object at 0x1056f0490>]
DEBUG:root:


DEBUG:root:[<pyang.statements.Statement object at 0x105785590>, <pyang.statements.Statement object at 0x105785610>, <pyang.statements.Statement object at 0x1057858d0>, <pyang.statements.Statement object at 0x105785b50>, <pyang.statements.Statement object at 0x105785e10>, <pyang.statements.Statement object at 0x10578d0d0>, <pyang.statements.Statement object at 0x1054a8b10>]
DEBUG:root:


DEBUG:root:[<pyang.statements.Statement object at 0x105a9a410>, <pyang.statements.Statement object at 0x105a9a490>, <pyang.statements.Statement object at 0x105a9a790>, <pyang.statements.Statement object at 0x105a9aa10>, <pyang.statements.Statement object at 0x105706390>]
DEBUG:root:


DEBUG:root:[<pyang.statements.Statement object at 0x105738b50>, <pyang.statements.Statement object at 0x105738bd0>, <pyang.statements.Statement object at 0x105738e50>, <pyang.statements.Statement object at 0x10573e110>, <pyang.statements.Statement object at 0x10573e390>, <pyang.statements.Statement object at 0x10573e610>, <pyang.statements.Statement object at 0x10573e890>, <pyang.statements.Statement object at 0x10573eb10>, <pyang.statements.Statement object at 0x10573ed90>, <pyang.statements.Statement object at 0x105744050>, <pyang.statements.Statement object at 0x1057442d0>, <pyang.statements.Statement object at 0x105744550>, <pyang.statements.Statement object at 0x1057447d0>, <pyang.statements.Statement object at 0x105744a50>, <pyang.statements.Statement object at 0x105744cd0>, <pyang.statements.Statement object at 0x105744f50>, <pyang.statements.Statement object at 0x10574b210>, <pyang.statements.Statement object at 0x10574b490>, <pyang.statements.Statement object at 0x10574b710>, <pyang.statements.Statement object at 0x10574b990>, <pyang.statements.Statement object at 0x10574bc10>, <pyang.statements.Statement object at 0x10574be90>, <pyang.statements.Statement object at 0x105751150>, <pyang.statements.Statement object at 0x1057513d0>, <pyang.statements.Statement object at 0x105751650>, <pyang.statements.Statement object at 0x1057518d0>, <pyang.statements.Statement object at 0x105751b50>, <pyang.statements.Statement object at 0x105751dd0>, <pyang.statements.Statement object at 0x105759090>, <pyang.statements.Statement object at 0x105759310>, <pyang.statements.Statement object at 0x105759590>, <pyang.statements.Statement object at 0x105759810>, <pyang.statements.Statement object at 0x105759a90>, <pyang.statements.Statement object at 0x105759d10>, <pyang.statements.Statement object at 0x105759f90>, <pyang.statements.Statement object at 0x10575f250>, <pyang.statements.Statement object at 0x10575f4d0>, <pyang.statements.Statement object at 0x10575f750>, <pyang.statements.Statement object at 0x10575f9d0>, <pyang.statements.Statement object at 0x10575fc50>, <pyang.statements.Statement object at 0x10575fed0>, <pyang.statements.Statement object at 0x105766190>, <pyang.statements.Statement object at 0x105766410>, <pyang.statements.Statement object at 0x105766690>, <pyang.statements.Statement object at 0x105766910>, <pyang.statements.Statement object at 0x105766b90>, <pyang.statements.Statement object at 0x105766e10>, <pyang.statements.Statement object at 0x10576c0d0>, <pyang.statements.Statement object at 0x10576c350>, <pyang.statements.Statement object at 0x10576c5d0>, <pyang.statements.Statement object at 0x10576c8d0>, <pyang.statements.Statement object at 0x10576cbd0>, <pyang.statements.Statement object at 0x10576ced0>, <pyang.statements.Statement object at 0x105773190>, <pyang.statements.Statement object at 0x105773410>, <pyang.statements.Statement object at 0x105773690>, <pyang.statements.Statement object at 0x105773910>, <pyang.statements.Statement object at 0x1054a8e10>]
DEBUG:root:


DEBUG:root:[<pyang.statements.Statement object at 0x10571fd90>, <pyang.statements.Statement object at 0x10571fe10>, <pyang.statements.Statement object at 0x1057240d0>, <pyang.statements.Statement object at 0x1057243d0>, <pyang.statements.Statement object at 0x105724650>, <pyang.statements.Statement object at 0x1057248d0>, <pyang.statements.Statement object at 0x105724b50>, <pyang.statements.Statement object at 0x105724e10>, <pyang.statements.Statement object at 0x10572a110>, <pyang.statements.Statement object at 0x10572a410>]
DEBUG:root:


DEBUG:root:[<pyang.statements.Statement object at 0x10571f710>, <pyang.statements.Statement object at 0x10571f790>, <pyang.statements.Statement object at 0x10571fa90>]
DEBUG:root:


DEBUG:root:[<pyang.statements.Statement object at 0x10591e710>, <pyang.statements.Statement object at 0x10591e990>, <pyang.statements.Statement object at 0x10591ec10>, <pyang.statements.Statement object at 0x10591ed90>, <pyang.statements.Statement object at 0x105923050>, <pyang.statements.Statement object at 0x1059232d0>, <pyang.statements.Statement object at 0x105923550>]
DEBUG:root:


DEBUG:root:[<pyang.statements.Statement object at 0x105b1e590>, <pyang.statements.Statement object at 0x105b1e610>, <pyang.statements.Statement object at 0x105b1e890>, <pyang.statements.Statement object at 0x105b1ea90>, <pyang.statements.Statement object at 0x105b1ecd0>, <pyang.statements.Statement object at 0x105b1eed0>, <pyang.statements.Statement object at 0x105b250d0>]
DEBUG:root:


DEBUG:root:[<pyang.statements.Statement object at 0x105a41750>, <pyang.statements.Statement object at 0x105a417d0>, <pyang.statements.Statement object at 0x105a41a90>, <pyang.statements.Statement object at 0x105a41c50>, <pyang.statements.Statement object at 0x105a41f10>, <pyang.statements.Statement object at 0x105a49110>, <pyang.statements.Statement object at 0x1056f0a50>, <pyang.statements.Statement object at 0x1056f0a90>]
DEBUG:root:


DEBUG:root:[<pyang.statements.Statement object at 0x105916ed0>, <pyang.statements.Statement object at 0x10591e190>, <pyang.statements.Statement object at 0x10591e410>]
DEBUG:root:


DEBUG:root:[<pyang.statements.Statement object at 0x105778090>, <pyang.statements.Statement object at 0x105778110>, <pyang.statements.Statement object at 0x105778410>, <pyang.statements.Statement object at 0x1054a8990>]
DEBUG:root:


DEBUG:root:[<pyang.statements.Statement object at 0x105ae4490>, <pyang.statements.Statement object at 0x105ae4510>, <pyang.statements.Statement object at 0x105706b90>]
DEBUG:root:


DEBUG:root:[<pyang.statements.Statement object at 0x105a2df90>, <pyang.statements.Statement object at 0x105a34050>, <pyang.statements.Statement object at 0x105a34350>, <pyang.statements.Statement object at 0x105a345d0>, <pyang.statements.Statement object at 0x105a34850>, <pyang.statements.Statement object at 0x105a34b50>, <pyang.statements.Statement object at 0x1056f0950>]
DEBUG:root:


DEBUG:root:[<pyang.statements.Statement object at 0x105a18090>, <pyang.statements.Statement object at 0x105a18110>]
DEBUG:root:


DEBUG:root:[<pyang.statements.Statement object at 0x105799350>, <pyang.statements.Statement object at 0x1057993d0>]
DEBUG:root:


DEBUG:root:[<pyang.statements.Statement object at 0x1057d4410>, <pyang.statements.Statement object at 0x1057d4690>, <pyang.statements.Statement object at 0x1057d4910>, <pyang.statements.Statement object at 0x1057d4b90>, <pyang.statements.Statement object at 0x1057d4e10>, <pyang.statements.Statement object at 0x1057da0d0>, <pyang.statements.Statement object at 0x1057da350>]
DEBUG:root:


DEBUG:root:[<pyang.statements.Statement object at 0x1058723d0>, <pyang.statements.Statement object at 0x105872450>, <pyang.statements.Statement object at 0x1058726d0>, <pyang.statements.Statement object at 0x1058729d0>, <pyang.statements.Statement object at 0x105872c50>, <pyang.statements.Statement object at 0x1056a0e10>, <pyang.statements.Statement object at 0x105879150>, <pyang.statements.Statement object at 0x105879450>, <pyang.statements.Statement object at 0x1058796d0>, <pyang.statements.Statement object at 0x105879950>, <pyang.statements.Statement object at 0x105879c50>, <pyang.statements.Statement object at 0x105879ed0>, <pyang.statements.Statement object at 0x10587f1d0>, <pyang.statements.Statement object at 0x10587f410>, <pyang.statements.Statement object at 0x10587f6d0>, <pyang.statements.Statement object at 0x10587f950>, <pyang.statements.Statement object at 0x1056a0e50>, <pyang.statements.Statement object at 0x1056a0e90>, <pyang.statements.Statement object at 0x105886090>, <pyang.statements.Statement object at 0x1056a0ed0>, <pyang.statements.Statement object at 0x105886490>, <pyang.statements.Statement object at 0x1056a0f10>, <pyang.statements.Statement object at 0x105886850>, <pyang.statements.Statement object at 0x105886b10>, <pyang.statements.Statement object at 0x105886c50>, <pyang.statements.Statement object at 0x105886ed0>, <pyang.statements.Statement object at 0x10588b190>, <pyang.statements.Statement object at 0x10588b410>, <pyang.statements.Statement object at 0x10588b690>, <pyang.statements.Statement object at 0x10588b910>, <pyang.statements.Statement object at 0x10588bb90>, <pyang.statements.Statement object at 0x10588be10>, <pyang.statements.Statement object at 0x1058920d0>, <pyang.statements.Statement object at 0x105892350>, <pyang.statements.Statement object at 0x1058924d0>, <pyang.statements.Statement object at 0x105892750>, <pyang.statements.Statement object at 0x1056a0f50>]
DEBUG:root:


DEBUG:root:[<pyang.statements.Statement object at 0x1057ed3d0>, <pyang.statements.Statement object at 0x1057ed450>, <pyang.statements.Statement object at 0x1057ed6d0>, <pyang.statements.Statement object at 0x1057ed950>, <pyang.statements.Statement object at 0x1056a0150>, <pyang.statements.Statement object at 0x1056a03d0>, <pyang.statements.Statement object at 0x1056a05d0>, <pyang.statements.Statement object at 0x1056a0790>]
DEBUG:root:


DEBUG:root:[<pyang.statements.Statement object at 0x105a25150>, <pyang.statements.Statement object at 0x105a251d0>]
DEBUG:root:


DEBUG:root:[<pyang.statements.Statement object at 0x105822ad0>, <pyang.statements.Statement object at 0x105822b50>, <pyang.statements.Statement object at 0x1056a0ad0>]
DEBUG:root:


DEBUG:root:[<pyang.statements.Statement object at 0x1057e0bd0>, <pyang.statements.Statement object at 0x1057e0e50>, <pyang.statements.Statement object at 0x1057e6110>, <pyang.statements.Statement object at 0x1057e6390>, <pyang.statements.Statement object at 0x1057e6610>, <pyang.statements.Statement object at 0x1057e6890>, <pyang.statements.Statement object at 0x1057e6b10>, <pyang.statements.Statement object at 0x1057e6d90>, <pyang.statements.Statement object at 0x1057ed0d0>]
DEBUG:root:


DEBUG:root:[<pyang.statements.Statement object at 0x105993410>, <pyang.statements.Statement object at 0x105993690>, <pyang.statements.Statement object at 0x105993910>, <pyang.statements.Statement object at 0x105993b90>, <pyang.statements.Statement object at 0x105993e10>, <pyang.statements.Statement object at 0x10599a0d0>, <pyang.statements.Statement object at 0x10599a350>, <pyang.statements.Statement object at 0x10599a5d0>, <pyang.statements.Statement object at 0x10599a8d0>, <pyang.statements.Statement object at 0x10599ab50>]
DEBUG:root:


DEBUG:root:[<pyang.statements.Statement object at 0x105801490>, <pyang.statements.Statement object at 0x105801510>, <pyang.statements.Statement object at 0x105801810>, <pyang.statements.Statement object at 0x105801ad0>, <pyang.statements.Statement object at 0x105801d10>, <pyang.statements.Statement object at 0x1056a0810>]
DEBUG:root:


DEBUG:root:[<pyang.statements.Statement object at 0x105aa1d10>, <pyang.statements.Statement object at 0x105aa1d90>, <pyang.statements.Statement object at 0x105aa70d0>, <pyang.statements.Statement object at 0x105aa7350>, <pyang.statements.Statement object at 0x105aa75d0>, <pyang.statements.Statement object at 0x105aa7850>, <pyang.statements.Statement object at 0x105aa7ad0>, <pyang.statements.Statement object at 0x105aa7d50>, <pyang.statements.Statement object at 0x105706510>, <pyang.statements.Statement object at 0x105aae2d0>, <pyang.statements.Statement object at 0x105706550>, <pyang.statements.Statement object at 0x105aae810>, <pyang.statements.Statement object at 0x105aaeb10>, <pyang.statements.Statement object at 0x105aaed90>, <pyang.statements.Statement object at 0x105ab50d0>, <pyang.statements.Statement object at 0x105ab5350>, <pyang.statements.Statement object at 0x105ab5650>, <pyang.statements.Statement object at 0x105ab58d0>, <pyang.statements.Statement object at 0x105ab5a50>, <pyang.statements.Statement object at 0x105ab5bd0>, <pyang.statements.Statement object at 0x105ab5d50>, <pyang.statements.Statement object at 0x105ab5ed0>, <pyang.statements.Statement object at 0x105abc090>, <pyang.statements.Statement object at 0x105abc210>, <pyang.statements.Statement object at 0x105abc390>, <pyang.statements.Statement object at 0x105abc6d0>, <pyang.statements.Statement object at 0x105abc950>, <pyang.statements.Statement object at 0x105706590>]
DEBUG:root:


DEBUG:root:[<pyang.statements.Statement object at 0x105ac8e90>, <pyang.statements.Statement object at 0x105ac8f50>, <pyang.statements.Statement object at 0x105706610>]
DEBUG:root:


DEBUG:root:[<pyang.statements.Statement object at 0x105a93b50>, <pyang.statements.Statement object at 0x105a93bd0>, <pyang.statements.Statement object at 0x105a93dd0>, <pyang.statements.Statement object at 0x105a93fd0>]
DEBUG:root:


DEBUG:root:[<pyang.statements.Statement object at 0x105aec9d0>, <pyang.statements.Statement object at 0x105aeca50>, <pyang.statements.Statement object at 0x105aecc50>, <pyang.statements.Statement object at 0x105aece50>, <pyang.statements.Statement object at 0x1057150d0>, <pyang.statements.Statement object at 0x105af3250>, <pyang.statements.Statement object at 0x105af33d0>, <pyang.statements.Statement object at 0x105af35d0>, <pyang.statements.Statement object at 0x105715310>, <pyang.statements.Statement object at 0x105af3910>, <pyang.statements.Statement object at 0x105af3a90>]
DEBUG:root:


DEBUG:root:[<pyang.statements.Statement object at 0x105822ed0>, <pyang.statements.Statement object at 0x105822f50>, <pyang.statements.Statement object at 0x105829210>, <pyang.statements.Statement object at 0x105829510>, <pyang.statements.Statement object at 0x105829790>, <pyang.statements.Statement object at 0x105829a10>, <pyang.statements.Statement object at 0x105829c90>, <pyang.statements.Statement object at 0x105829f90>, <pyang.statements.Statement object at 0x10582f250>, <pyang.statements.Statement object at 0x10582f4d0>, <pyang.statements.Statement object at 0x10582f7d0>, <pyang.statements.Statement object at 0x10582fa50>, <pyang.statements.Statement object at 0x10582fcd0>, <pyang.statements.Statement object at 0x10582ff50>, <pyang.statements.Statement object at 0x105837250>, <pyang.statements.Statement object at 0x1058374d0>, <pyang.statements.Statement object at 0x1056a0b10>, <pyang.statements.Statement object at 0x1056a0b50>, <pyang.statements.Statement object at 0x105837bd0>, <pyang.statements.Statement object at 0x1056a0b90>, <pyang.statements.Statement object at 0x105837fd0>, <pyang.statements.Statement object at 0x1056a0bd0>, <pyang.statements.Statement object at 0x10583e3d0>, <pyang.statements.Statement object at 0x10583e650>, <pyang.statements.Statement object at 0x10583e7d0>, <pyang.statements.Statement object at 0x10583ea50>, <pyang.statements.Statement object at 0x10583ecd0>, <pyang.statements.Statement object at 0x10583ef50>, <pyang.statements.Statement object at 0x105844210>, <pyang.statements.Statement object at 0x105844490>, <pyang.statements.Statement object at 0x105844710>, <pyang.statements.Statement object at 0x105844990>, <pyang.statements.Statement object at 0x105844c10>, <pyang.statements.Statement object at 0x105844e90>, <pyang.statements.Statement object at 0x1056a0c10>]
DEBUG:root:


DEBUG:root:[<pyang.statements.Statement object at 0x105892a90>, <pyang.statements.Statement object at 0x105892b10>, <pyang.statements.Statement object at 0x105892d90>, <pyang.statements.Statement object at 0x10589a0d0>, <pyang.statements.Statement object at 0x10589a350>, <pyang.statements.Statement object at 0x1056a0f90>, <pyang.statements.Statement object at 0x10589a810>, <pyang.statements.Statement object at 0x10589aa90>, <pyang.statements.Statement object at 0x10589ad10>, <pyang.statements.Statement object at 0x10589af90>, <pyang.statements.Statement object at 0x1058a0250>, <pyang.statements.Statement object at 0x1058a04d0>, <pyang.statements.Statement object at 0x1058a07d0>, <pyang.statements.Statement object at 0x1058a0a50>, <pyang.statements.Statement object at 0x1058a0cd0>, <pyang.statements.Statement object at 0x1058a0f90>, <pyang.statements.Statement object at 0x1058a6210>, <pyang.statements.Statement object at 0x1058a64d0>, <pyang.statements.Statement object at 0x1058a6750>, <pyang.statements.Statement object at 0x1056a0fd0>, <pyang.statements.Statement object at 0x1056c5050>, <pyang.statements.Statement object at 0x1058a6e50>, <pyang.statements.Statement object at 0x1056c5090>, <pyang.statements.Statement object at 0x1058ac290>, <pyang.statements.Statement object at 0x1056c50d0>, <pyang.statements.Statement object at 0x1058ac650>, <pyang.statements.Statement object at 0x1058ac910>, <pyang.statements.Statement object at 0x1058aca50>, <pyang.statements.Statement object at 0x1058accd0>, <pyang.statements.Statement object at 0x1058acf50>, <pyang.statements.Statement object at 0x1058b4210>, <pyang.statements.Statement object at 0x1058b4490>, <pyang.statements.Statement object at 0x1058b4710>, <pyang.statements.Statement object at 0x1058b4990>, <pyang.statements.Statement object at 0x1058b4c10>, <pyang.statements.Statement object at 0x1058b4e90>, <pyang.statements.Statement object at 0x1058b9150>, <pyang.statements.Statement object at 0x1058b92d0>, <pyang.statements.Statement object at 0x1058b9550>, <pyang.statements.Statement object at 0x1056c5110>, <pyang.statements.Statement object at 0x1058b9a10>, <pyang.statements.Statement object at 0x1058b9c90>, <pyang.statements.Statement object at 0x1056c5150>]
DEBUG:root:


DEBUG:root:[<pyang.statements.Statement object at 0x1059e8810>, <pyang.statements.Statement object at 0x1056f0090>, <pyang.statements.Statement object at 0x1059e8a50>]
DEBUG:root:


DEBUG:root:[<pyang.statements.Statement object at 0x105a12490>, <pyang.statements.Statement object at 0x105a12510>, <pyang.statements.Statement object at 0x105a12810>, <pyang.statements.Statement object at 0x105a12a90>, <pyang.statements.Statement object at 0x105a12d10>, <pyang.statements.Statement object at 0x1056f0590>]
DEBUG:root:


DEBUG:root:[<pyang.statements.Statement object at 0x105acf6d0>, <pyang.statements.Statement object at 0x105acf750>, <pyang.statements.Statement object at 0x105acf7d0>, <pyang.statements.Statement object at 0x105acf950>]
DEBUG:root:


DEBUG:root:[<pyang.statements.Statement object at 0x105808a90>, <pyang.statements.Statement object at 0x105808b10>, <pyang.statements.Statement object at 0x1056a08d0>]
DEBUG:root:


DEBUG:root:[<pyang.statements.Statement object at 0x1057f5090>, <pyang.statements.Statement object at 0x1057f5110>, <pyang.statements.Statement object at 0x1057f5390>, <pyang.statements.Statement object at 0x1057f5610>, <pyang.statements.Statement object at 0x1057f5890>, <pyang.statements.Statement object at 0x1057f5b10>, <pyang.statements.Statement object at 0x1057f5d90>, <pyang.statements.Statement object at 0x1057fc050>]
DEBUG:root:


DEBUG:root:[<pyang.statements.Statement object at 0x1057a6b50>, <pyang.statements.Statement object at 0x1057a6dd0>, <pyang.statements.Statement object at 0x1057ad090>, <pyang.statements.Statement object at 0x1057ad310>, <pyang.statements.Statement object at 0x1057ad590>, <pyang.statements.Statement object at 0x1057ad810>, <pyang.statements.Statement object at 0x1057ada90>, <pyang.statements.Statement object at 0x1057add10>]
DEBUG:root:


DEBUG:root:[<pyang.statements.Statement object at 0x105808e50>, <pyang.statements.Statement object at 0x105808f10>, <pyang.statements.Statement object at 0x1056a0910>]
DEBUG:root:


DEBUG:root:[<pyang.statements.Statement object at 0x1059e8f10>, <pyang.statements.Statement object at 0x1059e8f90>, <pyang.statements.Statement object at 0x1056f0290>]
DEBUG:root:


DEBUG:root:[<pyang.statements.Statement object at 0x1058f5b50>, <pyang.statements.Statement object at 0x1058f5bd0>, <pyang.statements.Statement object at 0x1058f5e50>, <pyang.statements.Statement object at 0x1058fc190>, <pyang.statements.Statement object at 0x1058fc410>, <pyang.statements.Statement object at 0x1056c5550>, <pyang.statements.Statement object at 0x1056c5590>, <pyang.statements.Statement object at 0x1058fcb10>, <pyang.statements.Statement object at 0x1058fcd90>, <pyang.statements.Statement object at 0x105904050>, <pyang.statements.Statement object at 0x105904350>, <pyang.statements.Statement object at 0x1059045d0>, <pyang.statements.Statement object at 0x105904890>, <pyang.statements.Statement object at 0x105904b10>, <pyang.statements.Statement object at 0x105904d50>, <pyang.statements.Statement object at 0x105904fd0>, <pyang.statements.Statement object at 0x1059092d0>, <pyang.statements.Statement object at 0x1056c55d0>, <pyang.statements.Statement object at 0x1056c5610>, <pyang.statements.Statement object at 0x1059099d0>, <pyang.statements.Statement object at 0x1056c5650>, <pyang.statements.Statement object at 0x105909dd0>, <pyang.statements.Statement object at 0x1056c5690>, <pyang.statements.Statement object at 0x1059111d0>, <pyang.statements.Statement object at 0x105911490>, <pyang.statements.Statement object at 0x1059115d0>, <pyang.statements.Statement object at 0x105911850>, <pyang.statements.Statement object at 0x105911ad0>, <pyang.statements.Statement object at 0x105911d50>, <pyang.statements.Statement object at 0x105911fd0>, <pyang.statements.Statement object at 0x105916290>, <pyang.statements.Statement object at 0x105916510>, <pyang.statements.Statement object at 0x105916790>, <pyang.statements.Statement object at 0x105916a10>, <pyang.statements.Statement object at 0x105916c90>, <pyang.statements.Statement object at 0x1056c56d0>]
DEBUG:root:


DEBUG:root:[<pyang.statements.Statement object at 0x105a25cd0>, <pyang.statements.Statement object at 0x105a25d50>, <pyang.statements.Statement object at 0x105a25fd0>]
DEBUG:root:


DEBUG:root:[<pyang.statements.Statement object at 0x105aec650>, <pyang.statements.Statement object at 0x105aec6d0>, <pyang.statements.Statement object at 0x105aec750>, <pyang.statements.Statement object at 0x105aec8d0>]
DEBUG:root:


DEBUG:root:[<pyang.statements.Statement object at 0x105923750>, <pyang.statements.Statement object at 0x1059239d0>, <pyang.statements.Statement object at 0x105923c50>, <pyang.statements.Statement object at 0x105923dd0>, <pyang.statements.Statement object at 0x10592a090>, <pyang.statements.Statement object at 0x10592a210>]
DEBUG:root:


DEBUG:root:[<pyang.statements.Statement object at 0x1059d5f50>, <pyang.statements.Statement object at 0x1059d5fd0>]
DEBUG:root:


DEBUG:root:[<pyang.statements.Statement object at 0x1059f0250>, <pyang.statements.Statement object at 0x1059f02d0>]
DEBUG:root:


DEBUG:root:[<pyang.statements.Statement object at 0x105799690>, <pyang.statements.Statement object at 0x105799750>]
DEBUG:root:


DEBUG:root:[<pyang.statements.Statement object at 0x105623890>, <pyang.statements.Statement object at 0x105623910>]
DEBUG:root:


DEBUG:root:[<pyang.statements.Statement object at 0x1059fed90>, <pyang.statements.Statement object at 0x1059fee10>, <pyang.statements.Statement object at 0x105a040d0>, <pyang.statements.Statement object at 0x105a04350>, <pyang.statements.Statement object at 0x105a045d0>, <pyang.statements.Statement object at 0x105a04850>, <pyang.statements.Statement object at 0x105a04ad0>, <pyang.statements.Statement object at 0x105a04d50>, <pyang.statements.Statement object at 0x105a0a090>, <pyang.statements.Statement object at 0x105a0a310>, <pyang.statements.Statement object at 0x105a0a590>, <pyang.statements.Statement object at 0x105a0a890>, <pyang.statements.Statement object at 0x105a0ab10>, <pyang.statements.Statement object at 0x1056f0550>]
DEBUG:root:


DEBUG:root:[<pyang.statements.Statement object at 0x105a34e90>, <pyang.statements.Statement object at 0x105a34f10>, <pyang.statements.Statement object at 0x105a3a1d0>, <pyang.statements.Statement object at 0x1056f0990>]
DEBUG:root:


DEBUG:root:[<pyang.statements.Statement object at 0x105aec0d0>, <pyang.statements.Statement object at 0x105706e10>, <pyang.statements.Statement object at 0x105aec3d0>, <pyang.statements.Statement object at 0x105706e50>]
DEBUG:root:


DEBUG:root:[<pyang.statements.Statement object at 0x10578d410>, <pyang.statements.Statement object at 0x10578d490>, <pyang.statements.Statement object at 0x1054a8ad0>]
DEBUG:root:


DEBUG:root:[<pyang.statements.Statement object at 0x1059a6bd0>, <pyang.statements.Statement object at 0x1059a6e50>, <pyang.statements.Statement object at 0x1059ac110>, <pyang.statements.Statement object at 0x1059ac390>, <pyang.statements.Statement object at 0x1059ac610>, <pyang.statements.Statement object at 0x1059ac890>, <pyang.statements.Statement object at 0x1059acb10>, <pyang.statements.Statement object at 0x1059ace10>, <pyang.statements.Statement object at 0x1059b20d0>, <pyang.statements.Statement object at 0x1059b2390>]
DEBUG:root:


DEBUG:root:[<pyang.statements.Statement object at 0x1059f04d0>, <pyang.statements.Statement object at 0x1059f0550>, <pyang.statements.Statement object at 0x1059f0750>]
DEBUG:root:


DEBUG:root:[<pyang.statements.Statement object at 0x105afacd0>, <pyang.statements.Statement object at 0x105afad50>, <pyang.statements.Statement object at 0x105afadd0>]
DEBUG:root:


DEBUG:root:[<pyang.statements.Statement object at 0x1059ce410>, <pyang.statements.Statement object at 0x1056c5e10>, <pyang.statements.Statement object at 0x1059ce6d0>, <pyang.statements.Statement object at 0x1056c5e50>]
DEBUG:root:


DEBUG:root:[<pyang.statements.Statement object at 0x105a86e10>, <pyang.statements.Statement object at 0x105a86e90>, <pyang.statements.Statement object at 0x105a8c1d0>, <pyang.statements.Statement object at 0x105a8c450>, <pyang.statements.Statement object at 0x1057060d0>]
DEBUG:root:


DEBUG:root:[<pyang.statements.Statement object at 0x105623b90>, <pyang.statements.Statement object at 0x105623c10>, <pyang.statements.Statement object at 0x1056c5bd0>]
DEBUG:root:


DEBUG:root:[<pyang.statements.Statement object at 0x1057da650>, <pyang.statements.Statement object at 0x1057da8d0>, <pyang.statements.Statement object at 0x1057dab50>, <pyang.statements.Statement object at 0x1057dadd0>, <pyang.statements.Statement object at 0x1057e0090>, <pyang.statements.Statement object at 0x1057e0310>, <pyang.statements.Statement object at 0x1057e0590>, <pyang.statements.Statement object at 0x1057e0890>]
DEBUG:root:


DEBUG:root:[<pyang.statements.Statement object at 0x1059e8c50>, <pyang.statements.Statement object at 0x1056f01d0>]
DEBUG:root:


DEBUG:root:[<pyang.statements.Statement object at 0x105a18410>, <pyang.statements.Statement object at 0x105a18490>, <pyang.statements.Statement object at 0x105a18790>, <pyang.statements.Statement object at 0x1056f05d0>]
DEBUG:root:


DEBUG:root:[<pyang.statements.Statement object at 0x1057fc390>, <pyang.statements.Statement object at 0x1057fc410>, <pyang.statements.Statement object at 0x1057fc6d0>, <pyang.statements.Statement object at 0x1057fc910>, <pyang.statements.Statement object at 0x1056a07d0>, <pyang.statements.Statement object at 0x1057fcdd0>]
DEBUG:root:


DEBUG:root:[<pyang.statements.Statement object at 0x105a41350>, <pyang.statements.Statement object at 0x105a413d0>, <pyang.statements.Statement object at 0x1056f0a10>]
DEBUG:root:


DEBUG:root:[<pyang.statements.Statement object at 0x10584c110>, <pyang.statements.Statement object at 0x10584c190>, <pyang.statements.Statement object at 0x10584c410>, <pyang.statements.Statement object at 0x10584c710>, <pyang.statements.Statement object at 0x10584c990>, <pyang.statements.Statement object at 0x1056a0c50>, <pyang.statements.Statement object at 0x10584ce50>, <pyang.statements.Statement object at 0x105851110>, <pyang.statements.Statement object at 0x105851390>, <pyang.statements.Statement object at 0x105851610>, <pyang.statements.Statement object at 0x105851890>, <pyang.statements.Statement object at 0x105851b10>, <pyang.statements.Statement object at 0x105851e10>, <pyang.statements.Statement object at 0x1058580d0>, <pyang.statements.Statement object at 0x105858350>, <pyang.statements.Statement object at 0x1058585d0>, <pyang.statements.Statement object at 0x105858890>, <pyang.statements.Statement object at 0x105858ad0>, <pyang.statements.Statement object at 0x105858d90>, <pyang.statements.Statement object at 0x105858fd0>, <pyang.statements.Statement object at 0x1056a0c90>, <pyang.statements.Statement object at 0x1056a0cd0>, <pyang.statements.Statement object at 0x10585d750>, <pyang.statements.Statement object at 0x1056a0d10>, <pyang.statements.Statement object at 0x10585db50>, <pyang.statements.Statement object at 0x1056a0d50>, <pyang.statements.Statement object at 0x10585df10>, <pyang.statements.Statement object at 0x105865210>, <pyang.statements.Statement object at 0x105865350>, <pyang.statements.Statement object at 0x1058655d0>, <pyang.statements.Statement object at 0x105865850>, <pyang.statements.Statement object at 0x105865ad0>, <pyang.statements.Statement object at 0x105865d50>, <pyang.statements.Statement object at 0x105865fd0>, <pyang.statements.Statement object at 0x10586b290>, <pyang.statements.Statement object at 0x10586b510>, <pyang.statements.Statement object at 0x10586b790>, <pyang.statements.Statement object at 0x10586ba10>, <pyang.statements.Statement object at 0x10586bb90>, <pyang.statements.Statement object at 0x10586be10>, <pyang.statements.Statement object at 0x1056a0d90>, <pyang.statements.Statement object at 0x1056a0dd0>]
DEBUG:root:


DEBUG:root:[<pyang.statements.Statement object at 0x105a86a90>, <pyang.statements.Statement object at 0x105706050>, <pyang.statements.Statement object at 0x105706090>]
DEBUG:root:


DEBUG:root:[<pyang.statements.Statement object at 0x105acfdd0>, <pyang.statements.Statement object at 0x105acfe50>]
DEBUG:root:


DEBUG:root:[<pyang.statements.Statement object at 0x105ad6190>, <pyang.statements.Statement object at 0x105ad6210>, <pyang.statements.Statement object at 0x105ad6490>, <pyang.statements.Statement object at 0x105ad6710>, <pyang.statements.Statement object at 0x105706750>]
DEBUG:root:


DEBUG:root:[<pyang.statements.Statement object at 0x105afafd0>, <pyang.statements.Statement object at 0x105b01090>, <pyang.statements.Statement object at 0x105b01310>, <pyang.statements.Statement object at 0x105715550>]
DEBUG:root:


DEBUG:root:[<pyang.statements.Statement object at 0x105951e90>, <pyang.statements.Statement object at 0x1059591d0>, <pyang.statements.Statement object at 0x105959450>, <pyang.statements.Statement object at 0x1059596d0>, <pyang.statements.Statement object at 0x105959950>, <pyang.statements.Statement object at 0x105959bd0>, <pyang.statements.Statement object at 0x105959e50>, <pyang.statements.Statement object at 0x10595f110>, <pyang.statements.Statement object at 0x10595f410>, <pyang.statements.Statement object at 0x1056c5cd0>, <pyang.statements.Statement object at 0x10595f8d0>]
DEBUG:root:


DEBUG:root:[<pyang.statements.Statement object at 0x105acfa50>, <pyang.statements.Statement object at 0x105acfad0>]
DEBUG:root:


DEBUG:root:[<pyang.statements.Statement object at 0x1057edcd0>, <pyang.statements.Statement object at 0x1057edd50>]
DEBUG:root:


DEBUG:root:[<pyang.statements.Statement object at 0x1059e2e50>, <pyang.statements.Statement object at 0x1059e2ed0>, <pyang.statements.Statement object at 0x1056c5fd0>]
DEBUG:root:


DEBUG:root:[<pyang.statements.Statement object at 0x105a49610>, <pyang.statements.Statement object at 0x105a49690>, <pyang.statements.Statement object at 0x105a49990>, <pyang.statements.Statement object at 0x105a49c10>, <pyang.statements.Statement object at 0x1056f0ad0>]
DEBUG:root:


DEBUG:root:[<pyang.statements.Statement object at 0x1059dbd10>, <pyang.statements.Statement object at 0x1059dbd90>, <pyang.statements.Statement object at 0x1059e2050>, <pyang.statements.Statement object at 0x1059e22d0>, <pyang.statements.Statement object at 0x1059e2510>, <pyang.statements.Statement object at 0x1056c5f90>]
DEBUG:root:


DEBUG:root:[<pyang.statements.Statement object at 0x105623550>, <pyang.statements.Statement object at 0x1056235d0>]
DEBUG:root:


DEBUG:root:[<pyang.statements.Statement object at 0x1059f0850>, <pyang.statements.Statement object at 0x1056f0410>, <pyang.statements.Statement object at 0x1056f0450>]
DEBUG:root:


DEBUG:root:[<pyang.statements.Statement object at 0x1059c2350>, <pyang.statements.Statement object at 0x1059c23d0>, <pyang.statements.Statement object at 0x1059c26d0>, <pyang.statements.Statement object at 0x1059c2950>]
DEBUG:root:


DEBUG:root:[<pyang.statements.Statement object at 0x105778950>, <pyang.statements.Statement object at 0x1057789d0>, <pyang.statements.Statement object at 0x105778cd0>, <pyang.statements.Statement object at 0x105778f50>, <pyang.statements.Statement object at 0x10577f210>, <pyang.statements.Statement object at 0x10577f510>, <pyang.statements.Statement object at 0x10577f790>, <pyang.statements.Statement object at 0x10577fa50>, <pyang.statements.Statement object at 0x10577fcd0>, <pyang.statements.Statement object at 0x10577ff90>, <pyang.statements.Statement object at 0x105785250>, <pyang.statements.Statement object at 0x1054a8a50>]
DEBUG:root:


DEBUG:root:[<pyang.statements.Statement object at 0x1059c7cd0>, <pyang.statements.Statement object at 0x1059c7d50>]
DEBUG:root:


DEBUG:root:[<pyang.statements.Statement object at 0x10593f650>, <pyang.statements.Statement object at 0x10593f6d0>, <pyang.statements.Statement object at 0x10593f9d0>, <pyang.statements.Statement object at 0x10593fc50>, <pyang.statements.Statement object at 0x105437090>, <pyang.statements.Statement object at 0x10593ff90>, <pyang.statements.Statement object at 0x1056c5b10>, <pyang.statements.Statement object at 0x1056c5b50>]
DEBUG:root:


DEBUG:root:[<pyang.statements.Statement object at 0x105a6a450>, <pyang.statements.Statement object at 0x105a6a4d0>, <pyang.statements.Statement object at 0x105a6a7d0>, <pyang.statements.Statement object at 0x105a6aa50>, <pyang.statements.Statement object at 0x1056f0dd0>]
DEBUG:root:


DEBUG:root:[<pyang.statements.Statement object at 0x105a5df90>, <pyang.statements.Statement object at 0x105a64050>, <pyang.statements.Statement object at 0x1056f0c90>]
DEBUG:root:


DEBUG:root:[<pyang.statements.Statement object at 0x10572add0>, <pyang.statements.Statement object at 0x1054a8890>, <pyang.statements.Statement object at 0x1054a88d0>]
DEBUG:root:


DEBUG:root:[<pyang.statements.Statement object at 0x1059fe210>, <pyang.statements.Statement object at 0x1059fe290>, <pyang.statements.Statement object at 0x1059fe590>, <pyang.statements.Statement object at 0x1056f04d0>]
DEBUG:root:


DEBUG:root:[<pyang.statements.Statement object at 0x1057b2050>, <pyang.statements.Statement object at 0x1057b22d0>, <pyang.statements.Statement object at 0x1057b2550>, <pyang.statements.Statement object at 0x1057b27d0>, <pyang.statements.Statement object at 0x1057b2a50>, <pyang.statements.Statement object at 0x1057b2cd0>, <pyang.statements.Statement object at 0x1057b2f50>, <pyang.statements.Statement object at 0x1057ba210>]
DEBUG:root:


DEBUG:root:[<pyang.statements.Statement object at 0x105985c10>, <pyang.statements.Statement object at 0x105985e90>, <pyang.statements.Statement object at 0x10598d150>, <pyang.statements.Statement object at 0x10598d3d0>, <pyang.statements.Statement object at 0x10598d650>, <pyang.statements.Statement object at 0x10598d8d0>, <pyang.statements.Statement object at 0x10598db50>, <pyang.statements.Statement object at 0x10598de50>, <pyang.statements.Statement object at 0x105993110>]
DEBUG:root:


DEBUG:root:[<pyang.statements.Statement object at 0x105a71910>, <pyang.statements.Statement object at 0x105a71990>, <pyang.statements.Statement object at 0x105a71c90>, <pyang.statements.Statement object at 0x105a71f10>, <pyang.statements.Statement object at 0x105a771d0>, <pyang.statements.Statement object at 0x105a77450>, <pyang.statements.Statement object at 0x105a776d0>, <pyang.statements.Statement object at 0x105a77950>, <pyang.statements.Statement object at 0x105a77bd0>, <pyang.statements.Statement object at 0x105a77dd0>, <pyang.statements.Statement object at 0x1056f0ed0>, <pyang.statements.Statement object at 0x105a7e310>, <pyang.statements.Statement object at 0x105a7e4d0>, <pyang.statements.Statement object at 0x105a7e790>, <pyang.statements.Statement object at 0x1056f0f10>, <pyang.statements.Statement object at 0x1056f0f50>, <pyang.statements.Statement object at 0x1056f0f90>, <pyang.statements.Statement object at 0x105a86050>, <pyang.statements.Statement object at 0x105a86250>, <pyang.statements.Statement object at 0x105a864d0>, <pyang.statements.Statement object at 0x1056f0fd0>]
DEBUG:root:


DEBUG:root:[<pyang.statements.Statement object at 0x105a6ad50>, <pyang.statements.Statement object at 0x105a6add0>, <pyang.statements.Statement object at 0x105a71110>, <pyang.statements.Statement object at 0x1056f0e50>]
DEBUG:root:


DEBUG:root:[<pyang.statements.Statement object at 0x10596cc50>, <pyang.statements.Statement object at 0x10596ccd0>, <pyang.statements.Statement object at 0x10596cf50>]
DEBUG:root:


DEBUG:root:[<pyang.statements.Statement object at 0x10562ced0>, <pyang.statements.Statement object at 0x10562cf90>, <pyang.statements.Statement object at 0x105944250>]
DEBUG:root:


DEBUG:root:[<pyang.statements.Statement object at 0x10597f410>, <pyang.statements.Statement object at 0x10597f690>, <pyang.statements.Statement object at 0x10597f910>, <pyang.statements.Statement object at 0x10597fb90>, <pyang.statements.Statement object at 0x10597fe10>, <pyang.statements.Statement object at 0x1059850d0>, <pyang.statements.Statement object at 0x105985350>, <pyang.statements.Statement object at 0x105985650>, <pyang.statements.Statement object at 0x1059858d0>]
DEBUG:root:


DEBUG:root:[<pyang.statements.Statement object at 0x1057c6c10>, <pyang.statements.Statement object at 0x1057c6e90>, <pyang.statements.Statement object at 0x1057cd150>, <pyang.statements.Statement object at 0x1057cd3d0>, <pyang.statements.Statement object at 0x1057cd650>, <pyang.statements.Statement object at 0x1057cd8d0>, <pyang.statements.Statement object at 0x1057cdb50>, <pyang.statements.Statement object at 0x1057cde50>, <pyang.statements.Statement object at 0x1057d4110>]
DEBUG:root:


DEBUG:root:[<pyang.statements.Statement object at 0x105acf310>, <pyang.statements.Statement object at 0x105acf390>, <pyang.statements.Statement object at 0x105acf410>, <pyang.statements.Statement object at 0x105acf5d0>]
DEBUG:root:


DEBUG:root:[<pyang.statements.Statement object at 0x1059d5410>, <pyang.statements.Statement object at 0x1059d5490>, <pyang.statements.Statement object at 0x1059d5710>, <pyang.statements.Statement object at 0x1059d5990>]
DEBUG:root:


DEBUG:root:[<pyang.statements.Statement object at 0x105a64e10>, <pyang.statements.Statement object at 0x1056f0d50>, <pyang.statements.Statement object at 0x105a6a150>, <pyang.statements.Statement object at 0x1056f0d90>]
DEBUG:root:


DEBUG:root:[<pyang.statements.Statement object at 0x1057999d0>, <pyang.statements.Statement object at 0x105799a50>, <pyang.statements.Statement object at 0x105799cd0>, <pyang.statements.Statement object at 0x105799f50>, <pyang.statements.Statement object at 0x1057a1210>, <pyang.statements.Statement object at 0x1057a1490>, <pyang.statements.Statement object at 0x1057a1710>, <pyang.statements.Statement object at 0x1057a1990>, <pyang.statements.Statement object at 0x1057a1c10>, <pyang.statements.Statement object at 0x1057a1e90>, <pyang.statements.Statement object at 0x1057a6050>, <pyang.statements.Statement object at 0x1057a61d0>, <pyang.statements.Statement object at 0x1057a6350>, <pyang.statements.Statement object at 0x1057a64d0>, <pyang.statements.Statement object at 0x1057a6650>, <pyang.statements.Statement object at 0x1054a8cd0>, <pyang.statements.Statement object at 0x1057a6910>, <pyang.statements.Statement object at 0x1056a0090>]
DEBUG:root:


DEBUG:root:[<pyang.statements.Statement object at 0x105af3e90>, <pyang.statements.Statement object at 0x105af3f10>, <pyang.statements.Statement object at 0x105afa250>, <pyang.statements.Statement object at 0x105afa4d0>, <pyang.statements.Statement object at 0x105afa750>, <pyang.statements.Statement object at 0x105afa9d0>, <pyang.statements.Statement object at 0x105715450>]
DEBUG:root:


DEBUG:root:[<pyang.statements.Statement object at 0x10593f310>, <pyang.statements.Statement object at 0x10593f390>, <pyang.statements.Statement object at 0x10593f410>]
DEBUG:root:


DEBUG:root:[<pyang.statements.Statement object at 0x105b0a650>, <pyang.statements.Statement object at 0x105b0a6d0>, <pyang.statements.Statement object at 0x105b0a950>, <pyang.statements.Statement object at 0x105715750>]
DEBUG:root:


DEBUG:root:[<pyang.statements.Statement object at 0x1059b2650>, <pyang.statements.Statement object at 0x1059b28d0>, <pyang.statements.Statement object at 0x1059b2b50>, <pyang.statements.Statement object at 0x1059b2dd0>, <pyang.statements.Statement object at 0x1059b8090>, <pyang.statements.Statement object at 0x1059b8310>, <pyang.statements.Statement object at 0x1059b8590>, <pyang.statements.Statement object at 0x1059b8810>, <pyang.statements.Statement object at 0x1059b8b10>, <pyang.statements.Statement object at 0x1059b8dd0>, <pyang.statements.Statement object at 0x1059c2090>]
DEBUG:root:


DEBUG:root:[<pyang.statements.Statement object at 0x105731d90>, <pyang.statements.Statement object at 0x105731e10>, <pyang.statements.Statement object at 0x1057381d0>]
DEBUG:root:


DEBUG:root:[<pyang.statements.Statement object at 0x105a3ac50>, <pyang.statements.Statement object at 0x105a3acd0>, <pyang.statements.Statement object at 0x105a3afd0>, <pyang.statements.Statement object at 0x1056f09d0>]
DEBUG:root:


DEBUG:root:[<pyang.statements.Statement object at 0x105973ad0>, <pyang.statements.Statement object at 0x105973d50>, <pyang.statements.Statement object at 0x105973fd0>, <pyang.statements.Statement object at 0x105979290>, <pyang.statements.Statement object at 0x105979510>, <pyang.statements.Statement object at 0x105979790>, <pyang.statements.Statement object at 0x105979a10>, <pyang.statements.Statement object at 0x105979c90>, <pyang.statements.Statement object at 0x105979f10>, <pyang.statements.Statement object at 0x10597f1d0>]
DEBUG:root:


DEBUG:root:[<pyang.statements.Statement object at 0x105a25450>, <pyang.statements.Statement object at 0x105a254d0>, <pyang.statements.Statement object at 0x1056f0710>]
DEBUG:root:


DEBUG:pip.utils:lzma module is not available
DEBUG:pip.vcs:Registered VCS backend: git
DEBUG:pip.vcs:Registered VCS backend: hg
DEBUG:pip.vcs:Registered VCS backend: svn
DEBUG:pip.vcs:Registered VCS backend: bzr
DEBUG:pip.utils:lzma module is not available
DEBUG:pip.vcs:Registered VCS backend: git
DEBUG:pip.vcs:Registered VCS backend: hg
DEBUG:pip.vcs:Registered VCS backend: svn
DEBUG:pip.vcs:Registered VCS backend: bzr
DEBUG:pip.utils:lzma module is not available
DEBUG:pip.vcs:Registered VCS backend: git
DEBUG:pip.vcs:Registered VCS backend: hg
DEBUG:pip.vcs:Registered VCS backend: svn
DEBUG:pip.vcs:Registered VCS backend: bzr
DEBUG:pip.utils:lzma module is not available
DEBUG:pip.vcs:Registered VCS backend: git
DEBUG:pip.vcs:Registered VCS backend: hg
DEBUG:pip.vcs:Registered VCS backend: svn
DEBUG:pip.vcs:Registered VCS backend: bzr
DEBUG:pip.utils:lzma module is not available
DEBUG:pip.vcs:Registered VCS backend: git
DEBUG:pip.vcs:Registered VCS backend: hg
DEBUG:pip.vcs:Registered VCS backend: svn
DEBUG:pip.vcs:Registered VCS backend: bzr
DEBUG:pip.utils:lzma module is not available
DEBUG:pip.vcs:Registered VCS backend: git
DEBUG:pip.vcs:Registered VCS backend: hg
DEBUG:pip.vcs:Registered VCS backend: svn
DEBUG:pip.vcs:Registered VCS backend: bzr
DEBUG:pip.utils:lzma module is not available
DEBUG:pip.vcs:Registered VCS backend: git
DEBUG:pip.vcs:Registered VCS backend: hg
DEBUG:pip.vcs:Registered VCS backend: svn
DEBUG:pip.vcs:Registered VCS backend: bzr
DEBUG:pip.utils:lzma module is not available
DEBUG:pip.vcs:Registered VCS backend: git
DEBUG:pip.vcs:Registered VCS backend: hg
DEBUG:pip.vcs:Registered VCS backend: svn
DEBUG:pip.vcs:Registered VCS backend: bzr
DEBUG:pip.utils:lzma module is not available
DEBUG:pip.vcs:Registered VCS backend: git
DEBUG:pip.vcs:Registered VCS backend: hg
DEBUG:pip.vcs:Registered VCS backend: svn
DEBUG:pip.vcs:Registered VCS backend: bzr
DEBUG:pip.utils:lzma module is not available
DEBUG:pip.vcs:Registered VCS backend: git
DEBUG:pip.vcs:Registered VCS backend: hg
DEBUG:pip.vcs:Registered VCS backend: svn
DEBUG:pip.vcs:Registered VCS backend: bzr
DEBUG:pip.utils:lzma module is not available
DEBUG:pip.vcs:Registered VCS backend: git
DEBUG:pip.vcs:Registered VCS backend: hg
DEBUG:pip.vcs:Registered VCS backend: svn
DEBUG:pip.vcs:Registered VCS backend: bzr
DEBUG:pip.utils:lzma module is not available
DEBUG:pip.vcs:Registered VCS backend: git
DEBUG:pip.vcs:Registered VCS backend: hg
DEBUG:pip.vcs:Registered VCS backend: svn
DEBUG:pip.vcs:Registered VCS backend: bzr
DEBUG:pip.utils:lzma module is not available
DEBUG:pip.vcs:Registered VCS backend: git
DEBUG:pip.vcs:Registered VCS backend: hg
DEBUG:pip.vcs:Registered VCS backend: svn
DEBUG:pip.vcs:Registered VCS backend: bzr
DEBUG:pip.utils:lzma module is not available
DEBUG:pip.vcs:Registered VCS backend: git
DEBUG:pip.vcs:Registered VCS backend: hg
DEBUG:pip.vcs:Registered VCS backend: svn
DEBUG:pip.vcs:Registered VCS backend: bzr
DEBUG:pip.utils:lzma module is not available
DEBUG:pip.vcs:Registered VCS backend: git
DEBUG:pip.vcs:Registered VCS backend: hg
DEBUG:pip.vcs:Registered VCS backend: svn
DEBUG:pip.vcs:Registered VCS backend: bzr
DEBUG:pip.utils:lzma module is not available
DEBUG:pip.vcs:Registered VCS backend: git
DEBUG:pip.vcs:Registered VCS backend: hg
DEBUG:pip.vcs:Registered VCS backend: svn
DEBUG:pip.vcs:Registered VCS backend: bzr
DEBUG:pip.utils:lzma module is not available
DEBUG:pip.vcs:Registered VCS backend: git
DEBUG:pip.vcs:Registered VCS backend: hg
DEBUG:pip.vcs:Registered VCS backend: svn
DEBUG:pip.vcs:Registered VCS backend: bzr
DEBUG:pip.utils:lzma module is not available
DEBUG:pip.vcs:Registered VCS backend: git
DEBUG:pip.vcs:Registered VCS backend: hg
DEBUG:pip.vcs:Registered VCS backend: svn
DEBUG:pip.vcs:Registered VCS backend: bzr
DEBUG:pip.utils:lzma module is not available
DEBUG:pip.vcs:Registered VCS backend: git
DEBUG:pip.vcs:Registered VCS backend: hg
DEBUG:pip.vcs:Registered VCS backend: svn
DEBUG:pip.vcs:Registered VCS backend: bzr
DEBUG:pip.utils:lzma module is not available
DEBUG:pip.vcs:Registered VCS backend: git
DEBUG:pip.vcs:Registered VCS backend: hg
DEBUG:pip.vcs:Registered VCS backend: svn
DEBUG:pip.vcs:Registered VCS backend: bzr
DEBUG:pip.utils:lzma module is not available
DEBUG:pip.vcs:Registered VCS backend: git
DEBUG:pip.vcs:Registered VCS backend: hg
DEBUG:pip.vcs:Registered VCS backend: svn
DEBUG:pip.vcs:Registered VCS backend: bzr
DEBUG:pip.utils:lzma module is not available
DEBUG:pip.vcs:Registered VCS backend: git
DEBUG:pip.vcs:Registered VCS backend: hg
DEBUG:pip.vcs:Registered VCS backend: svn
DEBUG:pip.vcs:Registered VCS backend: bzr
DEBUG:pip.utils:lzma module is not available
DEBUG:pip.vcs:Registered VCS backend: git
DEBUG:pip.vcs:Registered VCS backend: hg
DEBUG:pip.vcs:Registered VCS backend: svn
DEBUG:pip.vcs:Registered VCS backend: bzr
DEBUG:pip.utils:lzma module is not available
DEBUG:pip.vcs:Registered VCS backend: git
DEBUG:pip.vcs:Registered VCS backend: hg
DEBUG:pip.vcs:Registered VCS backend: svn
DEBUG:pip.vcs:Registered VCS backend: bzr
DEBUG:pip.utils:lzma module is not available
DEBUG:pip.vcs:Registered VCS backend: git
DEBUG:pip.vcs:Registered VCS backend: hg
DEBUG:pip.vcs:Registered VCS backend: svn
DEBUG:pip.vcs:Registered VCS backend: bzr
DEBUG:pip.utils:lzma module is not available
DEBUG:pip.vcs:Registered VCS backend: git
DEBUG:pip.vcs:Registered VCS backend: hg
DEBUG:pip.vcs:Registered VCS backend: svn
DEBUG:pip.vcs:Registered VCS backend: bzr
DEBUG:pip.utils:lzma module is not available
DEBUG:pip.vcs:Registered VCS backend: git
DEBUG:pip.vcs:Registered VCS backend: hg
DEBUG:pip.vcs:Registered VCS backend: svn
DEBUG:pip.vcs:Registered VCS backend: bzr
DEBUG:pip.utils:lzma module is not available
DEBUG:pip.vcs:Registered VCS backend: git
DEBUG:pip.vcs:Registered VCS backend: hg
DEBUG:pip.vcs:Registered VCS backend: svn
DEBUG:pip.vcs:Registered VCS backend: bzr
DEBUG:pip.utils:lzma module is not available
DEBUG:pip.vcs:Registered VCS backend: git
DEBUG:pip.vcs:Registered VCS backend: hg
DEBUG:pip.vcs:Registered VCS backend: svn
DEBUG:pip.vcs:Registered VCS backend: bzr
DEBUG:pip.utils:lzma module is not available
DEBUG:pip.vcs:Registered VCS backend: git
DEBUG:pip.vcs:Registered VCS backend: hg
DEBUG:pip.vcs:Registered VCS backend: svn
DEBUG:pip.vcs:Registered VCS backend: bzr
DEBUG:pip.utils:lzma module is not available
DEBUG:pip.vcs:Registered VCS backend: git
DEBUG:pip.vcs:Registered VCS backend: hg
DEBUG:pip.vcs:Registered VCS backend: svn
DEBUG:pip.vcs:Registered VCS backend: bzr
DEBUG:pip.utils:lzma module is not available
DEBUG:pip.vcs:Registered VCS backend: git
DEBUG:pip.vcs:Registered VCS backend: hg
DEBUG:pip.vcs:Registered VCS backend: svn
DEBUG:pip.vcs:Registered VCS backend: bzr
DEBUG:pip.utils:lzma module is not available
DEBUG:pip.vcs:Registered VCS backend: git
DEBUG:pip.vcs:Registered VCS backend: hg
DEBUG:pip.vcs:Registered VCS backend: svn
DEBUG:pip.vcs:Registered VCS backend: bzr
DEBUG:pip.utils:lzma module is not available
DEBUG:pip.vcs:Registered VCS backend: git
DEBUG:pip.vcs:Registered VCS backend: hg
DEBUG:pip.vcs:Registered VCS backend: svn
DEBUG:pip.vcs:Registered VCS backend: bzr
DEBUG:pip.utils:lzma module is not available
DEBUG:pip.vcs:Registered VCS backend: git
DEBUG:pip.vcs:Registered VCS backend: hg
DEBUG:pip.vcs:Registered VCS backend: svn
DEBUG:pip.vcs:Registered VCS backend: bzr
DEBUG:root:


>>>>>>>>>>>>>>>> Reference Statistics <<<<<<<<<<<<<<<<<<<<


DEBUG:root:

Unknown Items


DEBUG:root:


DEBUG:pip.utils:lzma module is not available
DEBUG:pip.vcs:Registered VCS backend: git
DEBUG:pip.vcs:Registered VCS backend: hg
DEBUG:pip.vcs:Registered VCS backend: svn
DEBUG:pip.vcs:Registered VCS backend: bzr
DEBUG:root:


>>>>>>>>>>>>>>>> Reference Statistics <<<<<<<<<<<<<<<<<<<<


DEBUG:root:

Unknown Items


DEBUG:root:


DEBUG:pip.utils:lzma module is not available
DEBUG:pip.vcs:Registered VCS backend: git
DEBUG:pip.vcs:Registered VCS backend: hg
DEBUG:pip.vcs:Registered VCS backend: svn
DEBUG:pip.vcs:Registered VCS backend: bzr
DEBUG:root:


>>>>>>>>>>>>>>>> Reference Statistics <<<<<<<<<<<<<<<<<<<<


DEBUG:root:

Unknown Items


DEBUG:root:


DEBUG:pip.utils:lzma module is not available
DEBUG:pip.vcs:Registered VCS backend: git
DEBUG:pip.vcs:Registered VCS backend: hg
DEBUG:pip.vcs:Registered VCS backend: svn
DEBUG:pip.vcs:Registered VCS backend: bzr
DEBUG:root:


>>>>>>>>>>>>>>>> Reference Statistics <<<<<<<<<<<<<<<<<<<<


DEBUG:root:

Unknown Items


DEBUG:root:


DEBUG:pip.utils:lzma module is not available
DEBUG:pip.vcs:Registered VCS backend: git
DEBUG:pip.vcs:Registered VCS backend: hg
DEBUG:pip.vcs:Registered VCS backend: svn
DEBUG:pip.vcs:Registered VCS backend: bzr
DEBUG:pip.utils:lzma module is not available
DEBUG:pip.vcs:Registered VCS backend: git
DEBUG:pip.vcs:Registered VCS backend: hg
DEBUG:pip.vcs:Registered VCS backend: svn
DEBUG:pip.vcs:Registered VCS backend: bzr
DEBUG:pip.utils:lzma module is not available
DEBUG:pip.vcs:Registered VCS backend: git
DEBUG:pip.vcs:Registered VCS backend: hg
DEBUG:pip.vcs:Registered VCS backend: svn
DEBUG:pip.vcs:Registered VCS backend: bzr
DEBUG:pip.utils:lzma module is not available
DEBUG:pip.vcs:Registered VCS backend: git
DEBUG:pip.vcs:Registered VCS backend: hg
DEBUG:pip.vcs:Registered VCS backend: svn
DEBUG:pip.vcs:Registered VCS backend: bzr
DEBUG:pip.utils:lzma module is not available
DEBUG:pip.vcs:Registered VCS backend: git
DEBUG:pip.vcs:Registered VCS backend: hg
DEBUG:pip.vcs:Registered VCS backend: svn
DEBUG:pip.vcs:Registered VCS backend: bzr
DEBUG:pip.utils:lzma module is not available
DEBUG:pip.vcs:Registered VCS backend: git
DEBUG:pip.vcs:Registered VCS backend: hg
DEBUG:pip.vcs:Registered VCS backend: svn
DEBUG:pip.vcs:Registered VCS backend: bzr
DEBUG:pip.utils:lzma module is not available
DEBUG:pip.vcs:Registered VCS backend: git
DEBUG:pip.vcs:Registered VCS backend: hg
DEBUG:pip.vcs:Registered VCS backend: svn
DEBUG:pip.vcs:Registered VCS backend: bzr
DEBUG:root:


>>>>>>>>>>>>>>>> Reference Statistics <<<<<<<<<<<<<<<<<<<<


DEBUG:root:

Unknown Items


DEBUG:root:


DEBUG:pip.utils:lzma module is not available
DEBUG:pip.vcs:Registered VCS backend: git
DEBUG:pip.vcs:Registered VCS backend: hg
DEBUG:pip.vcs:Registered VCS backend: svn
DEBUG:pip.vcs:Registered VCS backend: bzr
DEBUG:root:


>>>>>>>>>>>>>>>> Reference Statistics <<<<<<<<<<<<<<<<<<<<


DEBUG:root:

Unknown Items


DEBUG:root:


DEBUG:pip.utils:lzma module is not available
DEBUG:pip.vcs:Registered VCS backend: git
DEBUG:pip.vcs:Registered VCS backend: hg
DEBUG:pip.vcs:Registered VCS backend: svn
DEBUG:pip.vcs:Registered VCS backend: bzr
DEBUG:root:


>>>>>>>>>>>>>>>> Reference Statistics <<<<<<<<<<<<<<<<<<<<


DEBUG:root:

Unknown Items


DEBUG:root:


DEBUG:pip.utils:lzma module is not available
DEBUG:pip.vcs:Registered VCS backend: git
DEBUG:pip.vcs:Registered VCS backend: hg
DEBUG:pip.vcs:Registered VCS backend: svn
DEBUG:pip.vcs:Registered VCS backend: bzr
DEBUG:root:


>>>>>>>>>>>>>>>> Reference Statistics <<<<<<<<<<<<<<<<<<<<


DEBUG:root:

Unknown Items


DEBUG:root:


DEBUG:pip.utils:lzma module is not available
DEBUG:pip.vcs:Registered VCS backend: git
DEBUG:pip.vcs:Registered VCS backend: hg
DEBUG:pip.vcs:Registered VCS backend: svn
DEBUG:pip.vcs:Registered VCS backend: bzr
DEBUG:pip.utils:lzma module is not available
DEBUG:pip.vcs:Registered VCS backend: git
DEBUG:pip.vcs:Registered VCS backend: hg
DEBUG:pip.vcs:Registered VCS backend: svn
DEBUG:pip.vcs:Registered VCS backend: bzr
DEBUG:pip.utils:lzma module is not available
DEBUG:pip.vcs:Registered VCS backend: git
DEBUG:pip.vcs:Registered VCS backend: hg
DEBUG:pip.vcs:Registered VCS backend: svn
DEBUG:pip.vcs:Registered VCS backend: bzr
DEBUG:pip.utils:lzma module is not available
DEBUG:pip.vcs:Registered VCS backend: git
DEBUG:pip.vcs:Registered VCS backend: hg
DEBUG:pip.vcs:Registered VCS backend: svn
DEBUG:pip.vcs:Registered VCS backend: bzr
DEBUG:pip.utils:lzma module is not available
DEBUG:pip.vcs:Registered VCS backend: git
DEBUG:pip.vcs:Registered VCS backend: hg
DEBUG:pip.vcs:Registered VCS backend: svn
DEBUG:pip.vcs:Registered VCS backend: bzr
DEBUG:pip.utils:lzma module is not available
DEBUG:pip.vcs:Registered VCS backend: git
DEBUG:pip.vcs:Registered VCS backend: hg
DEBUG:pip.vcs:Registered VCS backend: svn
DEBUG:pip.vcs:Registered VCS backend: bzr
DEBUG:root:


>>>>>>>>>>>>>>>> Reference Statistics <<<<<<<<<<<<<<<<<<<<


DEBUG:root:

Unknown Items


DEBUG:root:


DEBUG:pip.utils:lzma module is not available
DEBUG:pip.vcs:Registered VCS backend: git
DEBUG:pip.vcs:Registered VCS backend: hg
DEBUG:pip.vcs:Registered VCS backend: svn
DEBUG:pip.vcs:Registered VCS backend: bzr
DEBUG:root:


>>>>>>>>>>>>>>>> Reference Statistics <<<<<<<<<<<<<<<<<<<<


DEBUG:root:

Unknown Items


DEBUG:root:


DEBUG:pip.utils:lzma module is not available
DEBUG:pip.vcs:Registered VCS backend: git
DEBUG:pip.vcs:Registered VCS backend: hg
DEBUG:pip.vcs:Registered VCS backend: svn
DEBUG:pip.vcs:Registered VCS backend: bzr
DEBUG:root:


>>>>>>>>>>>>>>>> Reference Statistics <<<<<<<<<<<<<<<<<<<<


DEBUG:root:

Unknown Items


DEBUG:root:


DEBUG:pip.utils:lzma module is not available
DEBUG:pip.vcs:Registered VCS backend: git
DEBUG:pip.vcs:Registered VCS backend: hg
DEBUG:pip.vcs:Registered VCS backend: svn
DEBUG:pip.vcs:Registered VCS backend: bzr
DEBUG:root:


>>>>>>>>>>>>>>>> Reference Statistics <<<<<<<<<<<<<<<<<<<<


DEBUG:root:

Unknown Items


DEBUG:root:


DEBUG:pip.utils:lzma module is not available
DEBUG:pip.vcs:Registered VCS backend: git
DEBUG:pip.vcs:Registered VCS backend: hg
DEBUG:pip.vcs:Registered VCS backend: svn
DEBUG:pip.vcs:Registered VCS backend: bzr
DEBUG:root:


>>>>>>>>>>>>>>>> Reference Statistics <<<<<<<<<<<<<<<<<<<<


DEBUG:root:

Unknown Items


DEBUG:root:


DEBUG:pip.utils:lzma module is not available
DEBUG:pip.vcs:Registered VCS backend: git
DEBUG:pip.vcs:Registered VCS backend: hg
DEBUG:pip.vcs:Registered VCS backend: svn
DEBUG:pip.vcs:Registered VCS backend: bzr
DEBUG:pip.utils:lzma module is not available
DEBUG:pip.vcs:Registered VCS backend: git
DEBUG:pip.vcs:Registered VCS backend: hg
DEBUG:pip.vcs:Registered VCS backend: svn
DEBUG:pip.vcs:Registered VCS backend: bzr
DEBUG:root:


>>>>>>>>>>>>>>>> Reference Statistics <<<<<<<<<<<<<<<<<<<<


DEBUG:root:

Unknown Items


DEBUG:root:


DEBUG:pip.utils:lzma module is not available
DEBUG:pip.vcs:Registered VCS backend: git
DEBUG:pip.vcs:Registered VCS backend: hg
DEBUG:pip.vcs:Registered VCS backend: svn
DEBUG:pip.vcs:Registered VCS backend: bzr
DEBUG:pip.utils:lzma module is not available
DEBUG:pip.vcs:Registered VCS backend: git
DEBUG:pip.vcs:Registered VCS backend: hg
DEBUG:pip.vcs:Registered VCS backend: svn
DEBUG:pip.vcs:Registered VCS backend: bzr
DEBUG:pip.utils:lzma module is not available
DEBUG:pip.vcs:Registered VCS backend: git
DEBUG:pip.vcs:Registered VCS backend: hg
DEBUG:pip.vcs:Registered VCS backend: svn
DEBUG:pip.vcs:Registered VCS backend: bzr
DEBUG:pip.utils:lzma module is not available
DEBUG:pip.vcs:Registered VCS backend: git
DEBUG:pip.vcs:Registered VCS backend: hg
DEBUG:pip.vcs:Registered VCS backend: svn
DEBUG:pip.vcs:Registered VCS backend: bzr
DEBUG:pip.utils:lzma module is not available
DEBUG:pip.vcs:Registered VCS backend: git
DEBUG:pip.vcs:Registered VCS backend: hg
DEBUG:pip.vcs:Registered VCS backend: svn
DEBUG:pip.vcs:Registered VCS backend: bzr
DEBUG:pip.utils:lzma module is not available
DEBUG:pip.vcs:Registered VCS backend: git
DEBUG:pip.vcs:Registered VCS backend: hg
DEBUG:pip.vcs:Registered VCS backend: svn
DEBUG:pip.vcs:Registered VCS backend: bzr
DEBUG:pip.utils:lzma module is not available
DEBUG:pip.vcs:Registered VCS backend: git
DEBUG:pip.vcs:Registered VCS backend: hg
DEBUG:pip.vcs:Registered VCS backend: svn
DEBUG:pip.vcs:Registered VCS backend: bzr
DEBUG:pip.utils:lzma module is not available
DEBUG:pip.vcs:Registered VCS backend: git
DEBUG:pip.vcs:Registered VCS backend: hg
DEBUG:pip.vcs:Registered VCS backend: svn
DEBUG:pip.vcs:Registered VCS backend: bzr
DEBUG:pip.utils:lzma module is not available
DEBUG:pip.vcs:Registered VCS backend: git
DEBUG:pip.vcs:Registered VCS backend: hg
DEBUG:pip.vcs:Registered VCS backend: svn
DEBUG:pip.vcs:Registered VCS backend: bzr
DEBUG:pip.utils:lzma module is not available
DEBUG:pip.vcs:Registered VCS backend: git
DEBUG:pip.vcs:Registered VCS backend: hg
DEBUG:pip.vcs:Registered VCS backend: svn
DEBUG:pip.vcs:Registered VCS backend: bzr
DEBUG:pip.utils:lzma module is not available
DEBUG:pip.vcs:Registered VCS backend: git
DEBUG:pip.vcs:Registered VCS backend: hg
DEBUG:pip.vcs:Registered VCS backend: svn
DEBUG:pip.vcs:Registered VCS backend: bzr
DEBUG:pip.utils:lzma module is not available
DEBUG:pip.vcs:Registered VCS backend: git
DEBUG:pip.vcs:Registered VCS backend: hg
DEBUG:pip.vcs:Registered VCS backend: svn
DEBUG:pip.vcs:Registered VCS backend: bzr
DEBUG:pip.utils:lzma module is not available
DEBUG:pip.vcs:Registered VCS backend: git
DEBUG:pip.vcs:Registered VCS backend: hg
DEBUG:pip.vcs:Registered VCS backend: svn
DEBUG:pip.vcs:Registered VCS backend: bzr
DEBUG:pip.utils:lzma module is not available
DEBUG:pip.vcs:Registered VCS backend: git
DEBUG:pip.vcs:Registered VCS backend: hg
DEBUG:pip.vcs:Registered VCS backend: svn
DEBUG:pip.vcs:Registered VCS backend: bzr
DEBUG:root:


>>>>>>>>>>>>>>>> Reference Statistics <<<<<<<<<<<<<<<<<<<<


DEBUG:root:

Unknown Items


DEBUG:root:


DEBUG:pip.utils:lzma module is not available
DEBUG:pip.vcs:Registered VCS backend: git
DEBUG:pip.vcs:Registered VCS backend: hg
DEBUG:pip.vcs:Registered VCS backend: svn
DEBUG:pip.vcs:Registered VCS backend: bzr
DEBUG:root:


>>>>>>>>>>>>>>>> Reference Statistics <<<<<<<<<<<<<<<<<<<<


DEBUG:root:

Unknown Items


DEBUG:root:


DEBUG:pip.utils:lzma module is not available
DEBUG:pip.vcs:Registered VCS backend: git
DEBUG:pip.vcs:Registered VCS backend: hg
DEBUG:pip.vcs:Registered VCS backend: svn
DEBUG:pip.vcs:Registered VCS backend: bzr
DEBUG:root:


>>>>>>>>>>>>>>>> Reference Statistics <<<<<<<<<<<<<<<<<<<<


DEBUG:root:

Unknown Items


DEBUG:root:


DEBUG:pip.utils:lzma module is not available
DEBUG:pip.vcs:Registered VCS backend: git
DEBUG:pip.vcs:Registered VCS backend: hg
DEBUG:pip.vcs:Registered VCS backend: svn
DEBUG:pip.vcs:Registered VCS backend: bzr
DEBUG:root:


>>>>>>>>>>>>>>>> Reference Statistics <<<<<<<<<<<<<<<<<<<<


DEBUG:root:

Unknown Items


DEBUG:root:


DEBUG:pip.utils:lzma module is not available
DEBUG:pip.vcs:Registered VCS backend: git
DEBUG:pip.vcs:Registered VCS backend: hg
DEBUG:pip.vcs:Registered VCS backend: svn
DEBUG:pip.vcs:Registered VCS backend: bzr
DEBUG:root:


>>>>>>>>>>>>>>>> Reference Statistics <<<<<<<<<<<<<<<<<<<<


DEBUG:root:

Unknown Items


DEBUG:root:


DEBUG:pip.utils:lzma module is not available
DEBUG:pip.vcs:Registered VCS backend: git
DEBUG:pip.vcs:Registered VCS backend: hg
DEBUG:pip.vcs:Registered VCS backend: svn
DEBUG:pip.vcs:Registered VCS backend: bzr
DEBUG:root:


>>>>>>>>>>>>>>>> Reference Statistics <<<<<<<<<<<<<<<<<<<<


DEBUG:root:

Unknown Items


DEBUG:root:


DEBUG:pip.utils:lzma module is not available
DEBUG:pip.vcs:Registered VCS backend: git
DEBUG:pip.vcs:Registered VCS backend: hg
DEBUG:pip.vcs:Registered VCS backend: svn
DEBUG:pip.vcs:Registered VCS backend: bzr
DEBUG:root:


>>>>>>>>>>>>>>>> Reference Statistics <<<<<<<<<<<<<<<<<<<<


DEBUG:root:

Unknown Items


DEBUG:root:


DEBUG:pip.utils:lzma module is not available
DEBUG:pip.vcs:Registered VCS backend: git
DEBUG:pip.vcs:Registered VCS backend: hg
DEBUG:pip.vcs:Registered VCS backend: svn
DEBUG:pip.vcs:Registered VCS backend: bzr
DEBUG:root:


>>>>>>>>>>>>>>>> Reference Statistics <<<<<<<<<<<<<<<<<<<<


DEBUG:root:

Unknown Items


DEBUG:root:


DEBUG:pip.utils:lzma module is not available
DEBUG:pip.vcs:Registered VCS backend: git
DEBUG:pip.vcs:Registered VCS backend: hg
DEBUG:pip.vcs:Registered VCS backend: svn
DEBUG:pip.vcs:Registered VCS backend: bzr
DEBUG:root:


>>>>>>>>>>>>>>>> Reference Statistics <<<<<<<<<<<<<<<<<<<<


DEBUG:root:

Unknown Items


DEBUG:root:


DEBUG:pip.utils:lzma module is not available
DEBUG:pip.vcs:Registered VCS backend: git
DEBUG:pip.vcs:Registered VCS backend: hg
DEBUG:pip.vcs:Registered VCS backend: svn
DEBUG:pip.vcs:Registered VCS backend: bzr
DEBUG:root:


>>>>>>>>>>>>>>>> Reference Statistics <<<<<<<<<<<<<<<<<<<<


DEBUG:root:

Unknown Items


DEBUG:root:


DEBUG:pip.utils:lzma module is not available
DEBUG:pip.vcs:Registered VCS backend: git
DEBUG:pip.vcs:Registered VCS backend: hg
DEBUG:pip.vcs:Registered VCS backend: svn
DEBUG:pip.vcs:Registered VCS backend: bzr
DEBUG:pip.utils:lzma module is not available
DEBUG:pip.vcs:Registered VCS backend: git
DEBUG:pip.vcs:Registered VCS backend: hg
DEBUG:pip.vcs:Registered VCS backend: svn
DEBUG:pip.vcs:Registered VCS backend: bzr
DEBUG:root:


>>>>>>>>>>>>>>>> Reference Statistics <<<<<<<<<<<<<<<<<<<<


DEBUG:root:

Unknown Items


DEBUG:root:


DEBUG:pip.utils:lzma module is not available
DEBUG:pip.vcs:Registered VCS backend: git
DEBUG:pip.vcs:Registered VCS backend: hg
DEBUG:pip.vcs:Registered VCS backend: svn
DEBUG:pip.vcs:Registered VCS backend: bzr
DEBUG:root:


>>>>>>>>>>>>>>>> Reference Statistics <<<<<<<<<<<<<<<<<<<<


DEBUG:root:

Unknown Items


DEBUG:root:


DEBUG:pip.utils:lzma module is not available
DEBUG:pip.vcs:Registered VCS backend: git
DEBUG:pip.vcs:Registered VCS backend: hg
DEBUG:pip.vcs:Registered VCS backend: svn
DEBUG:pip.vcs:Registered VCS backend: bzr
DEBUG:root:


>>>>>>>>>>>>>>>> Reference Statistics <<<<<<<<<<<<<<<<<<<<


DEBUG:root:

Unknown Items


DEBUG:root:


DEBUG:pip.utils:lzma module is not available
DEBUG:pip.vcs:Registered VCS backend: git
DEBUG:pip.vcs:Registered VCS backend: hg
DEBUG:pip.vcs:Registered VCS backend: svn
DEBUG:pip.vcs:Registered VCS backend: bzr
DEBUG:root:


>>>>>>>>>>>>>>>> Reference Statistics <<<<<<<<<<<<<<<<<<<<


DEBUG:root:

Unknown Items


DEBUG:root:


DEBUG:pip.utils:lzma module is not available
DEBUG:pip.vcs:Registered VCS backend: git
DEBUG:pip.vcs:Registered VCS backend: hg
DEBUG:pip.vcs:Registered VCS backend: svn
DEBUG:pip.vcs:Registered VCS backend: bzr
DEBUG:pip.utils:lzma module is not available
DEBUG:pip.vcs:Registered VCS backend: git
DEBUG:pip.vcs:Registered VCS backend: hg
DEBUG:pip.vcs:Registered VCS backend: svn
DEBUG:pip.vcs:Registered VCS backend: bzr
DEBUG:root:


>>>>>>>>>>>>>>>> Reference Statistics <<<<<<<<<<<<<<<<<<<<


DEBUG:root:

Unknown Items


DEBUG:root:


DEBUG:pip.utils:lzma module is not available
DEBUG:pip.vcs:Registered VCS backend: git
DEBUG:pip.vcs:Registered VCS backend: hg
DEBUG:pip.vcs:Registered VCS backend: svn
DEBUG:pip.vcs:Registered VCS backend: bzr
DEBUG:root:


>>>>>>>>>>>>>>>> Reference Statistics <<<<<<<<<<<<<<<<<<<<


DEBUG:root:

Unknown Items


DEBUG:root:


DEBUG:pip.utils:lzma module is not available
DEBUG:pip.vcs:Registered VCS backend: git
DEBUG:pip.vcs:Registered VCS backend: hg
DEBUG:pip.vcs:Registered VCS backend: svn
DEBUG:pip.vcs:Registered VCS backend: bzr
DEBUG:root:


>>>>>>>>>>>>>>>> Reference Statistics <<<<<<<<<<<<<<<<<<<<


DEBUG:root:

Unknown Items


DEBUG:root:


DEBUG:pip.utils:lzma module is not available
DEBUG:pip.vcs:Registered VCS backend: git
DEBUG:pip.vcs:Registered VCS backend: hg
DEBUG:pip.vcs:Registered VCS backend: svn
DEBUG:pip.vcs:Registered VCS backend: bzr
DEBUG:pip.utils:lzma module is not available
DEBUG:pip.vcs:Registered VCS backend: git
DEBUG:pip.vcs:Registered VCS backend: hg
DEBUG:pip.vcs:Registered VCS backend: svn
DEBUG:pip.vcs:Registered VCS backend: bzr
DEBUG:root:


>>>>>>>>>>>>>>>> Reference Statistics <<<<<<<<<<<<<<<<<<<<


DEBUG:root:

Unknown Items


DEBUG:root:


DEBUG:pip.utils:lzma module is not available
DEBUG:pip.vcs:Registered VCS backend: git
DEBUG:pip.vcs:Registered VCS backend: hg
DEBUG:pip.vcs:Registered VCS backend: svn
DEBUG:pip.vcs:Registered VCS backend: bzr
DEBUG:root:


>>>>>>>>>>>>>>>> Reference Statistics <<<<<<<<<<<<<<<<<<<<


DEBUG:root:

Unknown Items


DEBUG:root:


DEBUG:pip.utils:lzma module is not available
DEBUG:pip.vcs:Registered VCS backend: git
DEBUG:pip.vcs:Registered VCS backend: hg
DEBUG:pip.vcs:Registered VCS backend: svn
DEBUG:pip.vcs:Registered VCS backend: bzr
DEBUG:root:First member integer_number_value is mandatory = True
DEBUG:root:First member protocol_configuration_options is mandatory = True
DEBUG:root:First member throttling_delay_unit is mandatory = True
DEBUG:root:First member uplink_rate_limit is mandatory = True
DEBUG:root:First member channel_needed is mandatory = True
DEBUG:root:First member fqdn is mandatory = True
DEBUG:root:First member protocol_type is mandatory = True
DEBUG:root:First member service_indicator is mandatory = True
DEBUG:root:First member job_type is mandatory = True
DEBUG:root:First member recovery_restart_counter is mandatory = True
DEBUG:root:First member spare1 is mandatory = True
DEBUG:root:First member mcc_digit_2 is mandatory = True
DEBUG:root:First member absolute_time_of_mbms_data_transfer_value_part is mandatory = True
DEBUG:root:First member length_of_node_name is mandatory = True
DEBUG:root:First member detach_type is mandatory = True
DEBUG:root:First member remote_ue_ip_information is mandatory = True
DEBUG:root:First member bearer_context is mandatory = True
DEBUG:root:First member spare1 is mandatory = True
DEBUG:root:First member number_digit is mandatory = False
DEBUG:root:Non-mandatory member number_digit 
DEBUG:root:Non-mandatory member filler 
DEBUG:root:First member spare1 is mandatory = True
DEBUG:root:First member length_of_node_number is mandatory = True
DEBUG:root:First member length_of_extended_access_restriction_data is mandatory = True
DEBUG:root:Non-mandatory member authentication_quadruplet 
DEBUG:root:Non-mandatory member authentication_quintuplet 
DEBUG:root:Non-mandatory member ue_network_capability 
DEBUG:root:Non-mandatory member ms_network_capability 
DEBUG:root:Non-mandatory member voice_domain_preference_and_ues_usage_setting 
DEBUG:root:Non-mandatory member ue_radio_capability_for_paging_information 
DEBUG:root:Non-mandatory member ue_additional_security_capability 
DEBUG:root:Non-mandatory member ue_nr_security_capability 
DEBUG:root:First member mapped_ue_usage_type is mandatory = True
DEBUG:root:First member spare1 is mandatory = True
DEBUG:root:First member ipv4_or_ipv6_address is mandatory = True
DEBUG:root:First member delay_value is mandatory = True
DEBUG:root:First member time_zone is mandatory = True
DEBUG:root:First member spare1 is mandatory = True
DEBUG:root:First member pra_identifier is mandatory = True
DEBUG:root:First member spare1 is mandatory = True
DEBUG:root:First member spare1 is mandatory = True
DEBUG:root:First member emlpp_priority is mandatory = True
DEBUG:root:First member port_number is mandatory = True
DEBUG:root:First member mcc_digit_2 is mandatory = True
DEBUG:root:First member spare1 is mandatory = True
DEBUG:root:First member scef_reference_id is mandatory = True
DEBUG:root:Non-mandatory member remaining_number_of_reports 
DEBUG:root:First member spare1 is mandatory = True
DEBUG:root:First member plmn_id is mandatory = True
DEBUG:root:First member access_point_name is mandatory = True
DEBUG:root:First member spare1 is mandatory = True
DEBUG:root:First member spare1 is mandatory = True
DEBUG:root:First member mcc_digit_2 is mandatory = True
DEBUG:root:First member spare1 is mandatory = True
DEBUG:root:First member spare1 is mandatory = True
DEBUG:root:First member mcc_digit_2 is mandatory = True
DEBUG:root:First member extended_protocol_configuration_options is mandatory = True
DEBUG:root:First member common_tunnel_endpoint_identifier is mandatory = True
DEBUG:root:First member label_qci is mandatory = True
DEBUG:root:First member spare1 is mandatory = True
DEBUG:root:First member daf is mandatory = True
DEBUG:root:First member cause_value is mandatory = True
DEBUG:root:First member number_digit is mandatory = False
DEBUG:root:Non-mandatory member number_digit 
DEBUG:root:Non-mandatory member digit_pad 
DEBUG:root:First member spare1 is mandatory = True
DEBUG:root:First member length_of_the_mobile_station_classmark_2 is mandatory = True
DEBUG:root:First member spare1 is mandatory = True
DEBUG:root:First member millisecond_time_stamp_value is mandatory = True
DEBUG:root:First member spare1 is mandatory = True
DEBUG:root:First member rfsp_index is mandatory = True
DEBUG:root:First member eps_bearer_level_traffic_flow_template is mandatory = True
DEBUG:root:First member security_mode is mandatory = True
DEBUG:root:Non-mandatory member authentication_quintuplets 
DEBUG:root:Non-mandatory member ue_network_capability 
DEBUG:root:Non-mandatory member ms_network_capability 
DEBUG:root:Non-mandatory member mobile_equipment_identity 
DEBUG:root:Non-mandatory member voice_domain_preference_and_ues_usage_setting 
DEBUG:root:First member teid_gre_key is mandatory = True
DEBUG:root:Non-mandatory member ipv4_address 
DEBUG:root:Non-mandatory member ipv6_address_ 
DEBUG:root:First member ldn is mandatory = True
DEBUG:root:First member procedure_transaction_id is mandatory = True
DEBUG:root:First member spare1 is mandatory = True
DEBUG:root:First member spare1 is mandatory = True
DEBUG:root:Non-mandatory member tais 
DEBUG:root:Non-mandatory member macro_enb_ids 
DEBUG:root:Non-mandatory member home_enb_ids 
DEBUG:root:Non-mandatory member ecgis 
DEBUG:root:Non-mandatory member rais 
DEBUG:root:Non-mandatory member sais 
DEBUG:root:Non-mandatory member cgis 
DEBUG:root:Non-mandatory member extended_macro_enb_ids 
DEBUG:root:First member twan_identifier_timestamp_value is mandatory = True
DEBUG:root:First member spare1 is mandatory = True
DEBUG:root:First member spare1 is mandatory = True
DEBUG:root:First member security_mode is mandatory = True
DEBUG:root:Non-mandatory member authentication_triplet 
DEBUG:root:Non-mandatory member ue_network_capability 
DEBUG:root:Non-mandatory member ms_network_capability 
DEBUG:root:Non-mandatory member mobile_equipment_identity 
DEBUG:root:Non-mandatory member voice_domain_preference_and_ue_usage_setting 
DEBUG:root:First member security_mode is mandatory = True
DEBUG:root:Non-mandatory member authentication_quintuplet 
DEBUG:root:Non-mandatory member ue_network_capability 
DEBUG:root:Non-mandatory member ms_network_capability 
DEBUG:root:Non-mandatory member mobile_equipment_identity 
DEBUG:root:Non-mandatory member voice_domain_preference_and_ues_usage_setting 
DEBUG:root:First member enterprise_id is mandatory = True
DEBUG:root:First member spare1 is mandatory = True
DEBUG:root:First member load_control_information is mandatory = True
DEBUG:root:First member charging_id_value is mandatory = True
DEBUG:root:First member mcc_digit_2 is mandatory = True
DEBUG:root:First member charging_characteristics_value is mandatory = True
DEBUG:root:First member mbms_session_duration is mandatory = True
DEBUG:root:First member security_mode is mandatory = True
DEBUG:root:Non-mandatory member authentication_quadruplet 
DEBUG:root:Non-mandatory member authentication_quintuplet 
DEBUG:root:Non-mandatory member ue_network_capability 
DEBUG:root:Non-mandatory member ms_network_capability 
DEBUG:root:Non-mandatory member mobile_equipment_identity 
DEBUG:root:Non-mandatory member voice_domain_preference_and_ues_usage_setting 
DEBUG:root:First member mbms_time_to_data_transfer_value_part is mandatory = True
DEBUG:root:First member remote_ue_context is mandatory = True
DEBUG:root:First member action is mandatory = True
DEBUG:root:First member mbms_session_duration is mandatory = True
DEBUG:root:First member traffic_aggregate_description is mandatory = True
DEBUG:root:First member p_tmsi_signature is mandatory = True
DEBUG:root:First member mcc_digit_2 is mandatory = True
DEBUG:root:First member timer_unit is mandatory = True
DEBUG:root:First member number_of_ecgi_fields is mandatory = True
DEBUG:root:Non-mandatory member ecgi_list_of_m_ecgi_fields_ 
DEBUG:root:First member rat_type is mandatory = True
DEBUG:root:First member mbms_session_identifier is mandatory = True
DEBUG:root:First member scef_pdn_connection is mandatory = True
DEBUG:root:First member restriction_type_value is mandatory = True
DEBUG:root:First member spare1 is mandatory = True
DEBUG:root:First member hop_counter is mandatory = True
DEBUG:root:First member transaction_identifier is mandatory = True
DEBUG:root:First member spare1 is mandatory = True
DEBUG:root:First member hsgw_address_for_forwarding_length is mandatory = True
DEBUG:root:First member tmgi is mandatory = True
DEBUG:root:First member security_mode is mandatory = True
DEBUG:root:Non-mandatory member authentication_quintuplet 
DEBUG:root:Non-mandatory member ue_network_capability 
DEBUG:root:Non-mandatory member ms_network_capability 
DEBUG:root:Non-mandatory member mobile_equipment_identity 
DEBUG:root:Non-mandatory member voice_domain_preference_and_ues_usage_setting 
DEBUG:root:First member uli_timestamp_value is mandatory = True
DEBUG:root:First member sequence_number is mandatory = True
DEBUG:root:First member relative_capacity is mandatory = True
DEBUG:root:First member rohc_profiles is mandatory = True
DEBUG:root:First member metric is mandatory = True
DEBUG:root:First member tmsi is mandatory = True
DEBUG:root:First member node_type is mandatory = True
DEBUG:root:First member spare1 is mandatory = True
DEBUG:root:First member node_id_type is mandatory = True
DEBUG:root:Non-mandatory member pdn_connection_set_identifier 
DEBUG:root:First member packet_tmsi is mandatory = True
DEBUG:root:First member mbms_flow_identifer is mandatory = True
DEBUG:root:First member spare1 is mandatory = True
DEBUG:root:First member spare1 is mandatory = True
DEBUG:root:First member rrc_container is mandatory = True
DEBUG:root:First member spare1 is mandatory = True
DEBUG:root:First member spare1 is mandatory = True
DEBUG:root:First member additional_protocol_configuration_options is mandatory = True
DEBUG:root:First member apn-ambr_for_uplink is mandatory = True
DEBUG:root:First member spare1 is mandatory = True
DEBUG:root:First member spare1 is mandatory = True
DEBUG:root:First member spare1 is mandatory = True
DEBUG:root:First member target_type is mandatory = True
DEBUG:root:First member complete_request_message_type is mandatory = True
DEBUG:root:First member overload_control_information is mandatory = True
DEBUG:root:First member target_cell_id is mandatory = True
DEBUG:root:First member subnet_prefix_length is mandatory = True
DEBUG:root:First member extended_macro_enodeb_id is mandatory = True
DEBUG:root:Non-mandatory member cgi1 
DEBUG:root:Non-mandatory member sai1 
DEBUG:root:Non-mandatory member rai1 
DEBUG:root:Non-mandatory member tai1 
DEBUG:root:Non-mandatory member ecgi1 
DEBUG:root:Non-mandatory member lai1 
DEBUG:root:Non-mandatory member macro_enodeb_id1 
DEBUG:root:Non-mandatory member extended_macro_enodeb_id1 
DEBUG:root:First member spare1 is mandatory = True
DEBUG:root:First member pdn_connection is mandatory = True
DEBUG:root:First member timestamp_value is mandatory = True
DEBUG:root:First member international_mobile_equipment_identity is mandatory = False
DEBUG:root:Non-mandatory member international_mobile_equipment_identity 
DEBUG:root:First member spare1 is mandatory = True
DEBUG:root:First member supported-features is mandatory = True
DEBUG:root:


>>>>>>>>>>>>>>>> Reference Statistics <<<<<<<<<<<<<<<<<<<<


DEBUG:root:

Unknown Items


DEBUG:root:


DEBUG:pip.utils:lzma module is not available
DEBUG:pip.vcs:Registered VCS backend: git
DEBUG:pip.vcs:Registered VCS backend: hg
DEBUG:pip.vcs:Registered VCS backend: svn
DEBUG:pip.vcs:Registered VCS backend: bzr
DEBUG:root:First member integer_number_value is mandatory = True
DEBUG:root:First member protocol_configuration_options is mandatory = True
DEBUG:root:First member throttling_delay_unit is mandatory = True
DEBUG:root:First member uplink_rate_limit is mandatory = True
DEBUG:root:First member channel_needed is mandatory = True
DEBUG:root:First member fqdn is mandatory = True
DEBUG:root:First member protocol_type is mandatory = True
DEBUG:root:First member service_indicator is mandatory = True
DEBUG:root:First member job_type is mandatory = True
DEBUG:root:First member recovery_restart_counter is mandatory = True
DEBUG:root:First member spare1 is mandatory = True
DEBUG:root:First member mcc_digit_2 is mandatory = True
DEBUG:root:First member absolute_time_of_mbms_data_transfer_value_part is mandatory = True
DEBUG:root:First member length_of_node_name is mandatory = True
DEBUG:root:First member detach_type is mandatory = True
DEBUG:root:First member remote_ue_ip_information is mandatory = True
DEBUG:root:First member bearer_context is mandatory = True
DEBUG:root:First member spare1 is mandatory = True
DEBUG:root:First member number_digit is mandatory = False
DEBUG:root:Non-mandatory member number_digit 
DEBUG:root:Non-mandatory member filler 
DEBUG:root:First member spare1 is mandatory = True
DEBUG:root:First member length_of_node_number is mandatory = True
DEBUG:root:First member length_of_extended_access_restriction_data is mandatory = True
DEBUG:root:Non-mandatory member authentication_quadruplet 
DEBUG:root:Non-mandatory member authentication_quintuplet 
DEBUG:root:Non-mandatory member ue_network_capability 
DEBUG:root:Non-mandatory member ms_network_capability 
DEBUG:root:Non-mandatory member voice_domain_preference_and_ues_usage_setting 
DEBUG:root:Non-mandatory member ue_radio_capability_for_paging_information 
DEBUG:root:Non-mandatory member ue_additional_security_capability 
DEBUG:root:Non-mandatory member ue_nr_security_capability 
DEBUG:root:First member mapped_ue_usage_type is mandatory = True
DEBUG:root:First member spare1 is mandatory = True
DEBUG:root:First member ipv4_or_ipv6_address is mandatory = True
DEBUG:root:First member delay_value is mandatory = True
DEBUG:root:First member time_zone is mandatory = True
DEBUG:root:First member spare1 is mandatory = True
DEBUG:root:First member pra_identifier is mandatory = True
DEBUG:root:First member spare1 is mandatory = True
DEBUG:root:First member spare1 is mandatory = True
DEBUG:root:First member emlpp_priority is mandatory = True
DEBUG:root:First member port_number is mandatory = True
DEBUG:root:First member mcc_digit_2 is mandatory = True
DEBUG:root:First member spare1 is mandatory = True
DEBUG:root:First member scef_reference_id is mandatory = True
DEBUG:root:Non-mandatory member remaining_number_of_reports 
DEBUG:root:First member spare1 is mandatory = True
DEBUG:root:First member plmn_id is mandatory = True
DEBUG:root:First member access_point_name is mandatory = True
DEBUG:root:First member spare1 is mandatory = True
DEBUG:root:First member spare1 is mandatory = True
DEBUG:root:First member mcc_digit_2 is mandatory = True
DEBUG:root:First member spare1 is mandatory = True
DEBUG:root:First member spare1 is mandatory = True
DEBUG:root:First member mcc_digit_2 is mandatory = True
DEBUG:root:First member extended_protocol_configuration_options is mandatory = True
DEBUG:root:First member common_tunnel_endpoint_identifier is mandatory = True
DEBUG:root:First member label_qci is mandatory = True
DEBUG:root:First member spare1 is mandatory = True
DEBUG:root:First member daf is mandatory = True
DEBUG:root:First member cause_value is mandatory = True
DEBUG:root:First member number_digit is mandatory = False
DEBUG:root:Non-mandatory member number_digit 
DEBUG:root:Non-mandatory member digit_pad 
DEBUG:root:First member spare1 is mandatory = True
DEBUG:root:First member length_of_the_mobile_station_classmark_2 is mandatory = True
DEBUG:root:First member spare1 is mandatory = True
DEBUG:root:First member millisecond_time_stamp_value is mandatory = True
DEBUG:root:First member spare1 is mandatory = True
DEBUG:root:First member rfsp_index is mandatory = True
DEBUG:root:First member eps_bearer_level_traffic_flow_template is mandatory = True
DEBUG:root:First member security_mode is mandatory = True
DEBUG:root:Non-mandatory member authentication_quintuplets 
DEBUG:root:Non-mandatory member ue_network_capability 
DEBUG:root:Non-mandatory member ms_network_capability 
DEBUG:root:Non-mandatory member mobile_equipment_identity 
DEBUG:root:Non-mandatory member voice_domain_preference_and_ues_usage_setting 
DEBUG:root:First member teid_gre_key is mandatory = True
DEBUG:root:Non-mandatory member ipv4_address 
DEBUG:root:Non-mandatory member ipv6_address_ 
DEBUG:root:First member ldn is mandatory = True
DEBUG:root:First member procedure_transaction_id is mandatory = True
DEBUG:root:First member spare1 is mandatory = True
DEBUG:root:First member spare1 is mandatory = True
DEBUG:root:Non-mandatory member tais 
DEBUG:root:Non-mandatory member macro_enb_ids 
DEBUG:root:Non-mandatory member home_enb_ids 
DEBUG:root:Non-mandatory member ecgis 
DEBUG:root:Non-mandatory member rais 
DEBUG:root:Non-mandatory member sais 
DEBUG:root:Non-mandatory member cgis 
DEBUG:root:Non-mandatory member extended_macro_enb_ids 
DEBUG:root:First member twan_identifier_timestamp_value is mandatory = True
DEBUG:root:First member spare1 is mandatory = True
DEBUG:root:First member spare1 is mandatory = True
DEBUG:root:First member security_mode is mandatory = True
DEBUG:root:Non-mandatory member authentication_triplet 
DEBUG:root:Non-mandatory member ue_network_capability 
DEBUG:root:Non-mandatory member ms_network_capability 
DEBUG:root:Non-mandatory member mobile_equipment_identity 
DEBUG:root:Non-mandatory member voice_domain_preference_and_ue_usage_setting 
DEBUG:root:First member security_mode is mandatory = True
DEBUG:root:Non-mandatory member authentication_quintuplet 
DEBUG:root:Non-mandatory member ue_network_capability 
DEBUG:root:Non-mandatory member ms_network_capability 
DEBUG:root:Non-mandatory member mobile_equipment_identity 
DEBUG:root:Non-mandatory member voice_domain_preference_and_ues_usage_setting 
DEBUG:root:First member enterprise_id is mandatory = True
DEBUG:root:First member spare1 is mandatory = True
DEBUG:root:First member load_control_information is mandatory = True
DEBUG:root:First member charging_id_value is mandatory = True
DEBUG:root:First member mcc_digit_2 is mandatory = True
DEBUG:root:First member charging_characteristics_value is mandatory = True
DEBUG:root:First member mbms_session_duration is mandatory = True
DEBUG:root:First member security_mode is mandatory = True
DEBUG:root:Non-mandatory member authentication_quadruplet 
DEBUG:root:Non-mandatory member authentication_quintuplet 
DEBUG:root:Non-mandatory member ue_network_capability 
DEBUG:root:Non-mandatory member ms_network_capability 
DEBUG:root:Non-mandatory member mobile_equipment_identity 
DEBUG:root:Non-mandatory member voice_domain_preference_and_ues_usage_setting 
DEBUG:root:First member mbms_time_to_data_transfer_value_part is mandatory = True
DEBUG:root:First member remote_ue_context is mandatory = True
DEBUG:root:First member action is mandatory = True
DEBUG:root:First member mbms_session_duration is mandatory = True
DEBUG:root:First member traffic_aggregate_description is mandatory = True
DEBUG:root:First member p_tmsi_signature is mandatory = True
DEBUG:root:First member mcc_digit_2 is mandatory = True
DEBUG:root:First member timer_unit is mandatory = True
DEBUG:root:First member number_of_ecgi_fields is mandatory = True
DEBUG:root:Non-mandatory member ecgi_list_of_m_ecgi_fields_ 
DEBUG:root:First member rat_type is mandatory = True
DEBUG:root:First member mbms_session_identifier is mandatory = True
DEBUG:root:First member scef_pdn_connection is mandatory = True
DEBUG:root:First member restriction_type_value is mandatory = True
DEBUG:root:First member spare1 is mandatory = True
DEBUG:root:First member hop_counter is mandatory = True
DEBUG:root:First member transaction_identifier is mandatory = True
DEBUG:root:First member spare1 is mandatory = True
DEBUG:root:First member hsgw_address_for_forwarding_length is mandatory = True
DEBUG:root:First member tmgi is mandatory = True
DEBUG:root:First member security_mode is mandatory = True
DEBUG:root:Non-mandatory member authentication_quintuplet 
DEBUG:root:Non-mandatory member ue_network_capability 
DEBUG:root:Non-mandatory member ms_network_capability 
DEBUG:root:Non-mandatory member mobile_equipment_identity 
DEBUG:root:Non-mandatory member voice_domain_preference_and_ues_usage_setting 
DEBUG:root:First member uli_timestamp_value is mandatory = True
DEBUG:root:First member sequence_number is mandatory = True
DEBUG:root:First member relative_capacity is mandatory = True
DEBUG:root:First member rohc_profiles is mandatory = True
DEBUG:root:First member metric is mandatory = True
DEBUG:root:First member tmsi is mandatory = True
DEBUG:root:First member node_type is mandatory = True
DEBUG:root:First member spare1 is mandatory = True
DEBUG:root:First member node_id_type is mandatory = True
DEBUG:root:Non-mandatory member pdn_connection_set_identifier 
DEBUG:root:First member packet_tmsi is mandatory = True
DEBUG:root:First member mbms_flow_identifer is mandatory = True
DEBUG:root:First member spare1 is mandatory = True
DEBUG:root:First member spare1 is mandatory = True
DEBUG:root:First member rrc_container is mandatory = True
DEBUG:root:First member spare1 is mandatory = True
DEBUG:root:First member spare1 is mandatory = True
DEBUG:root:First member additional_protocol_configuration_options is mandatory = True
DEBUG:root:First member apn-ambr_for_uplink is mandatory = True
DEBUG:root:First member spare1 is mandatory = True
DEBUG:root:First member spare1 is mandatory = True
DEBUG:root:First member spare1 is mandatory = True
DEBUG:root:First member target_type is mandatory = True
DEBUG:root:First member complete_request_message_type is mandatory = True
DEBUG:root:First member overload_control_information is mandatory = True
DEBUG:root:First member target_cell_id is mandatory = True
DEBUG:root:First member subnet_prefix_length is mandatory = True
DEBUG:root:First member extended_macro_enodeb_id is mandatory = True
DEBUG:root:Non-mandatory member cgi1 
DEBUG:root:Non-mandatory member sai1 
DEBUG:root:Non-mandatory member rai1 
DEBUG:root:Non-mandatory member tai1 
DEBUG:root:Non-mandatory member ecgi1 
DEBUG:root:Non-mandatory member lai1 
DEBUG:root:Non-mandatory member macro_enodeb_id1 
DEBUG:root:Non-mandatory member extended_macro_enodeb_id1 
DEBUG:root:First member spare1 is mandatory = True
DEBUG:root:First member pdn_connection is mandatory = True
DEBUG:root:First member timestamp_value is mandatory = True
DEBUG:root:First member international_mobile_equipment_identity is mandatory = False
DEBUG:root:Non-mandatory member international_mobile_equipment_identity 
DEBUG:root:First member spare1 is mandatory = True
DEBUG:root:First member supported-features is mandatory = True
DEBUG:root:


>>>>>>>>>>>>>>>> Reference Statistics <<<<<<<<<<<<<<<<<<<<


DEBUG:root:

Unknown Items


DEBUG:root:


DEBUG:pip.utils:lzma module is not available
DEBUG:pip.vcs:Registered VCS backend: git
DEBUG:pip.vcs:Registered VCS backend: hg
DEBUG:pip.vcs:Registered VCS backend: svn
DEBUG:pip.vcs:Registered VCS backend: bzr
DEBUG:root:First member integer_number_value is mandatory = True
DEBUG:root:First member protocol_configuration_options is mandatory = True
DEBUG:pip.utils:lzma module is not available
DEBUG:pip.vcs:Registered VCS backend: git
DEBUG:pip.vcs:Registered VCS backend: hg
DEBUG:pip.vcs:Registered VCS backend: svn
DEBUG:pip.vcs:Registered VCS backend: bzr
DEBUG:root:First member integer_number_value is mandatory = True
DEBUG:root:First member protocol_configuration_options is mandatory = True
DEBUG:root:First member throttling_delay_unit is mandatory = True
DEBUG:root:First member uplink_rate_limit is mandatory = True
DEBUG:root:First member channel_needed is mandatory = True
DEBUG:root:First member fqdn is mandatory = True
DEBUG:root:First member protocol_type is mandatory = True
DEBUG:root:First member service_indicator is mandatory = True
DEBUG:root:First member job_type is mandatory = True
DEBUG:root:First member recovery_restart_counter is mandatory = True
DEBUG:root:First member spare1 is mandatory = True
DEBUG:root:First member mcc_digit_2 is mandatory = True
DEBUG:root:First member absolute_time_of_mbms_data_transfer_value_part is mandatory = True
DEBUG:pip.utils:lzma module is not available
DEBUG:pip.vcs:Registered VCS backend: git
DEBUG:pip.vcs:Registered VCS backend: hg
DEBUG:pip.vcs:Registered VCS backend: svn
DEBUG:pip.vcs:Registered VCS backend: bzr
DEBUG:root:First member integer_number_value is mandatory = True
DEBUG:root:First member protocol_configuration_options is mandatory = True
DEBUG:root:First member throttling_delay_unit is mandatory = True
DEBUG:root:First member uplink_rate_limit is mandatory = True
DEBUG:root:First member channel_needed is mandatory = True
DEBUG:root:First member fqdn is mandatory = True
DEBUG:root:First member protocol_type is mandatory = True
DEBUG:root:First member service_indicator is mandatory = True
DEBUG:root:First member job_type is mandatory = True
DEBUG:root:First member recovery_restart_counter is mandatory = True
DEBUG:root:First member spare1 is mandatory = True
DEBUG:root:First member mcc_digit_2 is mandatory = True
DEBUG:root:First member absolute_time_of_mbms_data_transfer_value_part is mandatory = True
DEBUG:root:First member length_of_node_name is mandatory = True
DEBUG:root:First member detach_type is mandatory = True
DEBUG:root:First member remote_ue_ip_information is mandatory = True
DEBUG:root:First member bearer_context is mandatory = True
DEBUG:root:First member spare1 is mandatory = True
DEBUG:root:First member number_digit is mandatory = False
DEBUG:root:Non-mandatory member number_digit 
DEBUG:root:Non-mandatory member filler 
DEBUG:pip.utils:lzma module is not available
DEBUG:pip.vcs:Registered VCS backend: git
DEBUG:pip.vcs:Registered VCS backend: hg
DEBUG:pip.vcs:Registered VCS backend: svn
DEBUG:pip.vcs:Registered VCS backend: bzr
DEBUG:root:First member integer_number_value is mandatory = True
DEBUG:root:First member protocol_configuration_options is mandatory = True
DEBUG:root:First member throttling_delay_unit is mandatory = True
DEBUG:root:First member uplink_rate_limit is mandatory = True
DEBUG:root:First member channel_needed is mandatory = True
DEBUG:root:First member fqdn is mandatory = True
DEBUG:root:First member protocol_type is mandatory = True
DEBUG:root:First member service_indicator is mandatory = True
DEBUG:root:First member job_type is mandatory = True
DEBUG:root:First member recovery_restart_counter is mandatory = True
DEBUG:root:First member spare1 is mandatory = True
DEBUG:root:First member mcc_digit_2 is mandatory = True
DEBUG:root:First member absolute_time_of_mbms_data_transfer_value_part is mandatory = True
DEBUG:root:First member length_of_node_name is mandatory = True
DEBUG:root:First member detach_type is mandatory = True
DEBUG:root:First member remote_ue_ip_information is mandatory = True
DEBUG:root:First member bearer_context is mandatory = True
DEBUG:root:First member spare1 is mandatory = True
DEBUG:root:First member number_digit is mandatory = False
DEBUG:root:Non-mandatory member number_digit 
DEBUG:root:Non-mandatory member filler 
DEBUG:root:in find_stmt_by_path with: type binary path: type/length
DEBUG:pip.utils:lzma module is not available
DEBUG:pip.vcs:Registered VCS backend: git
DEBUG:pip.vcs:Registered VCS backend: hg
DEBUG:pip.vcs:Registered VCS backend: svn
DEBUG:pip.vcs:Registered VCS backend: bzr
DEBUG:root:First member integer_number_value is mandatory = True
DEBUG:root:First member protocol_configuration_options is mandatory = True
DEBUG:root:First member throttling_delay_unit is mandatory = True
DEBUG:root:First member uplink_rate_limit is mandatory = True
DEBUG:root:First member channel_needed is mandatory = True
DEBUG:root:First member fqdn is mandatory = True
DEBUG:root:First member protocol_type is mandatory = True
DEBUG:root:First member service_indicator is mandatory = True
DEBUG:root:First member job_type is mandatory = True
DEBUG:root:First member recovery_restart_counter is mandatory = True
DEBUG:root:First member spare1 is mandatory = True
DEBUG:root:First member mcc_digit_2 is mandatory = True
DEBUG:root:First member absolute_time_of_mbms_data_transfer_value_part is mandatory = True
DEBUG:root:First member length_of_node_name is mandatory = True
DEBUG:root:First member detach_type is mandatory = True
DEBUG:root:First member remote_ue_ip_information is mandatory = True
DEBUG:root:First member bearer_context is mandatory = True
DEBUG:root:First member spare1 is mandatory = True
DEBUG:root:First member number_digit is mandatory = False
DEBUG:root:Non-mandatory member number_digit 
DEBUG:root:Non-mandatory member filler 
DEBUG:pip.utils:lzma module is not available
DEBUG:pip.vcs:Registered VCS backend: git
DEBUG:pip.vcs:Registered VCS backend: hg
DEBUG:pip.vcs:Registered VCS backend: svn
DEBUG:pip.vcs:Registered VCS backend: bzr
DEBUG:root:First member integer_number_value is mandatory = True
DEBUG:root:First member protocol_configuration_options is mandatory = True
DEBUG:root:First member throttling_delay_unit is mandatory = True
DEBUG:root:First member uplink_rate_limit is mandatory = True
DEBUG:root:First member channel_needed is mandatory = True
DEBUG:root:First member fqdn is mandatory = True
DEBUG:root:First member protocol_type is mandatory = True
DEBUG:root:First member service_indicator is mandatory = True
DEBUG:root:First member job_type is mandatory = True
DEBUG:root:First member recovery_restart_counter is mandatory = True
DEBUG:root:First member spare1 is mandatory = True
DEBUG:root:First member mcc_digit_2 is mandatory = True
DEBUG:root:First member absolute_time_of_mbms_data_transfer_value_part is mandatory = True
DEBUG:root:First member length_of_node_name is mandatory = True
DEBUG:root:First member detach_type is mandatory = True
DEBUG:root:First member remote_ue_ip_information is mandatory = True
DEBUG:root:First member bearer_context is mandatory = True
DEBUG:root:First member spare1 is mandatory = True
DEBUG:root:First member number_digit is mandatory = False
DEBUG:root:Non-mandatory member number_digit 
DEBUG:root:Non-mandatory member filler 
DEBUG:root:First member spare1 is mandatory = True
DEBUG:root:First member length_of_node_number is mandatory = True
DEBUG:root:First member length_of_extended_access_restriction_data is mandatory = True
DEBUG:root:Non-mandatory member authentication_quadruplet 
DEBUG:root:Non-mandatory member authentication_quintuplet 
DEBUG:root:Non-mandatory member ue_network_capability 
DEBUG:root:Non-mandatory member ms_network_capability 
DEBUG:root:Non-mandatory member voice_domain_preference_and_ues_usage_setting 
DEBUG:root:Non-mandatory member ue_radio_capability_for_paging_information 
DEBUG:root:Non-mandatory member ue_additional_security_capability 
DEBUG:root:Non-mandatory member ue_nr_security_capability 
DEBUG:root:First member mapped_ue_usage_type is mandatory = True
DEBUG:root:First member spare1 is mandatory = True
DEBUG:root:First member ipv4_or_ipv6_address is mandatory = True
DEBUG:root:First member delay_value is mandatory = True
DEBUG:root:First member time_zone is mandatory = True
DEBUG:root:First member spare1 is mandatory = True
DEBUG:root:First member pra_identifier is mandatory = True
DEBUG:root:First member spare1 is mandatory = True
DEBUG:root:First member spare1 is mandatory = True
DEBUG:root:First member emlpp_priority is mandatory = True
DEBUG:root:First member port_number is mandatory = True
DEBUG:root:First member mcc_digit_2 is mandatory = True
DEBUG:root:First member spare1 is mandatory = True
DEBUG:root:First member scef_reference_id is mandatory = True
DEBUG:root:Non-mandatory member remaining_number_of_reports 
DEBUG:root:First member spare1 is mandatory = True
DEBUG:root:First member plmn_id is mandatory = True
DEBUG:root:First member access_point_name is mandatory = True
DEBUG:root:First member spare1 is mandatory = True
DEBUG:root:First member spare1 is mandatory = True
DEBUG:root:First member mcc_digit_2 is mandatory = True
DEBUG:root:First member spare1 is mandatory = True
DEBUG:root:First member spare1 is mandatory = True
DEBUG:root:First member mcc_digit_2 is mandatory = True
DEBUG:root:First member extended_protocol_configuration_options is mandatory = True
DEBUG:root:First member common_tunnel_endpoint_identifier is mandatory = True
DEBUG:root:First member label_qci is mandatory = True
DEBUG:root:First member spare1 is mandatory = True
DEBUG:root:First member daf is mandatory = True
DEBUG:root:First member cause_value is mandatory = True
DEBUG:root:First member number_digit is mandatory = False
DEBUG:root:Non-mandatory member number_digit 
DEBUG:root:Non-mandatory member digit_pad 
DEBUG:root:First member spare1 is mandatory = True
DEBUG:root:First member length_of_the_mobile_station_classmark_2 is mandatory = True
DEBUG:root:First member spare1 is mandatory = True
DEBUG:root:First member millisecond_time_stamp_value is mandatory = True
DEBUG:root:First member spare1 is mandatory = True
DEBUG:root:First member rfsp_index is mandatory = True
DEBUG:root:First member eps_bearer_level_traffic_flow_template is mandatory = True
DEBUG:root:First member security_mode is mandatory = True
DEBUG:root:Non-mandatory member authentication_quintuplets 
DEBUG:root:Non-mandatory member ue_network_capability 
DEBUG:root:Non-mandatory member ms_network_capability 
DEBUG:root:Non-mandatory member mobile_equipment_identity 
DEBUG:root:Non-mandatory member voice_domain_preference_and_ues_usage_setting 
DEBUG:root:First member teid_gre_key is mandatory = True
DEBUG:root:Non-mandatory member ipv4_address 
DEBUG:root:Non-mandatory member ipv6_address_ 
DEBUG:root:First member ldn is mandatory = True
DEBUG:root:First member procedure_transaction_id is mandatory = True
DEBUG:root:First member spare1 is mandatory = True
DEBUG:root:First member spare1 is mandatory = True
DEBUG:root:Non-mandatory member tais 
DEBUG:root:Non-mandatory member macro_enb_ids 
DEBUG:root:Non-mandatory member home_enb_ids 
DEBUG:root:Non-mandatory member ecgis 
DEBUG:root:Non-mandatory member rais 
DEBUG:root:Non-mandatory member sais 
DEBUG:root:Non-mandatory member cgis 
DEBUG:root:Non-mandatory member extended_macro_enb_ids 
DEBUG:root:First member twan_identifier_timestamp_value is mandatory = True
DEBUG:root:First member spare1 is mandatory = True
DEBUG:root:First member spare1 is mandatory = True
DEBUG:root:First member security_mode is mandatory = True
DEBUG:root:Non-mandatory member authentication_triplet 
DEBUG:root:Non-mandatory member ue_network_capability 
DEBUG:root:Non-mandatory member ms_network_capability 
DEBUG:root:Non-mandatory member mobile_equipment_identity 
DEBUG:root:Non-mandatory member voice_domain_preference_and_ue_usage_setting 
DEBUG:root:First member security_mode is mandatory = True
DEBUG:root:Non-mandatory member authentication_quintuplet 
DEBUG:root:Non-mandatory member ue_network_capability 
DEBUG:root:Non-mandatory member ms_network_capability 
DEBUG:root:Non-mandatory member mobile_equipment_identity 
DEBUG:root:Non-mandatory member voice_domain_preference_and_ues_usage_setting 
DEBUG:root:First member enterprise_id is mandatory = True
DEBUG:root:First member spare1 is mandatory = True
DEBUG:root:First member load_control_information is mandatory = True
DEBUG:root:First member charging_id_value is mandatory = True
DEBUG:root:First member mcc_digit_2 is mandatory = True
DEBUG:root:First member charging_characteristics_value is mandatory = True
DEBUG:root:First member mbms_session_duration is mandatory = True
DEBUG:root:First member security_mode is mandatory = True
DEBUG:root:Non-mandatory member authentication_quadruplet 
DEBUG:root:Non-mandatory member authentication_quintuplet 
DEBUG:root:Non-mandatory member ue_network_capability 
DEBUG:root:Non-mandatory member ms_network_capability 
DEBUG:root:Non-mandatory member mobile_equipment_identity 
DEBUG:root:Non-mandatory member voice_domain_preference_and_ues_usage_setting 
DEBUG:root:First member mbms_time_to_data_transfer_value_part is mandatory = True
DEBUG:root:First member remote_ue_context is mandatory = True
DEBUG:root:First member action is mandatory = True
DEBUG:root:First member mbms_session_duration is mandatory = True
DEBUG:root:First member traffic_aggregate_description is mandatory = True
DEBUG:root:First member p_tmsi_signature is mandatory = True
DEBUG:root:First member mcc_digit_2 is mandatory = True
DEBUG:root:First member timer_unit is mandatory = True
DEBUG:root:First member number_of_ecgi_fields is mandatory = True
DEBUG:root:Non-mandatory member ecgi_list_of_m_ecgi_fields_ 
DEBUG:root:First member rat_type is mandatory = True
DEBUG:root:First member mbms_session_identifier is mandatory = True
DEBUG:root:First member scef_pdn_connection is mandatory = True
DEBUG:root:First member restriction_type_value is mandatory = True
DEBUG:root:First member spare1 is mandatory = True
DEBUG:root:First member hop_counter is mandatory = True
DEBUG:root:First member transaction_identifier is mandatory = True
DEBUG:root:First member spare1 is mandatory = True
DEBUG:root:First member hsgw_address_for_forwarding_length is mandatory = True
DEBUG:root:First member tmgi is mandatory = True
DEBUG:root:First member security_mode is mandatory = True
DEBUG:root:Non-mandatory member authentication_quintuplet 
DEBUG:root:Non-mandatory member ue_network_capability 
DEBUG:root:Non-mandatory member ms_network_capability 
DEBUG:root:Non-mandatory member mobile_equipment_identity 
DEBUG:root:Non-mandatory member voice_domain_preference_and_ues_usage_setting 
DEBUG:root:First member uli_timestamp_value is mandatory = True
DEBUG:root:First member sequence_number is mandatory = True
DEBUG:root:First member relative_capacity is mandatory = True
DEBUG:root:First member rohc_profiles is mandatory = True
DEBUG:root:First member metric is mandatory = True
DEBUG:root:First member tmsi is mandatory = True
DEBUG:root:First member node_type is mandatory = True
DEBUG:root:First member spare1 is mandatory = True
DEBUG:root:First member node_id_type is mandatory = True
DEBUG:root:Non-mandatory member pdn_connection_set_identifier 
DEBUG:root:First member packet_tmsi is mandatory = True
DEBUG:root:First member mbms_flow_identifer is mandatory = True
DEBUG:root:First member spare1 is mandatory = True
DEBUG:root:First member spare1 is mandatory = True
DEBUG:root:First member rrc_container is mandatory = True
DEBUG:root:First member spare1 is mandatory = True
DEBUG:root:First member spare1 is mandatory = True
DEBUG:root:First member additional_protocol_configuration_options is mandatory = True
DEBUG:root:First member apn-ambr_for_uplink is mandatory = True
DEBUG:root:First member spare1 is mandatory = True
DEBUG:root:First member spare1 is mandatory = True
DEBUG:root:First member spare1 is mandatory = True
DEBUG:root:First member target_type is mandatory = True
DEBUG:root:First member complete_request_message_type is mandatory = True
DEBUG:root:First member overload_control_information is mandatory = True
DEBUG:root:First member target_cell_id is mandatory = True
DEBUG:root:First member subnet_prefix_length is mandatory = True
DEBUG:root:First member extended_macro_enodeb_id is mandatory = True
DEBUG:root:Non-mandatory member cgi1 
DEBUG:root:Non-mandatory member sai1 
DEBUG:root:Non-mandatory member rai1 
DEBUG:root:Non-mandatory member tai1 
DEBUG:root:Non-mandatory member ecgi1 
DEBUG:root:Non-mandatory member lai1 
DEBUG:root:Non-mandatory member macro_enodeb_id1 
DEBUG:root:Non-mandatory member extended_macro_enodeb_id1 
DEBUG:root:First member spare1 is mandatory = True
DEBUG:root:First member pdn_connection is mandatory = True
DEBUG:root:First member timestamp_value is mandatory = True
DEBUG:root:First member international_mobile_equipment_identity is mandatory = False
DEBUG:root:Non-mandatory member international_mobile_equipment_identity 
DEBUG:root:First member spare1 is mandatory = True
DEBUG:root:First member supported-features is mandatory = True
DEBUG:root:


>>>>>>>>>>>>>>>> Reference Statistics <<<<<<<<<<<<<<<<<<<<


DEBUG:root:

Unknown Items


DEBUG:root:


DEBUG:pip.utils:lzma module is not available
DEBUG:pip.vcs:Registered VCS backend: git
DEBUG:pip.vcs:Registered VCS backend: hg
DEBUG:pip.vcs:Registered VCS backend: svn
DEBUG:pip.vcs:Registered VCS backend: bzr
DEBUG:root:First member integer_number_value is mandatory = True
DEBUG:root:First member protocol_configuration_options is mandatory = True
DEBUG:root:First member throttling_delay_unit is mandatory = True
DEBUG:root:First member uplink_rate_limit is mandatory = True
DEBUG:root:First member channel_needed is mandatory = True
DEBUG:root:First member fqdn is mandatory = True
DEBUG:root:First member protocol_type is mandatory = True
DEBUG:root:First member service_indicator is mandatory = True
DEBUG:root:First member job_type is mandatory = True
DEBUG:root:First member recovery_restart_counter is mandatory = True
DEBUG:root:First member spare1 is mandatory = True
DEBUG:root:First member mcc_digit_2 is mandatory = True
DEBUG:root:First member absolute_time_of_mbms_data_transfer_value_part is mandatory = True
DEBUG:root:First member length_of_node_name is mandatory = True
DEBUG:root:First member detach_type is mandatory = True
DEBUG:root:First member remote_ue_ip_information is mandatory = True
DEBUG:root:First member bearer_context is mandatory = True
DEBUG:root:First member spare1 is mandatory = True
DEBUG:root:First member number_digit is mandatory = False
DEBUG:root:Non-mandatory member number_digit 
DEBUG:root:Non-mandatory member filler 
DEBUG:root:First member spare1 is mandatory = True
DEBUG:root:First member length_of_node_number is mandatory = True
DEBUG:root:First member length_of_extended_access_restriction_data is mandatory = True
DEBUG:root:Non-mandatory member authentication_quadruplet 
DEBUG:root:Non-mandatory member authentication_quintuplet 
DEBUG:root:Non-mandatory member ue_network_capability 
DEBUG:root:Non-mandatory member ms_network_capability 
DEBUG:root:Non-mandatory member voice_domain_preference_and_ues_usage_setting 
DEBUG:root:Non-mandatory member ue_radio_capability_for_paging_information 
DEBUG:root:Non-mandatory member ue_additional_security_capability 
DEBUG:root:Non-mandatory member ue_nr_security_capability 
DEBUG:root:First member mapped_ue_usage_type is mandatory = True
DEBUG:root:First member spare1 is mandatory = True
DEBUG:root:First member ipv4_or_ipv6_address is mandatory = True
DEBUG:root:First member delay_value is mandatory = True
DEBUG:root:First member time_zone is mandatory = True
DEBUG:root:First member spare1 is mandatory = True
DEBUG:root:First member pra_identifier is mandatory = True
DEBUG:root:First member spare1 is mandatory = True
DEBUG:root:First member spare1 is mandatory = True
DEBUG:root:First member emlpp_priority is mandatory = True
DEBUG:root:First member port_number is mandatory = True
DEBUG:root:First member mcc_digit_2 is mandatory = True
DEBUG:root:First member spare1 is mandatory = True
DEBUG:root:First member scef_reference_id is mandatory = True
DEBUG:root:Non-mandatory member remaining_number_of_reports 
DEBUG:root:First member spare1 is mandatory = True
DEBUG:root:First member plmn_id is mandatory = True
DEBUG:root:First member access_point_name is mandatory = True
DEBUG:root:First member spare1 is mandatory = True
DEBUG:root:First member spare1 is mandatory = True
DEBUG:root:First member mcc_digit_2 is mandatory = True
DEBUG:root:First member spare1 is mandatory = True
DEBUG:root:First member spare1 is mandatory = True
DEBUG:root:First member mcc_digit_2 is mandatory = True
DEBUG:root:First member extended_protocol_configuration_options is mandatory = True
DEBUG:root:First member common_tunnel_endpoint_identifier is mandatory = True
DEBUG:root:First member label_qci is mandatory = True
DEBUG:root:First member spare1 is mandatory = True
DEBUG:root:First member daf is mandatory = True
DEBUG:root:First member cause_value is mandatory = True
DEBUG:root:First member number_digit is mandatory = False
DEBUG:root:Non-mandatory member number_digit 
DEBUG:root:Non-mandatory member digit_pad 
DEBUG:root:First member spare1 is mandatory = True
DEBUG:root:First member length_of_the_mobile_station_classmark_2 is mandatory = True
DEBUG:root:First member spare1 is mandatory = True
DEBUG:root:First member millisecond_time_stamp_value is mandatory = True
DEBUG:root:First member spare1 is mandatory = True
DEBUG:root:First member rfsp_index is mandatory = True
DEBUG:root:First member eps_bearer_level_traffic_flow_template is mandatory = True
DEBUG:root:First member security_mode is mandatory = True
DEBUG:root:Non-mandatory member authentication_quintuplets 
DEBUG:root:Non-mandatory member ue_network_capability 
DEBUG:root:Non-mandatory member ms_network_capability 
DEBUG:root:Non-mandatory member mobile_equipment_identity 
DEBUG:root:Non-mandatory member voice_domain_preference_and_ues_usage_setting 
DEBUG:root:First member teid_gre_key is mandatory = True
DEBUG:root:Non-mandatory member ipv4_address 
DEBUG:root:Non-mandatory member ipv6_address_ 
DEBUG:root:First member ldn is mandatory = True
DEBUG:root:First member procedure_transaction_id is mandatory = True
DEBUG:root:First member spare1 is mandatory = True
DEBUG:root:First member spare1 is mandatory = True
DEBUG:root:Non-mandatory member tais 
DEBUG:root:Non-mandatory member macro_enb_ids 
DEBUG:root:Non-mandatory member home_enb_ids 
DEBUG:root:Non-mandatory member ecgis 
DEBUG:root:Non-mandatory member rais 
DEBUG:root:Non-mandatory member sais 
DEBUG:root:Non-mandatory member cgis 
DEBUG:root:Non-mandatory member extended_macro_enb_ids 
DEBUG:root:First member twan_identifier_timestamp_value is mandatory = True
DEBUG:root:First member spare1 is mandatory = True
DEBUG:root:First member spare1 is mandatory = True
DEBUG:root:First member security_mode is mandatory = True
DEBUG:root:Non-mandatory member authentication_triplet 
DEBUG:root:Non-mandatory member ue_network_capability 
DEBUG:root:Non-mandatory member ms_network_capability 
DEBUG:root:Non-mandatory member mobile_equipment_identity 
DEBUG:root:Non-mandatory member voice_domain_preference_and_ue_usage_setting 
DEBUG:root:First member security_mode is mandatory = True
DEBUG:root:Non-mandatory member authentication_quintuplet 
DEBUG:root:Non-mandatory member ue_network_capability 
DEBUG:root:Non-mandatory member ms_network_capability 
DEBUG:root:Non-mandatory member mobile_equipment_identity 
DEBUG:root:Non-mandatory member voice_domain_preference_and_ues_usage_setting 
DEBUG:root:First member enterprise_id is mandatory = True
DEBUG:root:First member spare1 is mandatory = True
DEBUG:root:First member load_control_information is mandatory = True
DEBUG:root:First member charging_id_value is mandatory = True
DEBUG:root:First member mcc_digit_2 is mandatory = True
DEBUG:root:First member charging_characteristics_value is mandatory = True
DEBUG:root:First member mbms_session_duration is mandatory = True
DEBUG:root:First member security_mode is mandatory = True
DEBUG:root:Non-mandatory member authentication_quadruplet 
DEBUG:root:Non-mandatory member authentication_quintuplet 
DEBUG:root:Non-mandatory member ue_network_capability 
DEBUG:root:Non-mandatory member ms_network_capability 
DEBUG:root:Non-mandatory member mobile_equipment_identity 
DEBUG:root:Non-mandatory member voice_domain_preference_and_ues_usage_setting 
DEBUG:root:First member mbms_time_to_data_transfer_value_part is mandatory = True
DEBUG:root:First member remote_ue_context is mandatory = True
DEBUG:root:First member action is mandatory = True
DEBUG:root:First member mbms_session_duration is mandatory = True
DEBUG:root:First member traffic_aggregate_description is mandatory = True
DEBUG:root:First member p_tmsi_signature is mandatory = True
DEBUG:root:First member mcc_digit_2 is mandatory = True
DEBUG:root:First member timer_unit is mandatory = True
DEBUG:root:First member number_of_ecgi_fields is mandatory = True
DEBUG:root:Non-mandatory member ecgi_list_of_m_ecgi_fields_ 
DEBUG:root:First member rat_type is mandatory = True
DEBUG:root:First member mbms_session_identifier is mandatory = True
DEBUG:root:First member scef_pdn_connection is mandatory = True
DEBUG:root:First member restriction_type_value is mandatory = True
DEBUG:root:First member spare1 is mandatory = True
DEBUG:root:First member hop_counter is mandatory = True
DEBUG:root:First member transaction_identifier is mandatory = True
DEBUG:root:First member spare1 is mandatory = True
DEBUG:root:First member hsgw_address_for_forwarding_length is mandatory = True
DEBUG:root:First member tmgi is mandatory = True
DEBUG:root:First member security_mode is mandatory = True
DEBUG:root:Non-mandatory member authentication_quintuplet 
DEBUG:root:Non-mandatory member ue_network_capability 
DEBUG:root:Non-mandatory member ms_network_capability 
DEBUG:root:Non-mandatory member mobile_equipment_identity 
DEBUG:root:Non-mandatory member voice_domain_preference_and_ues_usage_setting 
DEBUG:root:First member uli_timestamp_value is mandatory = True
DEBUG:root:First member sequence_number is mandatory = True
DEBUG:root:First member relative_capacity is mandatory = True
DEBUG:root:First member rohc_profiles is mandatory = True
DEBUG:root:First member metric is mandatory = True
DEBUG:root:First member tmsi is mandatory = True
DEBUG:root:First member node_type is mandatory = True
DEBUG:root:First member spare1 is mandatory = True
DEBUG:root:First member node_id_type is mandatory = True
DEBUG:root:Non-mandatory member pdn_connection_set_identifier 
DEBUG:root:First member packet_tmsi is mandatory = True
DEBUG:root:First member mbms_flow_identifer is mandatory = True
DEBUG:root:First member spare1 is mandatory = True
DEBUG:root:First member spare1 is mandatory = True
DEBUG:root:First member rrc_container is mandatory = True
DEBUG:root:First member spare1 is mandatory = True
DEBUG:root:First member spare1 is mandatory = True
DEBUG:root:First member additional_protocol_configuration_options is mandatory = True
DEBUG:root:First member apn-ambr_for_uplink is mandatory = True
DEBUG:root:First member spare1 is mandatory = True
DEBUG:root:First member spare1 is mandatory = True
DEBUG:root:First member spare1 is mandatory = True
DEBUG:root:First member target_type is mandatory = True
DEBUG:root:First member complete_request_message_type is mandatory = True
DEBUG:root:First member overload_control_information is mandatory = True
DEBUG:root:First member target_cell_id is mandatory = True
DEBUG:root:First member subnet_prefix_length is mandatory = True
DEBUG:root:First member extended_macro_enodeb_id is mandatory = True
DEBUG:root:Non-mandatory member cgi1 
DEBUG:root:Non-mandatory member sai1 
DEBUG:root:Non-mandatory member rai1 
DEBUG:root:Non-mandatory member tai1 
DEBUG:root:Non-mandatory member ecgi1 
DEBUG:root:Non-mandatory member lai1 
DEBUG:root:Non-mandatory member macro_enodeb_id1 
DEBUG:root:Non-mandatory member extended_macro_enodeb_id1 
DEBUG:root:First member spare1 is mandatory = True
DEBUG:root:First member pdn_connection is mandatory = True
DEBUG:root:First member timestamp_value is mandatory = True
DEBUG:root:First member international_mobile_equipment_identity is mandatory = False
DEBUG:root:Non-mandatory member international_mobile_equipment_identity 
DEBUG:root:First member spare1 is mandatory = True
DEBUG:root:First member supported-features is mandatory = True
DEBUG:root:


>>>>>>>>>>>>>>>> Reference Statistics <<<<<<<<<<<<<<<<<<<<


DEBUG:root:

Unknown Items


DEBUG:root:


DEBUG:pip.utils:lzma module is not available
DEBUG:pip.vcs:Registered VCS backend: git
DEBUG:pip.vcs:Registered VCS backend: hg
DEBUG:pip.vcs:Registered VCS backend: svn
DEBUG:pip.vcs:Registered VCS backend: bzr
DEBUG:root:First member integer_number_value is mandatory = True
DEBUG:root:First member protocol_configuration_options is mandatory = True
DEBUG:root:First member throttling_delay_unit is mandatory = True
DEBUG:root:First member uplink_rate_limit is mandatory = True
DEBUG:root:First member channel_needed is mandatory = True
DEBUG:root:First member fqdn is mandatory = True
DEBUG:root:First member protocol_type is mandatory = True
DEBUG:root:First member service_indicator is mandatory = True
DEBUG:root:First member job_type is mandatory = True
DEBUG:root:First member recovery_restart_counter is mandatory = True
DEBUG:root:First member spare1 is mandatory = True
DEBUG:root:First member mcc_digit_2 is mandatory = True
DEBUG:root:First member absolute_time_of_mbms_data_transfer_value_part is mandatory = True
DEBUG:root:First member length_of_node_name is mandatory = True
DEBUG:root:First member detach_type is mandatory = True
DEBUG:root:First member remote_ue_ip_information is mandatory = True
DEBUG:root:First member bearer_context is mandatory = True
DEBUG:root:First member spare1 is mandatory = True
DEBUG:root:First member number_digit is mandatory = False
DEBUG:root:Non-mandatory member number_digit 
DEBUG:root:Non-mandatory member filler 
DEBUG:root:First member spare1 is mandatory = True
DEBUG:root:First member length_of_node_number is mandatory = True
DEBUG:root:First member length_of_extended_access_restriction_data is mandatory = True
DEBUG:root:Non-mandatory member authentication_quadruplet 
DEBUG:root:Non-mandatory member authentication_quintuplet 
DEBUG:root:Non-mandatory member ue_network_capability 
DEBUG:root:Non-mandatory member ms_network_capability 
DEBUG:root:Non-mandatory member voice_domain_preference_and_ues_usage_setting 
DEBUG:root:Non-mandatory member ue_radio_capability_for_paging_information 
DEBUG:root:Non-mandatory member ue_additional_security_capability 
DEBUG:root:Non-mandatory member ue_nr_security_capability 
DEBUG:root:First member mapped_ue_usage_type is mandatory = True
DEBUG:root:First member spare1 is mandatory = True
DEBUG:root:First member ipv4_or_ipv6_address is mandatory = True
DEBUG:root:First member delay_value is mandatory = True
DEBUG:root:First member time_zone is mandatory = True
DEBUG:root:First member spare1 is mandatory = True
DEBUG:root:First member pra_identifier is mandatory = True
DEBUG:root:First member spare1 is mandatory = True
DEBUG:root:First member spare1 is mandatory = True
DEBUG:root:First member emlpp_priority is mandatory = True
DEBUG:root:First member port_number is mandatory = True
DEBUG:root:First member mcc_digit_2 is mandatory = True
DEBUG:root:First member spare1 is mandatory = True
DEBUG:root:First member scef_reference_id is mandatory = True
DEBUG:root:Non-mandatory member remaining_number_of_reports 
DEBUG:root:First member spare1 is mandatory = True
DEBUG:root:First member plmn_id is mandatory = True
DEBUG:root:First member access_point_name is mandatory = True
DEBUG:root:First member spare1 is mandatory = True
DEBUG:root:First member spare1 is mandatory = True
DEBUG:root:First member mcc_digit_2 is mandatory = True
DEBUG:root:First member spare1 is mandatory = True
DEBUG:root:First member spare1 is mandatory = True
DEBUG:root:First member mcc_digit_2 is mandatory = True
DEBUG:root:First member extended_protocol_configuration_options is mandatory = True
DEBUG:root:First member common_tunnel_endpoint_identifier is mandatory = True
DEBUG:root:First member label_qci is mandatory = True
DEBUG:root:First member spare1 is mandatory = True
DEBUG:root:First member daf is mandatory = True
DEBUG:root:First member cause_value is mandatory = True
DEBUG:root:First member number_digit is mandatory = False
DEBUG:root:Non-mandatory member number_digit 
DEBUG:root:Non-mandatory member digit_pad 
DEBUG:root:First member spare1 is mandatory = True
DEBUG:root:First member length_of_the_mobile_station_classmark_2 is mandatory = True
DEBUG:root:First member spare1 is mandatory = True
DEBUG:root:First member millisecond_time_stamp_value is mandatory = True
DEBUG:root:First member spare1 is mandatory = True
DEBUG:root:First member rfsp_index is mandatory = True
DEBUG:root:First member eps_bearer_level_traffic_flow_template is mandatory = True
DEBUG:root:First member security_mode is mandatory = True
DEBUG:root:Non-mandatory member authentication_quintuplets 
DEBUG:root:Non-mandatory member ue_network_capability 
DEBUG:root:Non-mandatory member ms_network_capability 
DEBUG:root:Non-mandatory member mobile_equipment_identity 
DEBUG:root:Non-mandatory member voice_domain_preference_and_ues_usage_setting 
DEBUG:root:First member teid_gre_key is mandatory = True
DEBUG:root:Non-mandatory member ipv4_address 
DEBUG:root:Non-mandatory member ipv6_address_ 
DEBUG:root:First member ldn is mandatory = True
DEBUG:root:First member procedure_transaction_id is mandatory = True
DEBUG:root:First member spare1 is mandatory = True
DEBUG:root:First member spare1 is mandatory = True
DEBUG:root:Non-mandatory member tais 
DEBUG:root:Non-mandatory member macro_enb_ids 
DEBUG:root:Non-mandatory member home_enb_ids 
DEBUG:root:Non-mandatory member ecgis 
DEBUG:root:Non-mandatory member rais 
DEBUG:root:Non-mandatory member sais 
DEBUG:root:Non-mandatory member cgis 
DEBUG:root:Non-mandatory member extended_macro_enb_ids 
DEBUG:root:First member twan_identifier_timestamp_value is mandatory = True
DEBUG:root:First member spare1 is mandatory = True
DEBUG:root:First member spare1 is mandatory = True
DEBUG:root:First member security_mode is mandatory = True
DEBUG:root:Non-mandatory member authentication_triplet 
DEBUG:root:Non-mandatory member ue_network_capability 
DEBUG:root:Non-mandatory member ms_network_capability 
DEBUG:root:Non-mandatory member mobile_equipment_identity 
DEBUG:root:Non-mandatory member voice_domain_preference_and_ue_usage_setting 
DEBUG:root:First member security_mode is mandatory = True
DEBUG:root:Non-mandatory member authentication_quintuplet 
DEBUG:root:Non-mandatory member ue_network_capability 
DEBUG:root:Non-mandatory member ms_network_capability 
DEBUG:root:Non-mandatory member mobile_equipment_identity 
DEBUG:root:Non-mandatory member voice_domain_preference_and_ues_usage_setting 
DEBUG:root:First member enterprise_id is mandatory = True
DEBUG:root:First member spare1 is mandatory = True
DEBUG:root:First member load_control_information is mandatory = True
DEBUG:root:First member charging_id_value is mandatory = True
DEBUG:root:First member mcc_digit_2 is mandatory = True
DEBUG:root:First member charging_characteristics_value is mandatory = True
DEBUG:root:First member mbms_session_duration is mandatory = True
DEBUG:root:First member security_mode is mandatory = True
DEBUG:root:Non-mandatory member authentication_quadruplet 
DEBUG:root:Non-mandatory member authentication_quintuplet 
DEBUG:root:Non-mandatory member ue_network_capability 
DEBUG:root:Non-mandatory member ms_network_capability 
DEBUG:root:Non-mandatory member mobile_equipment_identity 
DEBUG:root:Non-mandatory member voice_domain_preference_and_ues_usage_setting 
DEBUG:root:First member mbms_time_to_data_transfer_value_part is mandatory = True
DEBUG:root:First member remote_ue_context is mandatory = True
DEBUG:root:First member action is mandatory = True
DEBUG:root:First member mbms_session_duration is mandatory = True
DEBUG:root:First member traffic_aggregate_description is mandatory = True
DEBUG:root:First member p_tmsi_signature is mandatory = True
DEBUG:root:First member mcc_digit_2 is mandatory = True
DEBUG:root:First member timer_unit is mandatory = True
DEBUG:root:First member number_of_ecgi_fields is mandatory = True
DEBUG:root:Non-mandatory member ecgi_list_of_m_ecgi_fields_ 
DEBUG:root:First member rat_type is mandatory = True
DEBUG:root:First member mbms_session_identifier is mandatory = True
DEBUG:root:First member scef_pdn_connection is mandatory = True
DEBUG:root:First member restriction_type_value is mandatory = True
DEBUG:root:First member spare1 is mandatory = True
DEBUG:root:First member hop_counter is mandatory = True
DEBUG:root:First member transaction_identifier is mandatory = True
DEBUG:root:First member spare1 is mandatory = True
DEBUG:root:First member hsgw_address_for_forwarding_length is mandatory = True
DEBUG:root:First member tmgi is mandatory = True
DEBUG:root:First member security_mode is mandatory = True
DEBUG:root:Non-mandatory member authentication_quintuplet 
DEBUG:root:Non-mandatory member ue_network_capability 
DEBUG:root:Non-mandatory member ms_network_capability 
DEBUG:root:Non-mandatory member mobile_equipment_identity 
DEBUG:root:Non-mandatory member voice_domain_preference_and_ues_usage_setting 
DEBUG:root:First member uli_timestamp_value is mandatory = True
DEBUG:root:First member sequence_number is mandatory = True
DEBUG:root:First member relative_capacity is mandatory = True
DEBUG:root:First member rohc_profiles is mandatory = True
DEBUG:root:First member metric is mandatory = True
DEBUG:root:First member tmsi is mandatory = True
DEBUG:root:First member node_type is mandatory = True
DEBUG:root:First member spare1 is mandatory = True
DEBUG:root:First member node_id_type is mandatory = True
DEBUG:root:Non-mandatory member pdn_connection_set_identifier 
DEBUG:root:First member packet_tmsi is mandatory = True
DEBUG:root:First member mbms_flow_identifer is mandatory = True
DEBUG:root:First member spare1 is mandatory = True
DEBUG:root:First member spare1 is mandatory = True
DEBUG:root:First member rrc_container is mandatory = True
DEBUG:root:First member spare1 is mandatory = True
DEBUG:root:First member spare1 is mandatory = True
DEBUG:root:First member additional_protocol_configuration_options is mandatory = True
DEBUG:root:First member apn-ambr_for_uplink is mandatory = True
DEBUG:root:First member spare1 is mandatory = True
DEBUG:root:First member spare1 is mandatory = True
DEBUG:root:First member spare1 is mandatory = True
DEBUG:root:First member target_type is mandatory = True
DEBUG:root:First member complete_request_message_type is mandatory = True
DEBUG:root:First member overload_control_information is mandatory = True
DEBUG:root:First member target_cell_id is mandatory = True
DEBUG:root:First member subnet_prefix_length is mandatory = True
DEBUG:root:First member extended_macro_enodeb_id is mandatory = True
DEBUG:root:Non-mandatory member cgi1 
DEBUG:root:Non-mandatory member sai1 
DEBUG:root:Non-mandatory member rai1 
DEBUG:root:Non-mandatory member tai1 
DEBUG:root:Non-mandatory member ecgi1 
DEBUG:root:Non-mandatory member lai1 
DEBUG:root:Non-mandatory member macro_enodeb_id1 
DEBUG:root:Non-mandatory member extended_macro_enodeb_id1 
DEBUG:root:First member spare1 is mandatory = True
DEBUG:root:First member pdn_connection is mandatory = True
DEBUG:root:First member timestamp_value is mandatory = True
DEBUG:root:First member international_mobile_equipment_identity is mandatory = False
DEBUG:root:Non-mandatory member international_mobile_equipment_identity 
DEBUG:root:First member spare1 is mandatory = True
DEBUG:root:First member supported-features is mandatory = True
DEBUG:root:


>>>>>>>>>>>>>>>> Reference Statistics <<<<<<<<<<<<<<<<<<<<


DEBUG:root:

Unknown Items


DEBUG:root:


DEBUG:pip.utils:lzma module is not available
DEBUG:pip.vcs:Registered VCS backend: git
DEBUG:pip.vcs:Registered VCS backend: hg
DEBUG:pip.vcs:Registered VCS backend: svn
DEBUG:pip.vcs:Registered VCS backend: bzr
DEBUG:root:First member integer_number_value is mandatory = True
DEBUG:root:First member protocol_configuration_options is mandatory = True
DEBUG:root:First member throttling_delay_unit is mandatory = True
DEBUG:root:First member uplink_rate_limit is mandatory = True
DEBUG:root:First member channel_needed is mandatory = True
DEBUG:root:First member fqdn is mandatory = True
DEBUG:root:First member protocol_type is mandatory = True
DEBUG:root:First member service_indicator is mandatory = True
DEBUG:root:First member job_type is mandatory = True
DEBUG:root:First member recovery_restart_counter is mandatory = True
DEBUG:root:First member spare1 is mandatory = True
DEBUG:root:First member mcc_digit_2 is mandatory = True
DEBUG:root:First member absolute_time_of_mbms_data_transfer_value_part is mandatory = True
DEBUG:root:First member length_of_node_name is mandatory = True
DEBUG:root:First member detach_type is mandatory = True
DEBUG:root:First member remote_ue_ip_information is mandatory = True
DEBUG:root:First member bearer_context is mandatory = True
DEBUG:root:First member spare1 is mandatory = True
DEBUG:root:First member number_digit is mandatory = False
DEBUG:root:Non-mandatory member number_digit 
DEBUG:root:Non-mandatory member filler 
DEBUG:root:First member spare1 is mandatory = True
DEBUG:root:First member length_of_node_number is mandatory = True
DEBUG:root:First member length_of_extended_access_restriction_data is mandatory = True
DEBUG:root:Non-mandatory member authentication_quadruplet 
DEBUG:root:Non-mandatory member authentication_quintuplet 
DEBUG:root:Non-mandatory member ue_network_capability 
DEBUG:root:Non-mandatory member ms_network_capability 
DEBUG:root:Non-mandatory member voice_domain_preference_and_ues_usage_setting 
DEBUG:root:Non-mandatory member ue_radio_capability_for_paging_information 
DEBUG:root:Non-mandatory member ue_additional_security_capability 
DEBUG:root:Non-mandatory member ue_nr_security_capability 
DEBUG:root:First member mapped_ue_usage_type is mandatory = True
DEBUG:root:First member spare1 is mandatory = True
DEBUG:root:First member ipv4_or_ipv6_address is mandatory = True
DEBUG:root:First member delay_value is mandatory = True
DEBUG:root:First member time_zone is mandatory = True
DEBUG:root:First member spare1 is mandatory = True
DEBUG:root:First member pra_identifier is mandatory = True
DEBUG:root:First member spare1 is mandatory = True
DEBUG:root:First member spare1 is mandatory = True
DEBUG:root:First member emlpp_priority is mandatory = True
DEBUG:root:First member port_number is mandatory = True
DEBUG:root:First member mcc_digit_2 is mandatory = True
DEBUG:root:First member spare1 is mandatory = True
DEBUG:root:First member scef_reference_id is mandatory = True
DEBUG:root:Non-mandatory member remaining_number_of_reports 
DEBUG:root:First member spare1 is mandatory = True
DEBUG:root:First member plmn_id is mandatory = True
DEBUG:root:First member access_point_name is mandatory = True
DEBUG:root:First member spare1 is mandatory = True
DEBUG:root:First member spare1 is mandatory = True
DEBUG:root:First member mcc_digit_2 is mandatory = True
DEBUG:root:First member spare1 is mandatory = True
DEBUG:root:First member spare1 is mandatory = True
DEBUG:root:First member mcc_digit_2 is mandatory = True
DEBUG:root:First member extended_protocol_configuration_options is mandatory = True
DEBUG:root:First member common_tunnel_endpoint_identifier is mandatory = True
DEBUG:root:First member label_qci is mandatory = True
DEBUG:root:First member spare1 is mandatory = True
DEBUG:root:First member daf is mandatory = True
DEBUG:root:First member cause_value is mandatory = True
DEBUG:root:First member number_digit is mandatory = False
DEBUG:root:Non-mandatory member number_digit 
DEBUG:root:Non-mandatory member digit_pad 
DEBUG:root:First member spare1 is mandatory = True
DEBUG:root:First member length_of_the_mobile_station_classmark_2 is mandatory = True
DEBUG:root:First member spare1 is mandatory = True
DEBUG:root:First member millisecond_time_stamp_value is mandatory = True
DEBUG:root:First member spare1 is mandatory = True
DEBUG:root:First member rfsp_index is mandatory = True
DEBUG:root:First member eps_bearer_level_traffic_flow_template is mandatory = True
DEBUG:root:First member security_mode is mandatory = True
DEBUG:root:Non-mandatory member authentication_quintuplets 
DEBUG:root:Non-mandatory member ue_network_capability 
DEBUG:root:Non-mandatory member ms_network_capability 
DEBUG:root:Non-mandatory member mobile_equipment_identity 
DEBUG:root:Non-mandatory member voice_domain_preference_and_ues_usage_setting 
DEBUG:root:First member teid_gre_key is mandatory = True
DEBUG:root:Non-mandatory member ipv4_address 
DEBUG:root:Non-mandatory member ipv6_address_ 
DEBUG:root:First member ldn is mandatory = True
DEBUG:root:First member procedure_transaction_id is mandatory = True
DEBUG:root:First member spare1 is mandatory = True
DEBUG:root:First member spare1 is mandatory = True
DEBUG:root:Non-mandatory member tais 
DEBUG:root:Non-mandatory member macro_enb_ids 
DEBUG:root:Non-mandatory member home_enb_ids 
DEBUG:root:Non-mandatory member ecgis 
DEBUG:root:Non-mandatory member rais 
DEBUG:root:Non-mandatory member sais 
DEBUG:root:Non-mandatory member cgis 
DEBUG:root:Non-mandatory member extended_macro_enb_ids 
DEBUG:root:First member twan_identifier_timestamp_value is mandatory = True
DEBUG:root:First member spare1 is mandatory = True
DEBUG:root:First member spare1 is mandatory = True
DEBUG:root:First member security_mode is mandatory = True
DEBUG:root:Non-mandatory member authentication_triplet 
DEBUG:root:Non-mandatory member ue_network_capability 
DEBUG:root:Non-mandatory member ms_network_capability 
DEBUG:root:Non-mandatory member mobile_equipment_identity 
DEBUG:root:Non-mandatory member voice_domain_preference_and_ue_usage_setting 
DEBUG:root:First member security_mode is mandatory = True
DEBUG:root:Non-mandatory member authentication_quintuplet 
DEBUG:root:Non-mandatory member ue_network_capability 
DEBUG:root:Non-mandatory member ms_network_capability 
DEBUG:root:Non-mandatory member mobile_equipment_identity 
DEBUG:root:Non-mandatory member voice_domain_preference_and_ues_usage_setting 
DEBUG:root:First member enterprise_id is mandatory = True
DEBUG:root:First member spare1 is mandatory = True
DEBUG:root:First member load_control_information is mandatory = True
DEBUG:root:First member charging_id_value is mandatory = True
DEBUG:root:First member mcc_digit_2 is mandatory = True
DEBUG:root:First member charging_characteristics_value is mandatory = True
DEBUG:root:First member mbms_session_duration is mandatory = True
DEBUG:root:First member security_mode is mandatory = True
DEBUG:root:Non-mandatory member authentication_quadruplet 
DEBUG:root:Non-mandatory member authentication_quintuplet 
DEBUG:root:Non-mandatory member ue_network_capability 
DEBUG:root:Non-mandatory member ms_network_capability 
DEBUG:root:Non-mandatory member mobile_equipment_identity 
DEBUG:root:Non-mandatory member voice_domain_preference_and_ues_usage_setting 
DEBUG:root:First member mbms_time_to_data_transfer_value_part is mandatory = True
DEBUG:root:First member remote_ue_context is mandatory = True
DEBUG:root:First member action is mandatory = True
DEBUG:root:First member mbms_session_duration is mandatory = True
DEBUG:root:First member traffic_aggregate_description is mandatory = True
DEBUG:root:First member p_tmsi_signature is mandatory = True
DEBUG:root:First member mcc_digit_2 is mandatory = True
DEBUG:root:First member timer_unit is mandatory = True
DEBUG:root:First member number_of_ecgi_fields is mandatory = True
DEBUG:root:Non-mandatory member ecgi_list_of_m_ecgi_fields_ 
DEBUG:root:First member rat_type is mandatory = True
DEBUG:root:First member mbms_session_identifier is mandatory = True
DEBUG:root:First member scef_pdn_connection is mandatory = True
DEBUG:root:First member restriction_type_value is mandatory = True
DEBUG:root:First member spare1 is mandatory = True
DEBUG:root:First member hop_counter is mandatory = True
DEBUG:root:First member transaction_identifier is mandatory = True
DEBUG:root:First member spare1 is mandatory = True
DEBUG:root:First member hsgw_address_for_forwarding_length is mandatory = True
DEBUG:root:First member tmgi is mandatory = True
DEBUG:root:First member security_mode is mandatory = True
DEBUG:root:Non-mandatory member authentication_quintuplet 
DEBUG:root:Non-mandatory member ue_network_capability 
DEBUG:root:Non-mandatory member ms_network_capability 
DEBUG:root:Non-mandatory member mobile_equipment_identity 
DEBUG:root:Non-mandatory member voice_domain_preference_and_ues_usage_setting 
DEBUG:root:First member uli_timestamp_value is mandatory = True
DEBUG:root:First member sequence_number is mandatory = True
DEBUG:root:First member relative_capacity is mandatory = True
DEBUG:root:First member rohc_profiles is mandatory = True
DEBUG:root:First member metric is mandatory = True
DEBUG:root:First member tmsi is mandatory = True
DEBUG:root:First member node_type is mandatory = True
DEBUG:root:First member spare1 is mandatory = True
DEBUG:root:First member node_id_type is mandatory = True
DEBUG:root:Non-mandatory member pdn_connection_set_identifier 
DEBUG:root:First member packet_tmsi is mandatory = True
DEBUG:root:First member mbms_flow_identifer is mandatory = True
DEBUG:root:First member spare1 is mandatory = True
DEBUG:root:First member spare1 is mandatory = True
DEBUG:root:First member rrc_container is mandatory = True
DEBUG:root:First member spare1 is mandatory = True
DEBUG:root:First member spare1 is mandatory = True
DEBUG:root:First member additional_protocol_configuration_options is mandatory = True
DEBUG:root:First member apn-ambr_for_uplink is mandatory = True
DEBUG:root:First member spare1 is mandatory = True
DEBUG:root:First member spare1 is mandatory = True
DEBUG:root:First member spare1 is mandatory = True
DEBUG:root:First member target_type is mandatory = True
DEBUG:root:First member complete_request_message_type is mandatory = True
DEBUG:root:First member overload_control_information is mandatory = True
DEBUG:root:First member target_cell_id is mandatory = True
DEBUG:root:First member subnet_prefix_length is mandatory = True
DEBUG:root:First member extended_macro_enodeb_id is mandatory = True
DEBUG:root:Non-mandatory member cgi1 
DEBUG:root:Non-mandatory member sai1 
DEBUG:root:Non-mandatory member rai1 
DEBUG:root:Non-mandatory member tai1 
DEBUG:root:Non-mandatory member ecgi1 
DEBUG:root:Non-mandatory member lai1 
DEBUG:root:Non-mandatory member macro_enodeb_id1 
DEBUG:root:Non-mandatory member extended_macro_enodeb_id1 
DEBUG:root:First member spare1 is mandatory = True
DEBUG:root:First member pdn_connection is mandatory = True
DEBUG:root:First member timestamp_value is mandatory = True
DEBUG:root:First member international_mobile_equipment_identity is mandatory = False
DEBUG:root:Non-mandatory member international_mobile_equipment_identity 
DEBUG:root:First member spare1 is mandatory = True
DEBUG:root:First member supported-features is mandatory = True
DEBUG:root:


>>>>>>>>>>>>>>>> Reference Statistics <<<<<<<<<<<<<<<<<<<<


DEBUG:root:

Unknown Items


DEBUG:root:


DEBUG:pip.utils:lzma module is not available
DEBUG:pip.vcs:Registered VCS backend: git
DEBUG:pip.vcs:Registered VCS backend: hg
DEBUG:pip.vcs:Registered VCS backend: svn
DEBUG:pip.vcs:Registered VCS backend: bzr
DEBUG:root:First member integer_number_value is mandatory = True
DEBUG:root:First member protocol_configuration_options is mandatory = True
DEBUG:root:First member throttling_delay_unit is mandatory = True
DEBUG:root:First member uplink_rate_limit is mandatory = True
DEBUG:root:First member channel_needed is mandatory = True
DEBUG:root:First member fqdn is mandatory = True
DEBUG:root:First member protocol_type is mandatory = True
DEBUG:root:First member service_indicator is mandatory = True
DEBUG:root:First member job_type is mandatory = True
DEBUG:root:First member recovery_restart_counter is mandatory = True
DEBUG:root:First member spare1 is mandatory = True
DEBUG:root:First member mcc_digit_2 is mandatory = True
DEBUG:root:First member absolute_time_of_mbms_data_transfer_value_part is mandatory = True
DEBUG:root:First member length_of_node_name is mandatory = True
DEBUG:root:First member detach_type is mandatory = True
DEBUG:root:First member remote_ue_ip_information is mandatory = True
DEBUG:root:First member bearer_context is mandatory = True
DEBUG:root:First member spare1 is mandatory = True
DEBUG:root:First member number_digit is mandatory = False
DEBUG:root:Non-mandatory member number_digit 
DEBUG:root:Non-mandatory member filler 
DEBUG:root:First member spare1 is mandatory = True
DEBUG:root:First member length_of_node_number is mandatory = True
DEBUG:root:First member length_of_extended_access_restriction_data is mandatory = True
DEBUG:root:Non-mandatory member authentication_quadruplet 
DEBUG:root:Non-mandatory member authentication_quintuplet 
DEBUG:root:Non-mandatory member ue_network_capability 
DEBUG:root:Non-mandatory member ms_network_capability 
DEBUG:root:Non-mandatory member voice_domain_preference_and_ues_usage_setting 
DEBUG:root:Non-mandatory member ue_radio_capability_for_paging_information 
DEBUG:root:Non-mandatory member ue_additional_security_capability 
DEBUG:root:Non-mandatory member ue_nr_security_capability 
DEBUG:root:First member mapped_ue_usage_type is mandatory = True
DEBUG:root:First member spare1 is mandatory = True
DEBUG:root:First member ipv4_or_ipv6_address is mandatory = True
DEBUG:root:First member delay_value is mandatory = True
DEBUG:root:First member time_zone is mandatory = True
DEBUG:root:First member spare1 is mandatory = True
DEBUG:root:First member pra_identifier is mandatory = True
DEBUG:root:First member spare1 is mandatory = True
DEBUG:root:First member spare1 is mandatory = True
DEBUG:root:First member emlpp_priority is mandatory = True
DEBUG:root:First member port_number is mandatory = True
DEBUG:root:First member mcc_digit_2 is mandatory = True
DEBUG:root:First member spare1 is mandatory = True
DEBUG:root:First member scef_reference_id is mandatory = True
DEBUG:root:Non-mandatory member remaining_number_of_reports 
DEBUG:root:First member spare1 is mandatory = True
DEBUG:root:First member plmn_id is mandatory = True
DEBUG:root:First member access_point_name is mandatory = True
DEBUG:root:First member spare1 is mandatory = True
DEBUG:root:First member spare1 is mandatory = True
DEBUG:root:First member mcc_digit_2 is mandatory = True
DEBUG:root:First member spare1 is mandatory = True
DEBUG:root:First member spare1 is mandatory = True
DEBUG:root:First member mcc_digit_2 is mandatory = True
DEBUG:root:First member extended_protocol_configuration_options is mandatory = True
DEBUG:root:First member common_tunnel_endpoint_identifier is mandatory = True
DEBUG:root:First member label_qci is mandatory = True
DEBUG:root:First member spare1 is mandatory = True
DEBUG:root:First member daf is mandatory = True
DEBUG:root:First member cause_value is mandatory = True
DEBUG:root:First member number_digit is mandatory = False
DEBUG:root:Non-mandatory member number_digit 
DEBUG:root:Non-mandatory member digit_pad 
DEBUG:root:First member spare1 is mandatory = True
DEBUG:root:First member length_of_the_mobile_station_classmark_2 is mandatory = True
DEBUG:root:First member spare1 is mandatory = True
DEBUG:root:First member millisecond_time_stamp_value is mandatory = True
DEBUG:root:First member spare1 is mandatory = True
DEBUG:root:First member rfsp_index is mandatory = True
DEBUG:root:First member eps_bearer_level_traffic_flow_template is mandatory = True
DEBUG:root:First member security_mode is mandatory = True
DEBUG:root:Non-mandatory member authentication_quintuplets 
DEBUG:root:Non-mandatory member ue_network_capability 
DEBUG:root:Non-mandatory member ms_network_capability 
DEBUG:root:Non-mandatory member mobile_equipment_identity 
DEBUG:root:Non-mandatory member voice_domain_preference_and_ues_usage_setting 
DEBUG:root:First member teid_gre_key is mandatory = True
DEBUG:root:Non-mandatory member ipv4_address 
DEBUG:root:Non-mandatory member ipv6_address_ 
DEBUG:root:First member ldn is mandatory = True
DEBUG:root:First member procedure_transaction_id is mandatory = True
DEBUG:root:First member spare1 is mandatory = True
DEBUG:root:First member spare1 is mandatory = True
DEBUG:root:Non-mandatory member tais 
DEBUG:root:Non-mandatory member macro_enb_ids 
DEBUG:root:Non-mandatory member home_enb_ids 
DEBUG:root:Non-mandatory member ecgis 
DEBUG:root:Non-mandatory member rais 
DEBUG:root:Non-mandatory member sais 
DEBUG:root:Non-mandatory member cgis 
DEBUG:root:Non-mandatory member extended_macro_enb_ids 
DEBUG:root:First member twan_identifier_timestamp_value is mandatory = True
DEBUG:root:First member spare1 is mandatory = True
DEBUG:root:First member spare1 is mandatory = True
DEBUG:root:First member security_mode is mandatory = True
DEBUG:root:Non-mandatory member authentication_triplet 
DEBUG:root:Non-mandatory member ue_network_capability 
DEBUG:root:Non-mandatory member ms_network_capability 
DEBUG:root:Non-mandatory member mobile_equipment_identity 
DEBUG:root:Non-mandatory member voice_domain_preference_and_ue_usage_setting 
DEBUG:root:First member security_mode is mandatory = True
DEBUG:root:Non-mandatory member authentication_quintuplet 
DEBUG:root:Non-mandatory member ue_network_capability 
DEBUG:root:Non-mandatory member ms_network_capability 
DEBUG:root:Non-mandatory member mobile_equipment_identity 
DEBUG:root:Non-mandatory member voice_domain_preference_and_ues_usage_setting 
DEBUG:root:First member enterprise_id is mandatory = True
DEBUG:root:First member spare1 is mandatory = True
DEBUG:root:First member load_control_information is mandatory = True
DEBUG:root:First member charging_id_value is mandatory = True
DEBUG:root:First member mcc_digit_2 is mandatory = True
DEBUG:root:First member charging_characteristics_value is mandatory = True
DEBUG:root:First member mbms_session_duration is mandatory = True
DEBUG:root:First member security_mode is mandatory = True
DEBUG:root:Non-mandatory member authentication_quadruplet 
DEBUG:root:Non-mandatory member authentication_quintuplet 
DEBUG:root:Non-mandatory member ue_network_capability 
DEBUG:root:Non-mandatory member ms_network_capability 
DEBUG:root:Non-mandatory member mobile_equipment_identity 
DEBUG:root:Non-mandatory member voice_domain_preference_and_ues_usage_setting 
DEBUG:root:First member mbms_time_to_data_transfer_value_part is mandatory = True
DEBUG:root:First member remote_ue_context is mandatory = True
DEBUG:root:First member action is mandatory = True
DEBUG:root:First member mbms_session_duration is mandatory = True
DEBUG:root:First member traffic_aggregate_description is mandatory = True
DEBUG:root:First member p_tmsi_signature is mandatory = True
DEBUG:root:First member mcc_digit_2 is mandatory = True
DEBUG:root:First member timer_unit is mandatory = True
DEBUG:root:First member number_of_ecgi_fields is mandatory = True
DEBUG:root:Non-mandatory member ecgi_list_of_m_ecgi_fields_ 
DEBUG:root:First member rat_type is mandatory = True
DEBUG:root:First member mbms_session_identifier is mandatory = True
DEBUG:root:First member scef_pdn_connection is mandatory = True
DEBUG:root:First member restriction_type_value is mandatory = True
DEBUG:root:First member spare1 is mandatory = True
DEBUG:root:First member hop_counter is mandatory = True
DEBUG:root:First member transaction_identifier is mandatory = True
DEBUG:root:First member spare1 is mandatory = True
DEBUG:root:First member hsgw_address_for_forwarding_length is mandatory = True
DEBUG:root:First member tmgi is mandatory = True
DEBUG:root:First member security_mode is mandatory = True
DEBUG:root:Non-mandatory member authentication_quintuplet 
DEBUG:root:Non-mandatory member ue_network_capability 
DEBUG:root:Non-mandatory member ms_network_capability 
DEBUG:root:Non-mandatory member mobile_equipment_identity 
DEBUG:root:Non-mandatory member voice_domain_preference_and_ues_usage_setting 
DEBUG:root:First member uli_timestamp_value is mandatory = True
DEBUG:root:First member sequence_number is mandatory = True
DEBUG:root:First member relative_capacity is mandatory = True
DEBUG:root:First member rohc_profiles is mandatory = True
DEBUG:root:First member metric is mandatory = True
DEBUG:root:First member tmsi is mandatory = True
DEBUG:root:First member node_type is mandatory = True
DEBUG:root:First member spare1 is mandatory = True
DEBUG:root:First member node_id_type is mandatory = True
DEBUG:root:Non-mandatory member pdn_connection_set_identifier 
DEBUG:root:First member packet_tmsi is mandatory = True
DEBUG:root:First member mbms_flow_identifer is mandatory = True
DEBUG:root:First member spare1 is mandatory = True
DEBUG:root:First member spare1 is mandatory = True
DEBUG:root:First member rrc_container is mandatory = True
DEBUG:root:First member spare1 is mandatory = True
DEBUG:root:First member spare1 is mandatory = True
DEBUG:root:First member additional_protocol_configuration_options is mandatory = True
DEBUG:root:First member apn-ambr_for_uplink is mandatory = True
DEBUG:root:First member spare1 is mandatory = True
DEBUG:root:First member spare1 is mandatory = True
DEBUG:root:First member spare1 is mandatory = True
DEBUG:root:First member target_type is mandatory = True
DEBUG:root:First member complete_request_message_type is mandatory = True
DEBUG:root:First member overload_control_information is mandatory = True
DEBUG:root:First member target_cell_id is mandatory = True
DEBUG:root:First member subnet_prefix_length is mandatory = True
DEBUG:root:First member extended_macro_enodeb_id is mandatory = True
DEBUG:root:Non-mandatory member cgi1 
DEBUG:root:Non-mandatory member sai1 
DEBUG:root:Non-mandatory member rai1 
DEBUG:root:Non-mandatory member tai1 
DEBUG:root:Non-mandatory member ecgi1 
DEBUG:root:Non-mandatory member lai1 
DEBUG:root:Non-mandatory member macro_enodeb_id1 
DEBUG:root:Non-mandatory member extended_macro_enodeb_id1 
DEBUG:root:First member spare1 is mandatory = True
DEBUG:root:First member pdn_connection is mandatory = True
DEBUG:root:First member timestamp_value is mandatory = True
DEBUG:root:First member international_mobile_equipment_identity is mandatory = False
DEBUG:root:Non-mandatory member international_mobile_equipment_identity 
DEBUG:root:First member spare1 is mandatory = True
DEBUG:root:First member supported-features is mandatory = True
DEBUG:root:


>>>>>>>>>>>>>>>> Reference Statistics <<<<<<<<<<<<<<<<<<<<


DEBUG:root:

Unknown Items


DEBUG:root:


